<?xml version="1.0"?>
<link_info>
   <banner>MSP430 Linker PC v4.2.1</banner>
   <copyright>Copyright (c) 2003-2013 Texas Instruments Incorporated</copyright>
   <link_time>0x5289372a</link_time>
   <link_errors>0x0</link_errors>
   <output_file>Drystone_Vortex_FCC.out</output_file>
   <entry_point>
      <name>_c_int00</name>
      <address>0x446a</address>
   </entry_point>
   <input_file_list>
      <input_file id="fl-2">
         <path>.\HAL\</path>
         <kind>object</kind>
         <file>mrfi_board.obj</file>
         <name>mrfi_board.obj</name>
      </input_file>
      <input_file id="fl-3">
         <path>.\HAL\</path>
         <kind>object</kind>
         <file>HAL_device.obj</file>
         <name>HAL_device.obj</name>
      </input_file>
      <input_file id="fl-4">
         <path>.\HAL\</path>
         <kind>object</kind>
         <file>HAL_F5_board.obj</file>
         <name>HAL_F5_board.obj</name>
      </input_file>
      <input_file id="fl-5">
         <path>.\SimpliciTI\Components\mrfi\</path>
         <kind>object</kind>
         <file>mrfi.obj</file>
         <name>mrfi.obj</name>
      </input_file>
      <input_file id="fl-6">
         <path>.\SimpliciTI\Components\mrfi\radios\</path>
         <kind>object</kind>
         <file>mrfi_spi.obj</file>
         <name>mrfi_spi.obj</name>
      </input_file>
      <input_file id="fl-7">
         <path>.\SimpliciTI\Components\mrfi\radios\</path>
         <kind>object</kind>
         <file>mrfi_radio.obj</file>
         <name>mrfi_radio.obj</name>
      </input_file>
      <input_file id="fl-8">
         <path>.\SimpliciTI\Components\mrfi\radios\</path>
         <kind>object</kind>
         <file>mrfi_f1f2.obj</file>
         <name>mrfi_f1f2.obj</name>
      </input_file>
      <input_file id="fl-9">
         <path>.\SimpliciTI\Components\simpliciti\nwk\</path>
         <kind>object</kind>
         <file>nwk_globals.obj</file>
         <name>nwk_globals.obj</name>
      </input_file>
      <input_file id="fl-a">
         <path>.\SimpliciTI\Components\simpliciti\nwk\</path>
         <kind>object</kind>
         <file>nwk_frame.obj</file>
         <name>nwk_frame.obj</name>
      </input_file>
      <input_file id="fl-b">
         <path>.\SimpliciTI\Components\simpliciti\nwk\</path>
         <kind>object</kind>
         <file>nwk_api.obj</file>
         <name>nwk_api.obj</name>
      </input_file>
      <input_file id="fl-c">
         <path>.\SimpliciTI\Components\simpliciti\nwk\</path>
         <kind>object</kind>
         <file>nwk_QMgmt.obj</file>
         <name>nwk_QMgmt.obj</name>
      </input_file>
      <input_file id="fl-d">
         <path>.\SimpliciTI\Components\simpliciti\nwk\</path>
         <kind>object</kind>
         <file>nwk.obj</file>
         <name>nwk.obj</name>
      </input_file>
      <input_file id="fl-e">
         <path>.\SimpliciTI\Components\simpliciti\nwk_applications\</path>
         <kind>object</kind>
         <file>nwk_security.obj</file>
         <name>nwk_security.obj</name>
      </input_file>
      <input_file id="fl-f">
         <path>.\SimpliciTI\Components\simpliciti\nwk_applications\</path>
         <kind>object</kind>
         <file>nwk_ping.obj</file>
         <name>nwk_ping.obj</name>
      </input_file>
      <input_file id="fl-10">
         <path>.\SimpliciTI\Components\simpliciti\nwk_applications\</path>
         <kind>object</kind>
         <file>nwk_mgmt.obj</file>
         <name>nwk_mgmt.obj</name>
      </input_file>
      <input_file id="fl-11">
         <path>.\SimpliciTI\Components\simpliciti\nwk_applications\</path>
         <kind>object</kind>
         <file>nwk_link.obj</file>
         <name>nwk_link.obj</name>
      </input_file>
      <input_file id="fl-12">
         <path>.\SimpliciTI\Components\simpliciti\nwk_applications\</path>
         <kind>object</kind>
         <file>nwk_join.obj</file>
         <name>nwk_join.obj</name>
      </input_file>
      <input_file id="fl-13">
         <path>.\SimpliciTI\Components\simpliciti\nwk_applications\</path>
         <kind>object</kind>
         <file>nwk_ioctl.obj</file>
         <name>nwk_ioctl.obj</name>
      </input_file>
      <input_file id="fl-14">
         <path>.\SimpliciTI\Components\simpliciti\nwk_applications\</path>
         <kind>object</kind>
         <file>nwk_freq.obj</file>
         <name>nwk_freq.obj</name>
      </input_file>
      <input_file id="fl-15">
         <path>.\SimpliciTI\</path>
         <kind>object</kind>
         <file>bsp_glue.obj</file>
         <name>bsp_glue.obj</name>
      </input_file>
      <input_file id="fl-16">
         <path>.\SimpliciTI\</path>
         <kind>object</kind>
         <file>FCC_radio_interface.obj</file>
         <name>FCC_radio_interface.obj</name>
      </input_file>
      <input_file id="fl-17">
         <path>.\User\</path>
         <kind>object</kind>
         <file>Drystone_Vortex_FCC_main.obj</file>
         <name>Drystone_Vortex_FCC_main.obj</name>
      </input_file>
      <input_file id="fl-18">
         <path>.\User\</path>
         <kind>object</kind>
         <file>Drystone_Vortex.obj</file>
         <name>Drystone_Vortex.obj</name>
      </input_file>
      <input_file id="fl-38">
         <path>C:\ti_ccs\ccsv5\tools\compiler\msp430_4.2.1\lib\</path>
         <kind>archive</kind>
         <file>rts430x_lc_sd_eabi.lib</file>
         <name>asr32.obj</name>
      </input_file>
      <input_file id="fl-39">
         <path>C:\ti_ccs\ccsv5\tools\compiler\msp430_4.2.1\lib\</path>
         <kind>archive</kind>
         <file>rts430x_lc_sd_eabi.lib</file>
         <name>boot.obj</name>
      </input_file>
      <input_file id="fl-3a">
         <path>C:\ti_ccs\ccsv5\tools\compiler\msp430_4.2.1\lib\</path>
         <kind>archive</kind>
         <file>rts430x_lc_sd_eabi.lib</file>
         <name>copy_decompress_none.obj</name>
      </input_file>
      <input_file id="fl-3b">
         <path>C:\ti_ccs\ccsv5\tools\compiler\msp430_4.2.1\lib\</path>
         <kind>archive</kind>
         <file>rts430x_lc_sd_eabi.lib</file>
         <name>copy_decompress_rle.obj</name>
      </input_file>
      <input_file id="fl-3c">
         <path>C:\ti_ccs\ccsv5\tools\compiler\msp430_4.2.1\lib\</path>
         <kind>archive</kind>
         <file>rts430x_lc_sd_eabi.lib</file>
         <name>copy_zero_init.obj</name>
      </input_file>
      <input_file id="fl-3d">
         <path>C:\ti_ccs\ccsv5\tools\compiler\msp430_4.2.1\lib\</path>
         <kind>archive</kind>
         <file>rts430x_lc_sd_eabi.lib</file>
         <name>cpy_util.obj</name>
      </input_file>
      <input_file id="fl-3e">
         <path>C:\ti_ccs\ccsv5\tools\compiler\msp430_4.2.1\lib\</path>
         <kind>archive</kind>
         <file>rts430x_lc_sd_eabi.lib</file>
         <name>div16s.obj</name>
      </input_file>
      <input_file id="fl-3f">
         <path>C:\ti_ccs\ccsv5\tools\compiler\msp430_4.2.1\lib\</path>
         <kind>archive</kind>
         <file>rts430x_lc_sd_eabi.lib</file>
         <name>div16u.obj</name>
      </input_file>
      <input_file id="fl-40">
         <path>C:\ti_ccs\ccsv5\tools\compiler\msp430_4.2.1\lib\</path>
         <kind>archive</kind>
         <file>rts430x_lc_sd_eabi.lib</file>
         <name>div32u.obj</name>
      </input_file>
      <input_file id="fl-41">
         <path>C:\ti_ccs\ccsv5\tools\compiler\msp430_4.2.1\lib\</path>
         <kind>archive</kind>
         <file>rts430x_lc_sd_eabi.lib</file>
         <name>exit.obj</name>
      </input_file>
      <input_file id="fl-42">
         <path>C:\ti_ccs\ccsv5\tools\compiler\msp430_4.2.1\lib\</path>
         <kind>archive</kind>
         <file>rts430x_lc_sd_eabi.lib</file>
         <name>fs_tou.obj</name>
      </input_file>
      <input_file id="fl-43">
         <path>C:\ti_ccs\ccsv5\tools\compiler\msp430_4.2.1\lib\</path>
         <kind>archive</kind>
         <file>rts430x_lc_sd_eabi.lib</file>
         <name>int41.obj</name>
      </input_file>
      <input_file id="fl-44">
         <path>C:\ti_ccs\ccsv5\tools\compiler\msp430_4.2.1\lib\</path>
         <kind>archive</kind>
         <file>rts430x_lc_sd_eabi.lib</file>
         <name>int43.obj</name>
      </input_file>
      <input_file id="fl-45">
         <path>C:\ti_ccs\ccsv5\tools\compiler\msp430_4.2.1\lib\</path>
         <kind>archive</kind>
         <file>rts430x_lc_sd_eabi.lib</file>
         <name>int44.obj</name>
      </input_file>
      <input_file id="fl-46">
         <path>C:\ti_ccs\ccsv5\tools\compiler\msp430_4.2.1\lib\</path>
         <kind>archive</kind>
         <file>rts430x_lc_sd_eabi.lib</file>
         <name>int45.obj</name>
      </input_file>
      <input_file id="fl-47">
         <path>C:\ti_ccs\ccsv5\tools\compiler\msp430_4.2.1\lib\</path>
         <kind>archive</kind>
         <file>rts430x_lc_sd_eabi.lib</file>
         <name>int46.obj</name>
      </input_file>
      <input_file id="fl-48">
         <path>C:\ti_ccs\ccsv5\tools\compiler\msp430_4.2.1\lib\</path>
         <kind>archive</kind>
         <file>rts430x_lc_sd_eabi.lib</file>
         <name>int48.obj</name>
      </input_file>
      <input_file id="fl-49">
         <path>C:\ti_ccs\ccsv5\tools\compiler\msp430_4.2.1\lib\</path>
         <kind>archive</kind>
         <file>rts430x_lc_sd_eabi.lib</file>
         <name>int49.obj</name>
      </input_file>
      <input_file id="fl-4a">
         <path>C:\ti_ccs\ccsv5\tools\compiler\msp430_4.2.1\lib\</path>
         <kind>archive</kind>
         <file>rts430x_lc_sd_eabi.lib</file>
         <name>int50.obj</name>
      </input_file>
      <input_file id="fl-4b">
         <path>C:\ti_ccs\ccsv5\tools\compiler\msp430_4.2.1\lib\</path>
         <kind>archive</kind>
         <file>rts430x_lc_sd_eabi.lib</file>
         <name>int51.obj</name>
      </input_file>
      <input_file id="fl-4c">
         <path>C:\ti_ccs\ccsv5\tools\compiler\msp430_4.2.1\lib\</path>
         <kind>archive</kind>
         <file>rts430x_lc_sd_eabi.lib</file>
         <name>int52.obj</name>
      </input_file>
      <input_file id="fl-4d">
         <path>C:\ti_ccs\ccsv5\tools\compiler\msp430_4.2.1\lib\</path>
         <kind>archive</kind>
         <file>rts430x_lc_sd_eabi.lib</file>
         <name>int54.obj</name>
      </input_file>
      <input_file id="fl-4e">
         <path>C:\ti_ccs\ccsv5\tools\compiler\msp430_4.2.1\lib\</path>
         <kind>archive</kind>
         <file>rts430x_lc_sd_eabi.lib</file>
         <name>int55.obj</name>
      </input_file>
      <input_file id="fl-4f">
         <path>C:\ti_ccs\ccsv5\tools\compiler\msp430_4.2.1\lib\</path>
         <kind>archive</kind>
         <file>rts430x_lc_sd_eabi.lib</file>
         <name>int56.obj</name>
      </input_file>
      <input_file id="fl-50">
         <path>C:\ti_ccs\ccsv5\tools\compiler\msp430_4.2.1\lib\</path>
         <kind>archive</kind>
         <file>rts430x_lc_sd_eabi.lib</file>
         <name>int57.obj</name>
      </input_file>
      <input_file id="fl-51">
         <path>C:\ti_ccs\ccsv5\tools\compiler\msp430_4.2.1\lib\</path>
         <kind>archive</kind>
         <file>rts430x_lc_sd_eabi.lib</file>
         <name>int58.obj</name>
      </input_file>
      <input_file id="fl-52">
         <path>C:\ti_ccs\ccsv5\tools\compiler\msp430_4.2.1\lib\</path>
         <kind>archive</kind>
         <file>rts430x_lc_sd_eabi.lib</file>
         <name>int60.obj</name>
      </input_file>
      <input_file id="fl-53">
         <path>C:\ti_ccs\ccsv5\tools\compiler\msp430_4.2.1\lib\</path>
         <kind>archive</kind>
         <file>rts430x_lc_sd_eabi.lib</file>
         <name>int61.obj</name>
      </input_file>
      <input_file id="fl-54">
         <path>C:\ti_ccs\ccsv5\tools\compiler\msp430_4.2.1\lib\</path>
         <kind>archive</kind>
         <file>rts430x_lc_sd_eabi.lib</file>
         <name>int62.obj</name>
      </input_file>
      <input_file id="fl-55">
         <path>C:\ti_ccs\ccsv5\tools\compiler\msp430_4.2.1\lib\</path>
         <kind>archive</kind>
         <file>rts430x_lc_sd_eabi.lib</file>
         <name>isr_trap.obj</name>
      </input_file>
      <input_file id="fl-56">
         <path>C:\ti_ccs\ccsv5\tools\compiler\msp430_4.2.1\lib\</path>
         <kind>archive</kind>
         <file>rts430x_lc_sd_eabi.lib</file>
         <name>memcmp.obj</name>
      </input_file>
      <input_file id="fl-57">
         <path>C:\ti_ccs\ccsv5\tools\compiler\msp430_4.2.1\lib\</path>
         <kind>archive</kind>
         <file>rts430x_lc_sd_eabi.lib</file>
         <name>memcpy.obj</name>
      </input_file>
      <input_file id="fl-58">
         <path>C:\ti_ccs\ccsv5\tools\compiler\msp430_4.2.1\lib\</path>
         <kind>archive</kind>
         <file>rts430x_lc_sd_eabi.lib</file>
         <name>memmov.obj</name>
      </input_file>
      <input_file id="fl-59">
         <path>C:\ti_ccs\ccsv5\tools\compiler\msp430_4.2.1\lib\</path>
         <kind>archive</kind>
         <file>rts430x_lc_sd_eabi.lib</file>
         <name>memset.obj</name>
      </input_file>
      <input_file id="fl-5a">
         <path>C:\ti_ccs\ccsv5\tools\compiler\msp430_4.2.1\lib\</path>
         <kind>archive</kind>
         <file>rts430x_lc_sd_eabi.lib</file>
         <name>mult16_f5hw.obj</name>
      </input_file>
      <input_file id="fl-5b">
         <path>C:\ti_ccs\ccsv5\tools\compiler\msp430_4.2.1\lib\</path>
         <kind>archive</kind>
         <file>rts430x_lc_sd_eabi.lib</file>
         <name>mult32_f5hw.obj</name>
      </input_file>
      <input_file id="fl-5c">
         <path>C:\ti_ccs\ccsv5\tools\compiler\msp430_4.2.1\lib\</path>
         <kind>archive</kind>
         <file>rts430x_lc_sd_eabi.lib</file>
         <name>_lock.obj</name>
      </input_file>
      <input_file id="fl-5d">
         <path>C:\ti_ccs\ccsv5\tools\compiler\msp430_4.2.1\lib\</path>
         <kind>archive</kind>
         <file>rts430x_lc_sd_eabi.lib</file>
         <name>args_main.obj</name>
      </input_file>
      <input_file id="fl-5e">
         <path>C:\ti_ccs\ccsv5\tools\compiler\msp430_4.2.1\lib\</path>
         <kind>archive</kind>
         <file>rts430x_lc_sd_eabi.lib</file>
         <name>autoinit.obj</name>
      </input_file>
   </input_file_list>
   <object_component_list>
      <object_component id="oc-93">
         <name>.stack</name>
         <uninitialized>true</uninitialized>
         <run_address>0x4360</run_address>
         <size>0x2</size>
         <input_file_ref idref="fl-39"/>
      </object_component>
      <object_component id="oc-565">
         <name>.stack</name>
         <uninitialized>true</uninitialized>
         <run_address>0x4360</run_address>
         <size>0x0</size>
      </object_component>
      <object_component id="oc-453">
         <name>.text:smpl_send_link_reply</name>
         <load_address>0x44b4</load_address>
         <run_address>0x44b4</run_address>
         <size>0x1fa</size>
         <input_file_ref idref="fl-11"/>
      </object_component>
      <object_component id="oc-1e3">
         <name>.text:MRFI_Init</name>
         <load_address>0x46ae</load_address>
         <run_address>0x46ae</run_address>
         <size>0x1f8</size>
         <input_file_ref idref="fl-7"/>
      </object_component>
      <object_component id="oc-30f">
         <name>.text:nwk_QfindOldest</name>
         <load_address>0x48a6</load_address>
         <run_address>0x48a6</run_address>
         <size>0x1da</size>
         <input_file_ref idref="fl-c"/>
      </object_component>
      <object_component id="oc-262">
         <name>.text:dispatchFrame</name>
         <load_address>0x4a80</load_address>
         <run_address>0x4a80</run_address>
         <size>0x1a6</size>
         <input_file_ref idref="fl-a"/>
      </object_component>
      <object_component id="oc-4a1">
         <name>.text:nwk_allocateLocalRxPort</name>
         <load_address>0x4c26</load_address>
         <run_address>0x4c26</run_address>
         <size>0x14a</size>
         <input_file_ref idref="fl-d"/>
      </object_component>
      <object_component id="oc-45e">
         <name>.text:smpl_send_join_reply</name>
         <load_address>0x4d70</load_address>
         <run_address>0x4d70</run_address>
         <size>0x136</size>
         <input_file_ref idref="fl-12"/>
      </object_component>
      <object_component id="oc-43d">
         <name>.text:MRFI_Transmit</name>
         <load_address>0x4ea6</load_address>
         <run_address>0x4ea6</run_address>
         <size>0x110</size>
         <input_file_ref idref="fl-7"/>
      </object_component>
      <object_component id="oc-22e">
         <name>.text:nwk_retrieveFrame</name>
         <load_address>0x4fb6</load_address>
         <run_address>0x4fb6</run_address>
         <size>0xfc</size>
         <input_file_ref idref="fl-a"/>
      </object_component>
      <object_component id="oc-127">
         <name>.text:Mrfi_SyncPinRxIsr</name>
         <load_address>0x50b2</load_address>
         <run_address>0x50b2</run_address>
         <size>0xec</size>
         <input_file_ref idref="fl-7"/>
      </object_component>
      <object_component id="oc-47d">
         <name>.text:nwk_buildFrame</name>
         <load_address>0x519e</load_address>
         <run_address>0x519e</run_address>
         <size>0xe8</size>
         <input_file_ref idref="fl-a"/>
      </object_component>
      <object_component id="oc-d5">
         <name>.text:__TI_decompress_rle_core</name>
         <load_address>0x5286</load_address>
         <run_address>0x5286</run_address>
         <size>0xd8</size>
         <input_file_ref idref="fl-3b"/>
      </object_component>
      <object_component id="oc-258">
         <name>.text:nwk_QfindSlot</name>
         <load_address>0x535e</load_address>
         <run_address>0x535e</run_address>
         <size>0xd8</size>
         <input_file_ref idref="fl-c"/>
      </object_component>
      <object_component id="oc-33f">
         <name>.text:nwk_isConnectionValid</name>
         <load_address>0x5436</load_address>
         <run_address>0x5436</run_address>
         <size>0xcc</size>
         <input_file_ref idref="fl-d"/>
      </object_component>
      <object_component id="oc-349">
         <name>.text:isDupSandFFrame</name>
         <load_address>0x5502</load_address>
         <run_address>0x5502</run_address>
         <size>0xbc</size>
         <input_file_ref idref="fl-a"/>
      </object_component>
      <object_component id="oc-46c">
         <name>.text:send_poll_reply</name>
         <load_address>0x55be</load_address>
         <run_address>0x55be</run_address>
         <size>0xb6</size>
         <input_file_ref idref="fl-10"/>
      </object_component>
      <object_component id="oc-4d3">
         <name>.text:nwk_SendEmptyPollRspFrame</name>
         <load_address>0x5674</load_address>
         <run_address>0x5674</run_address>
         <size>0xb0</size>
         <input_file_ref idref="fl-a"/>
      </object_component>
      <object_component id="oc-3e5">
         <name>.text:nwk_sendAckReply</name>
         <load_address>0x5724</load_address>
         <run_address>0x5724</run_address>
         <size>0xac</size>
         <input_file_ref idref="fl-a"/>
      </object_component>
      <object_component id="oc-23c">
         <name>.text:spiBurstFifoAccess</name>
         <load_address>0x57d0</load_address>
         <run_address>0x57d0</run_address>
         <size>0xac</size>
         <input_file_ref idref="fl-6"/>
      </object_component>
      <object_component id="oc-4ce">
         <name>.text:nwk_getSandFFrame</name>
         <load_address>0x587c</load_address>
         <run_address>0x587c</run_address>
         <size>0x9a</size>
         <input_file_ref idref="fl-a"/>
      </object_component>
      <object_component id="oc-171">
         <name>.text:SMPL_LinkListen</name>
         <load_address>0x5916</load_address>
         <run_address>0x5916</run_address>
         <size>0x8e</size>
         <input_file_ref idref="fl-b"/>
      </object_component>
      <object_component id="oc-1e8">
         <name>.text:nwk_nwkInit</name>
         <load_address>0x59a4</load_address>
         <run_address>0x59a4</run_address>
         <size>0x8a</size>
         <input_file_ref idref="fl-d"/>
      </object_component>
      <object_component id="oc-4bd">
         <name>.text:nwk_saveJoinedDevice</name>
         <load_address>0x5a2e</load_address>
         <run_address>0x5a2e</run_address>
         <size>0x88</size>
         <input_file_ref idref="fl-d"/>
      </object_component>
      <object_component id="oc-458">
         <name>.text:smpl_send_unlink_reply</name>
         <load_address>0x5ab6</load_address>
         <run_address>0x5ab6</run_address>
         <size>0x84</size>
         <input_file_ref idref="fl-11"/>
      </object_component>
      <object_component id="oc-19d">
         <name>.text:MRFI_RxAddrIsFiltered</name>
         <load_address>0x5b3a</load_address>
         <run_address>0x5b3a</run_address>
         <size>0x70</size>
         <input_file_ref idref="fl-8"/>
      </object_component>
      <object_component id="oc-a9">
         <name>.text:_auto_init</name>
         <load_address>0x5baa</load_address>
         <run_address>0x5baa</run_address>
         <size>0x70</size>
         <input_file_ref idref="fl-5e"/>
      </object_component>
      <object_component id="oc-4b8">
         <name>.text:nwk_putNumObjectIntoMsg</name>
         <load_address>0x5c1a</load_address>
         <run_address>0x5c1a</run_address>
         <size>0x68</size>
         <input_file_ref idref="fl-d"/>
      </object_component>
      <object_component id="oc-466">
         <name>.text:send_ping_reply</name>
         <load_address>0x5c82</load_address>
         <run_address>0x5c82</run_address>
         <size>0x66</size>
         <input_file_ref idref="fl-14"/>
      </object_component>
      <object_component id="oc-3d8">
         <name>.text:nwk_processMgmt</name>
         <load_address>0x5ce8</load_address>
         <run_address>0x5ce8</run_address>
         <size>0x62</size>
         <input_file_ref idref="fl-10"/>
      </object_component>
      <object_component id="oc-17d">
         <name>.text:SMPL_Receive</name>
         <load_address>0x5d4a</load_address>
         <run_address>0x5d4a</run_address>
         <size>0x60</size>
         <input_file_ref idref="fl-b"/>
      </object_component>
      <object_component id="oc-497">
         <name>.text:nwk_findAlreadyJoined</name>
         <load_address>0x5daa</load_address>
         <run_address>0x5daa</run_address>
         <size>0x60</size>
         <input_file_ref idref="fl-d"/>
      </object_component>
      <object_component id="oc-236">
         <name>.text:spiRegAccess</name>
         <load_address>0x5e0a</load_address>
         <run_address>0x5e0a</run_address>
         <size>0x60</size>
         <input_file_ref idref="fl-6"/>
      </object_component>
      <object_component id="oc-191">
         <name>.text:mrfiSpiCmdStrobe</name>
         <load_address>0x5e6a</load_address>
         <run_address>0x5e6a</run_address>
         <size>0x5e</size>
         <input_file_ref idref="fl-6"/>
      </object_component>
      <object_component id="oc-4ad">
         <name>.text:nwk_findPeer</name>
         <load_address>0x5ec8</load_address>
         <run_address>0x5ec8</run_address>
         <size>0x5e</size>
         <input_file_ref idref="fl-d"/>
      </object_component>
      <object_component id="oc-48d">
         <name>.text:nwk_isLinkDuplicate</name>
         <load_address>0x5f26</load_address>
         <run_address>0x5f26</run_address>
         <size>0x5e</size>
         <input_file_ref idref="fl-d"/>
      </object_component>
      <object_component id="oc-13d">
         <name>.text:device_clk_init</name>
         <load_address>0x5f84</load_address>
         <run_address>0x5f84</run_address>
         <size>0x5c</size>
         <input_file_ref idref="fl-3"/>
      </object_component>
      <object_component id="oc-314">
         <name>.text:nwk_QadjustOrder</name>
         <load_address>0x5fe0</load_address>
         <run_address>0x5fe0</run_address>
         <size>0x5c</size>
         <input_file_ref idref="fl-c"/>
      </object_component>
      <object_component id="oc-4e5">
         <name>.text:initializeConnection</name>
         <load_address>0x603c</load_address>
         <run_address>0x603c</run_address>
         <size>0x5a</size>
         <input_file_ref idref="fl-d"/>
      </object_component>
      <object_component id="oc-20f">
         <name>.text:nwk_getLocalLinkID</name>
         <load_address>0x6096</load_address>
         <run_address>0x6096</run_address>
         <size>0x5a</size>
         <input_file_ref idref="fl-11"/>
      </object_component>
      <object_component id="oc-418">
         <name>.text:nwk_isValidReply</name>
         <load_address>0x60f0</load_address>
         <run_address>0x60f0</run_address>
         <size>0x5a</size>
         <input_file_ref idref="fl-d"/>
      </object_component>
      <object_component id="oc-29a">
         <name>.text</name>
         <load_address>0x614a</load_address>
         <run_address>0x614a</run_address>
         <size>0x58</size>
         <input_file_ref idref="fl-40"/>
      </object_component>
      <object_component id="oc-44d">
         <name>.text:smpl_send_ping_reply</name>
         <load_address>0x61a2</load_address>
         <run_address>0x61a2</run_address>
         <size>0x56</size>
         <input_file_ref idref="fl-f"/>
      </object_component>
      <object_component id="oc-1ed">
         <name>.text:MRFI_WakeUp</name>
         <load_address>0x61f8</load_address>
         <run_address>0x61f8</run_address>
         <size>0x54</size>
         <input_file_ref idref="fl-7"/>
      </object_component>
      <object_component id="oc-423">
         <name>.text:handleLinkRequest</name>
         <load_address>0x624c</load_address>
         <run_address>0x624c</run_address>
         <size>0x54</size>
         <input_file_ref idref="fl-11"/>
      </object_component>
      <object_component id="oc-49c">
         <name>.text:nwk_getNextConnection</name>
         <load_address>0x62a0</load_address>
         <run_address>0x62a0</run_address>
         <size>0x54</size>
         <input_file_ref idref="fl-d"/>
      </object_component>
      <object_component id="oc-344">
         <name>.text:nwk_isSandFClient</name>
         <load_address>0x62f4</load_address>
         <run_address>0x62f4</run_address>
         <size>0x54</size>
         <input_file_ref idref="fl-12"/>
      </object_component>
      <object_component id="oc-3c9">
         <name>.text:nwk_processJoin</name>
         <load_address>0x6348</load_address>
         <run_address>0x6348</run_address>
         <size>0x54</size>
         <input_file_ref idref="fl-12"/>
      </object_component>
      <object_component id="oc-3d3">
         <name>.text:nwk_processFreq</name>
         <load_address>0x639c</load_address>
         <run_address>0x639c</run_address>
         <size>0x52</size>
         <input_file_ref idref="fl-14"/>
      </object_component>
      <object_component id="oc-4c9">
         <name>.text:nwk_checkAppMsgTID</name>
         <load_address>0x63ee</load_address>
         <run_address>0x63ee</run_address>
         <size>0x50</size>
         <input_file_ref idref="fl-d"/>
      </object_component>
      <object_component id="oc-488">
         <name>.text:nwk_getNumObjectFromMsg</name>
         <load_address>0x643e</load_address>
         <run_address>0x643e</run_address>
         <size>0x4e</size>
         <input_file_ref idref="fl-d"/>
      </object_component>
      <object_component id="oc-1a3">
         <name>.text:Mrfi_CalculateRssi</name>
         <load_address>0x648c</load_address>
         <run_address>0x648c</run_address>
         <size>0x4c</size>
         <input_file_ref idref="fl-7"/>
      </object_component>
      <object_component id="oc-300">
         <name>.text:os_usdelay_timer_init</name>
         <load_address>0x64d8</load_address>
         <run_address>0x64d8</run_address>
         <size>0x4c</size>
         <input_file_ref idref="fl-3"/>
      </object_component>
      <object_component id="oc-308">
         <name>.text:map_lid2idx</name>
         <load_address>0x6524</load_address>
         <run_address>0x6524</run_address>
         <size>0x4a</size>
         <input_file_ref idref="fl-d"/>
      </object_component>
      <object_component id="oc-167">
         <name>.text:SMPL_Init</name>
         <load_address>0x656e</load_address>
         <run_address>0x656e</run_address>
         <size>0x48</size>
         <input_file_ref idref="fl-b"/>
      </object_component>
      <object_component id="oc-fc">
         <name>.text:drystone_gains_init</name>
         <load_address>0x65b6</load_address>
         <run_address>0x65b6</run_address>
         <size>0x48</size>
         <input_file_ref idref="fl-18"/>
      </object_component>
      <object_component id="oc-3c4">
         <name>.text:nwk_processLink</name>
         <load_address>0x65fe</load_address>
         <run_address>0x65fe</run_address>
         <size>0x48</size>
         <input_file_ref idref="fl-11"/>
      </object_component>
      <object_component id="oc-3bf">
         <name>.text:nwk_processPing</name>
         <load_address>0x6646</load_address>
         <run_address>0x6646</run_address>
         <size>0x48</size>
         <input_file_ref idref="fl-f"/>
      </object_component>
      <object_component id="oc-3df">
         <name>.text:nwk_sendFrame</name>
         <load_address>0x668e</load_address>
         <run_address>0x668e</run_address>
         <size>0x48</size>
         <input_file_ref idref="fl-a"/>
      </object_component>
      <object_component id="oc-2c0">
         <name>.text:nwk_joinInit</name>
         <load_address>0x66d6</load_address>
         <run_address>0x66d6</run_address>
         <size>0x46</size>
         <input_file_ref idref="fl-12"/>
      </object_component>
      <object_component id="oc-33a">
         <name>.text:nwk_replayFrame</name>
         <load_address>0x671c</load_address>
         <run_address>0x671c</run_address>
         <size>0x46</size>
         <input_file_ref idref="fl-a"/>
      </object_component>
      <object_component id="oc-1b6">
         <name>.text</name>
         <load_address>0x6762</load_address>
         <run_address>0x6762</run_address>
         <size>0x46</size>
         <input_file_ref idref="fl-42"/>
      </object_component>
      <object_component id="oc-224">
         <name>.text:nwk_getConnInfo</name>
         <load_address>0x67a8</load_address>
         <run_address>0x67a8</run_address>
         <size>0x42</size>
         <input_file_ref idref="fl-d"/>
      </object_component>
      <object_component id="oc-277">
         <name>.text:Mrfi_DelayUsec</name>
         <load_address>0x67ea</load_address>
         <run_address>0x67ea</run_address>
         <size>0x40</size>
         <input_file_ref idref="fl-7"/>
      </object_component>
      <object_component id="oc-c3">
         <name>.text:__memcpy_far</name>
         <load_address>0x682a</load_address>
         <run_address>0x682a</run_address>
         <size>0x40</size>
         <input_file_ref idref="fl-3d"/>
      </object_component>
      <object_component id="oc-229">
         <name>.text:nwk_checkConnInfo</name>
         <load_address>0x686a</load_address>
         <run_address>0x686a</run_address>
         <size>0x40</size>
         <input_file_ref idref="fl-d"/>
      </object_component>
      <object_component id="oc-89">
         <name>.text:decompress:ZI:__TI_zero_init</name>
         <load_address>0x68aa</load_address>
         <run_address>0x68aa</run_address>
         <size>0x3e</size>
         <input_file_ref idref="fl-3c"/>
      </object_component>
      <object_component id="oc-84">
         <name>.text:decompress:none:__TI_decompress_none</name>
         <load_address>0x68e8</load_address>
         <run_address>0x68e8</run_address>
         <size>0x3c</size>
         <input_file_ref idref="fl-3a"/>
      </object_component>
      <object_component id="oc-ae">
         <name>.text:main</name>
         <load_address>0x6924</load_address>
         <run_address>0x6924</run_address>
         <size>0x3c</size>
         <input_file_ref idref="fl-17"/>
      </object_component>
      <object_component id="oc-272">
         <name>.text:mrfiSpiInit</name>
         <load_address>0x6960</load_address>
         <run_address>0x6960</run_address>
         <size>0x38</size>
         <input_file_ref idref="fl-6"/>
      </object_component>
      <object_component id="oc-288">
         <name>.text:MRFI_SetRFPwr</name>
         <load_address>0x6998</load_address>
         <run_address>0x6998</run_address>
         <size>0x36</size>
         <input_file_ref idref="fl-8"/>
      </object_component>
      <object_component id="oc-283">
         <name>.text:MRFI_SetLogicalChannel</name>
         <load_address>0x69ce</load_address>
         <run_address>0x69ce</run_address>
         <size>0x34</size>
         <input_file_ref idref="fl-8"/>
      </object_component>
      <object_component id="oc-2ac">
         <name>.text:nwk_frameInit</name>
         <load_address>0x6a02</load_address>
         <run_address>0x6a02</run_address>
         <size>0x32</size>
         <input_file_ref idref="fl-a"/>
      </object_component>
      <object_component id="oc-2ca">
         <name>.text:nwk_linkInit</name>
         <load_address>0x6a34</load_address>
         <run_address>0x6a34</run_address>
         <size>0x32</size>
         <input_file_ref idref="fl-11"/>
      </object_component>
      <object_component id="oc-429">
         <name>.text:handleJoinRequest</name>
         <load_address>0x6a66</load_address>
         <run_address>0x6a66</run_address>
         <size>0x2e</size>
         <input_file_ref idref="fl-12"/>
      </object_component>
      <object_component id="oc-477">
         <name>.text:Mrfi_RandomBackoffDelay</name>
         <load_address>0x6a94</load_address>
         <run_address>0x6a94</run_address>
         <size>0x2c</size>
         <input_file_ref idref="fl-7"/>
      </object_component>
      <object_component id="oc-142">
         <name>.text:os_timer_init</name>
         <load_address>0x6ac0</load_address>
         <run_address>0x6ac0</run_address>
         <size>0x2c</size>
         <input_file_ref idref="fl-3"/>
      </object_component>
      <object_component id="oc-253">
         <name>.text</name>
         <load_address>0x6aec</load_address>
         <run_address>0x6aec</run_address>
         <size>0x2c</size>
         <input_file_ref idref="fl-3e"/>
      </object_component>
      <object_component id="oc-219">
         <name>.text:MRFI_Sleep</name>
         <load_address>0x6b18</load_address>
         <run_address>0x6b18</run_address>
         <size>0x28</size>
         <input_file_ref idref="fl-7"/>
      </object_component>
      <object_component id="oc-28d">
         <name>.text:Mrfi_RxModeOff</name>
         <load_address>0x6b40</load_address>
         <run_address>0x6b40</run_address>
         <size>0x28</size>
         <input_file_ref idref="fl-7"/>
      </object_component>
      <object_component id="oc-27c">
         <name>.text:mrfiSpiWriteReg</name>
         <load_address>0x6b68</load_address>
         <run_address>0x6b68</run_address>
         <size>0x28</size>
         <input_file_ref idref="fl-6"/>
      </object_component>
      <object_component id="oc-1f2">
         <name>.text:nwk_setChannel</name>
         <load_address>0x6b90</load_address>
         <run_address>0x6b90</run_address>
         <size>0x28</size>
         <input_file_ref idref="fl-14"/>
      </object_component>
      <object_component id="oc-108">
         <name>.text:radio_wait_join_link</name>
         <load_address>0x6bb8</load_address>
         <run_address>0x6bb8</run_address>
         <size>0x28</size>
         <input_file_ref idref="fl-16"/>
      </object_component>
      <object_component id="oc-431">
         <name>.text:handle_freq_cmd</name>
         <load_address>0x6be0</load_address>
         <run_address>0x6be0</run_address>
         <size>0x26</size>
         <input_file_ref idref="fl-14"/>
      </object_component>
      <object_component id="oc-187">
         <name>.text:mrfiSpiReadReg</name>
         <load_address>0x6c06</load_address>
         <run_address>0x6c06</run_address>
         <size>0x26</size>
         <input_file_ref idref="fl-6"/>
      </object_component>
      <object_component id="oc-2a7">
         <name>.text:nwk_globalsInit</name>
         <load_address>0x6c2c</load_address>
         <run_address>0x6c2c</run_address>
         <size>0x26</size>
         <input_file_ref idref="fl-9"/>
      </object_component>
      <object_component id="oc-1c0">
         <name>.text:sws_init</name>
         <load_address>0x6c52</load_address>
         <run_address>0x6c52</run_address>
         <size>0x26</size>
         <input_file_ref idref="fl-4"/>
      </object_component>
      <object_component id="oc-1aa">
         <name>.text:MRFI_RxCompleteISR</name>
         <load_address>0x6c78</load_address>
         <run_address>0x6c78</run_address>
         <size>0x24</size>
         <input_file_ref idref="fl-a"/>
      </object_component>
      <object_component id="oc-392">
         <name>.text:nwk_setLinkToken</name>
         <load_address>0x6c9c</load_address>
         <run_address>0x6c9c</run_address>
         <size>0x24</size>
         <input_file_ref idref="fl-11"/>
      </object_component>
      <object_component id="oc-162">
         <name>.text:sCB</name>
         <load_address>0x6cc0</load_address>
         <run_address>0x6cc0</run_address>
         <size>0x24</size>
         <input_file_ref idref="fl-16"/>
      </object_component>
      <object_component id="oc-214">
         <name>.text:MRFI_DelayMs</name>
         <load_address>0x6ce4</load_address>
         <run_address>0x6ce4</run_address>
         <size>0x22</size>
         <input_file_ref idref="fl-7"/>
      </object_component>
      <object_component id="oc-333">
         <name>.text:memcmp</name>
         <load_address>0x6d06</load_address>
         <run_address>0x6d06</run_address>
         <size>0x22</size>
         <input_file_ref idref="fl-56"/>
      </object_component>
      <object_component id="oc-296">
         <name>.text</name>
         <load_address>0x6d28</load_address>
         <run_address>0x6d28</run_address>
         <size>0x22</size>
         <input_file_ref idref="fl-5b"/>
      </object_component>
      <object_component id="oc-1f7">
         <name>.text:MRFI_RxOn</name>
         <load_address>0x6d4a</load_address>
         <run_address>0x6d4a</run_address>
         <size>0x20</size>
         <input_file_ref idref="fl-7"/>
      </object_component>
      <object_component id="oc-4dd">
         <name>.text:memmove</name>
         <load_address>0x6d6a</load_address>
         <run_address>0x6d6a</run_address>
         <size>0x20</size>
         <input_file_ref idref="fl-58"/>
      </object_component>
      <object_component id="oc-101">
         <name>.text:radio_init</name>
         <load_address>0x6d8a</load_address>
         <run_address>0x6d8a</run_address>
         <size>0x20</size>
         <input_file_ref idref="fl-16"/>
      </object_component>
      <object_component id="oc-21e">
         <name>.text:MRFI_RxIdle</name>
         <load_address>0x6daa</load_address>
         <run_address>0x6daa</run_address>
         <size>0x1e</size>
         <input_file_ref idref="fl-7"/>
      </object_component>
      <object_component id="oc-2b1">
         <name>.text:nwk_QInit</name>
         <load_address>0x6dc8</load_address>
         <run_address>0x6dc8</run_address>
         <size>0x1e</size>
         <input_file_ref idref="fl-c"/>
      </object_component>
      <object_component id="oc-41d">
         <name>.text:handlePingRequest</name>
         <load_address>0x6de6</load_address>
         <run_address>0x6de6</run_address>
         <size>0x1c</size>
         <input_file_ref idref="fl-f"/>
      </object_component>
      <object_component id="oc-4b3">
         <name>.text:nwk_getLinkToken</name>
         <load_address>0x6e02</load_address>
         <run_address>0x6e02</run_address>
         <size>0x1c</size>
         <input_file_ref idref="fl-11"/>
      </object_component>
      <object_component id="oc-114">
         <name>.text:radio_read_msg</name>
         <load_address>0x6e1e</load_address>
         <run_address>0x6e1e</run_address>
         <size>0x1c</size>
         <input_file_ref idref="fl-16"/>
      </object_component>
      <object_component id="oc-437">
         <name>.text:smpl_send_mgmt_reply</name>
         <load_address>0x6e3a</load_address>
         <run_address>0x6e3a</run_address>
         <size>0x1c</size>
         <input_file_ref idref="fl-10"/>
      </object_component>
      <object_component id="oc-472">
         <name>.text:mrfiSpiWriteTxFifo</name>
         <load_address>0x6e56</load_address>
         <run_address>0x6e56</run_address>
         <size>0x1a</size>
         <input_file_ref idref="fl-6"/>
      </object_component>
      <object_component id="oc-3f1">
         <name>.text:nwk_getQ</name>
         <load_address>0x6e70</load_address>
         <run_address>0x6e70</run_address>
         <size>0x1a</size>
         <input_file_ref idref="fl-c"/>
      </object_component>
      <object_component id="oc-20a">
         <name>.text:nwk_setListenContext</name>
         <load_address>0x6e8a</load_address>
         <run_address>0x6e8a</run_address>
         <size>0x1a</size>
         <input_file_ref idref="fl-11"/>
      </object_component>
      <object_component id="oc-18c">
         <name>.text:mrfiSpiReadRxFifo</name>
         <load_address>0x6ea4</load_address>
         <run_address>0x6ea4</run_address>
         <size>0x18</size>
         <input_file_ref idref="fl-6"/>
      </object_component>
      <object_component id="oc-e9">
         <name>.text:MRFI_GpioIsr</name>
         <load_address>0x6ebc</load_address>
         <run_address>0x6ebc</run_address>
         <size>0x16</size>
         <input_file_ref idref="fl-7"/>
      </object_component>
      <object_component id="oc-37b">
         <name>.text:MRFI_RandomByte</name>
         <load_address>0x6ed2</load_address>
         <run_address>0x6ed2</run_address>
         <size>0x16</size>
         <input_file_ref idref="fl-7"/>
      </object_component>
      <object_component id="oc-25d">
         <name>.text:MRFI_Receive</name>
         <load_address>0x6ee8</load_address>
         <run_address>0x6ee8</run_address>
         <size>0x16</size>
         <input_file_ref idref="fl-7"/>
      </object_component>
      <object_component id="oc-1bb">
         <name>.text:leds_init</name>
         <load_address>0x6efe</load_address>
         <run_address>0x6efe</run_address>
         <size>0x16</size>
         <input_file_ref idref="fl-4"/>
      </object_component>
      <object_component id="oc-2b6">
         <name>.text:nwk_freqInit</name>
         <load_address>0x6f14</load_address>
         <run_address>0x6f14</run_address>
         <size>0x16</size>
         <input_file_ref idref="fl-14"/>
      </object_component>
      <object_component id="oc-2c5">
         <name>.text:nwk_mgmtInit</name>
         <load_address>0x6f2a</load_address>
         <run_address>0x6f2a</run_address>
         <size>0x16</size>
         <input_file_ref idref="fl-10"/>
      </object_component>
      <object_component id="oc-326">
         <name>.text</name>
         <load_address>0x6f40</load_address>
         <run_address>0x6f40</run_address>
         <size>0x16</size>
         <input_file_ref idref="fl-3f"/>
      </object_component>
      <object_component id="oc-29e">
         <name>.text</name>
         <load_address>0x6f56</load_address>
         <run_address>0x6f56</run_address>
         <size>0x16</size>
         <input_file_ref idref="fl-5a"/>
      </object_component>
      <object_component id="oc-15d">
         <name>.text:memset</name>
         <load_address>0x6f6c</load_address>
         <run_address>0x6f6c</run_address>
         <size>0x14</size>
         <input_file_ref idref="fl-59"/>
      </object_component>
      <object_component id="oc-2e4">
         <name>.text:Mrfi_RxModeOn</name>
         <load_address>0x6f80</load_address>
         <run_address>0x6f80</run_address>
         <size>0x12</size>
         <input_file_ref idref="fl-7"/>
      </object_component>
      <object_component id="oc-f7">
         <name>.text:device_startup</name>
         <load_address>0x6f92</load_address>
         <run_address>0x6f92</run_address>
         <size>0x12</size>
         <input_file_ref idref="fl-3"/>
      </object_component>
      <object_component id="oc-2d9">
         <name>.text:memcpy</name>
         <load_address>0x6fa4</load_address>
         <run_address>0x6fa4</run_address>
         <size>0x12</size>
         <input_file_ref idref="fl-57"/>
      </object_component>
      <object_component id="oc-376">
         <name>.text:nwk_getMyAddress</name>
         <load_address>0x6fb6</load_address>
         <run_address>0x6fb6</run_address>
         <size>0x12</size>
         <input_file_ref idref="fl-9"/>
      </object_component>
      <object_component id="oc-a4">
         <name>.text:_system_pre_init</name>
         <load_address>0x6fc8</load_address>
         <run_address>0x6fc8</run_address>
         <size>0x10</size>
         <input_file_ref idref="fl-3"/>
      </object_component>
      <object_component id="oc-292">
         <name>.text:l_asr</name>
         <load_address>0x6fd8</load_address>
         <run_address>0x6fd8</run_address>
         <size>0x10</size>
         <input_file_ref idref="fl-38"/>
      </object_component>
      <object_component id="oc-4c2">
         <name>.text:nwk_resetSFMarker</name>
         <load_address>0x6fe8</load_address>
         <run_address>0x6fe8</run_address>
         <size>0x10</size>
         <input_file_ref idref="fl-10"/>
      </object_component>
      <object_component id="oc-354">
         <name>.text:BSP_DELAY_USECS</name>
         <load_address>0x6ff8</load_address>
         <run_address>0x6ff8</run_address>
         <size>0xe</size>
         <input_file_ref idref="fl-15"/>
      </object_component>
      <object_component id="oc-8e">
         <name>.text:decompress:rle24:__TI_decompress_rle24</name>
         <load_address>0x7006</load_address>
         <run_address>0x7006</run_address>
         <size>0xe</size>
         <input_file_ref idref="fl-3b"/>
      </object_component>
      <object_component id="oc-4a6">
         <name>.text:nwk_freeConnection</name>
         <load_address>0x7014</load_address>
         <run_address>0x7014</run_address>
         <size>0xe</size>
         <input_file_ref idref="fl-d"/>
      </object_component>
      <object_component id="oc-3ea">
         <name>.text:MRFI_PostKillSem</name>
         <load_address>0x7022</load_address>
         <run_address>0x7022</run_address>
         <size>0xc</size>
         <input_file_ref idref="fl-7"/>
      </object_component>
      <object_component id="oc-3ce">
         <name>.text:nwk_processSecurity</name>
         <load_address>0x702e</load_address>
         <run_address>0x702e</run_address>
         <size>0xc</size>
         <input_file_ref idref="fl-e"/>
      </object_component>
      <object_component id="oc-38d">
         <name>.text:generateLinkToken</name>
         <load_address>0x703a</load_address>
         <run_address>0x703a</run_address>
         <size>0xa</size>
         <input_file_ref idref="fl-12"/>
      </object_component>
      <object_component id="oc-147">
         <name>.text:hal_board_init</name>
         <load_address>0x7044</load_address>
         <run_address>0x7044</run_address>
         <size>0xa</size>
         <input_file_ref idref="fl-4"/>
      </object_component>
      <object_component id="oc-2bb">
         <name>.text:nwk_pingInit</name>
         <load_address>0x704e</load_address>
         <run_address>0x704e</run_address>
         <size>0xa</size>
         <input_file_ref idref="fl-f"/>
      </object_component>
      <object_component id="oc-10d">
         <name>.text:os_timer_start</name>
         <load_address>0x7058</load_address>
         <run_address>0x7058</run_address>
         <size>0x8</size>
         <input_file_ref idref="fl-3"/>
      </object_component>
      <object_component id="oc-205">
         <name>.text:MRFI_GetRadioState</name>
         <load_address>0x7060</load_address>
         <run_address>0x7060</run_address>
         <size>0x6</size>
         <input_file_ref idref="fl-7"/>
      </object_component>
      <object_component id="oc-96">
         <name>.text:__TI_ISR_TRAP</name>
         <load_address>0x7066</load_address>
         <run_address>0x7066</run_address>
         <size>0x6</size>
         <input_file_ref idref="fl-55"/>
      </object_component>
      <object_component id="oc-2d4">
         <name>.text:nwk_getBCastAddress</name>
         <load_address>0x706c</load_address>
         <run_address>0x706c</run_address>
         <size>0x6</size>
         <input_file_ref idref="fl-9"/>
      </object_component>
      <object_component id="oc-492">
         <name>.text:nwk_getMyRxType</name>
         <load_address>0x7072</load_address>
         <run_address>0x7072</run_address>
         <size>0x6</size>
         <input_file_ref idref="fl-a"/>
      </object_component>
      <object_component id="oc-483">
         <name>.text:nwk_getProtocolVersion</name>
         <load_address>0x7078</load_address>
         <run_address>0x7078</run_address>
         <size>0x6</size>
         <input_file_ref idref="fl-9"/>
      </object_component>
      <object_component id="oc-397">
         <name>.text:nwk_getSFInfoPtr</name>
         <load_address>0x707e</load_address>
         <run_address>0x707e</run_address>
         <size>0x6</size>
         <input_file_ref idref="fl-d"/>
      </object_component>
      <object_component id="oc-b3">
         <name>.text:abort</name>
         <load_address>0x7084</load_address>
         <run_address>0x7084</run_address>
         <size>0x4</size>
         <input_file_ref idref="fl-41"/>
      </object_component>
      <object_component id="oc-1fc">
         <name>.text:nwk_join</name>
         <load_address>0x7088</load_address>
         <run_address>0x7088</run_address>
         <size>0x4</size>
         <input_file_ref idref="fl-12"/>
      </object_component>
      <object_component id="oc-2cf">
         <name>.text:nwk_securityInit</name>
         <load_address>0x708c</load_address>
         <run_address>0x708c</run_address>
         <size>0x2</size>
         <input_file_ref idref="fl-e"/>
      </object_component>
      <object_component id="oc-72">
         <name>.text:_isr:_c_int00_noexit</name>
         <load_address>0x446a</load_address>
         <run_address>0x446a</run_address>
         <size>0x1a</size>
         <input_file_ref idref="fl-39"/>
      </object_component>
      <object_component id="oc-b9">
         <name>.text:_isr:OS_TIMER_ISR</name>
         <load_address>0x4484</load_address>
         <run_address>0x4484</run_address>
         <size>0x10</size>
         <input_file_ref idref="fl-3"/>
      </object_component>
      <object_component id="oc-be">
         <name>.text:_isr:us_TIMER_ISR</name>
         <load_address>0x4494</load_address>
         <run_address>0x4494</run_address>
         <size>0xc</size>
         <input_file_ref idref="fl-3"/>
      </object_component>
      <object_component id="oc-9a">
         <name>.text:_isr:GDO0_ISR</name>
         <load_address>0x44a0</load_address>
         <run_address>0x44a0</run_address>
         <size>0xa</size>
         <input_file_ref idref="fl-2"/>
      </object_component>
      <object_component id="oc-9f">
         <name>.text:_isr:SW2_ISR</name>
         <load_address>0x44aa</load_address>
         <run_address>0x44aa</run_address>
         <size>0xa</size>
         <input_file_ref idref="fl-4"/>
      </object_component>
      <object_component id="oc-564">
         <name>.cinit..data.load</name>
         <load_address>0x708e</load_address>
         <run_address>0x708e</run_address>
         <size>0xe</size>
      </object_component>
      <object_component id="oc-561">
         <name>__TI_handler_table</name>
         <load_address>0x709c</load_address>
         <run_address>0x709c</run_address>
         <size>0xc</size>
      </object_component>
      <object_component id="oc-563">
         <name>.cinit..bss.load</name>
         <load_address>0x70a8</load_address>
         <run_address>0x70a8</run_address>
         <size>0x6</size>
      </object_component>
      <object_component id="oc-562">
         <name>__TI_cinit_table</name>
         <load_address>0x70ae</load_address>
         <run_address>0x70ae</run_address>
         <size>0x10</size>
      </object_component>
      <object_component id="oc-281">
         <name>.const:mrfiRadioCfg</name>
         <load_address>0x4400</load_address>
         <run_address>0x4400</run_address>
         <size>0x3c</size>
         <input_file_ref idref="fl-7"/>
      </object_component>
      <object_component id="oc-338">
         <name>.const:func</name>
         <load_address>0x443c</load_address>
         <run_address>0x443c</run_address>
         <size>0x18</size>
         <input_file_ref idref="fl-a"/>
      </object_component>
      <object_component id="oc-373">
         <name>.const</name>
         <load_address>0x4454</load_address>
         <run_address>0x4454</run_address>
         <size>0x9</size>
         <input_file_ref idref="fl-9"/>
      </object_component>
      <object_component id="oc-24f">
         <name>.const:.string:mrfiBroadcastAddr</name>
         <load_address>0x445e</load_address>
         <run_address>0x445e</run_address>
         <size>0x4</size>
         <input_file_ref idref="fl-8"/>
      </object_component>
      <object_component id="oc-35d">
         <name>.const:.string:mrfiLogicalChanTable</name>
         <load_address>0x4462</load_address>
         <run_address>0x4462</run_address>
         <size>0x4</size>
         <input_file_ref idref="fl-8"/>
      </object_component>
      <object_component id="oc-360">
         <name>.const:.string:mrfiRFPowerTable</name>
         <load_address>0x4466</load_address>
         <run_address>0x4466</run_address>
         <size>0x3</size>
         <input_file_ref idref="fl-8"/>
      </object_component>
      <object_component id="oc-69">
         <name>.int41</name>
         <load_address>0xffd2</load_address>
         <run_address>0xffd2</run_address>
         <size>0x2</size>
         <input_file_ref idref="fl-43"/>
      </object_component>
      <object_component id="oc-6a">
         <name>.int42</name>
         <load_address>0xffd4</load_address>
         <run_address>0xffd4</run_address>
         <size>0x2</size>
         <input_file_ref idref="fl-2"/>
      </object_component>
      <object_component id="oc-6b">
         <name>.int43</name>
         <load_address>0xffd6</load_address>
         <run_address>0xffd6</run_address>
         <size>0x2</size>
         <input_file_ref idref="fl-44"/>
      </object_component>
      <object_component id="oc-6c">
         <name>.int44</name>
         <load_address>0xffd8</load_address>
         <run_address>0xffd8</run_address>
         <size>0x2</size>
         <input_file_ref idref="fl-45"/>
      </object_component>
      <object_component id="oc-6d">
         <name>.int45</name>
         <load_address>0xffda</load_address>
         <run_address>0xffda</run_address>
         <size>0x2</size>
         <input_file_ref idref="fl-46"/>
      </object_component>
      <object_component id="oc-6e">
         <name>.int46</name>
         <load_address>0xffdc</load_address>
         <run_address>0xffdc</run_address>
         <size>0x2</size>
         <input_file_ref idref="fl-47"/>
      </object_component>
      <object_component id="oc-6f">
         <name>.int47</name>
         <load_address>0xffde</load_address>
         <run_address>0xffde</run_address>
         <size>0x2</size>
         <input_file_ref idref="fl-4"/>
      </object_component>
      <object_component id="oc-70">
         <name>.int48</name>
         <load_address>0xffe0</load_address>
         <run_address>0xffe0</run_address>
         <size>0x2</size>
         <input_file_ref idref="fl-48"/>
      </object_component>
      <object_component id="oc-71">
         <name>.int49</name>
         <load_address>0xffe2</load_address>
         <run_address>0xffe2</run_address>
         <size>0x2</size>
         <input_file_ref idref="fl-49"/>
      </object_component>
      <object_component id="oc-77">
         <name>.int50</name>
         <load_address>0xffe4</load_address>
         <run_address>0xffe4</run_address>
         <size>0x2</size>
         <input_file_ref idref="fl-4a"/>
      </object_component>
      <object_component id="oc-78">
         <name>.int51</name>
         <load_address>0xffe6</load_address>
         <run_address>0xffe6</run_address>
         <size>0x2</size>
         <input_file_ref idref="fl-4b"/>
      </object_component>
      <object_component id="oc-79">
         <name>.int52</name>
         <load_address>0xffe8</load_address>
         <run_address>0xffe8</run_address>
         <size>0x2</size>
         <input_file_ref idref="fl-4c"/>
      </object_component>
      <object_component id="oc-7a">
         <name>.int53</name>
         <load_address>0xffea</load_address>
         <run_address>0xffea</run_address>
         <size>0x2</size>
         <input_file_ref idref="fl-3"/>
      </object_component>
      <object_component id="oc-7b">
         <name>.int54</name>
         <load_address>0xffec</load_address>
         <run_address>0xffec</run_address>
         <size>0x2</size>
         <input_file_ref idref="fl-4d"/>
      </object_component>
      <object_component id="oc-7c">
         <name>.int55</name>
         <load_address>0xffee</load_address>
         <run_address>0xffee</run_address>
         <size>0x2</size>
         <input_file_ref idref="fl-4e"/>
      </object_component>
      <object_component id="oc-7d">
         <name>.int56</name>
         <load_address>0xfff0</load_address>
         <run_address>0xfff0</run_address>
         <size>0x2</size>
         <input_file_ref idref="fl-4f"/>
      </object_component>
      <object_component id="oc-7e">
         <name>.int57</name>
         <load_address>0xfff2</load_address>
         <run_address>0xfff2</run_address>
         <size>0x2</size>
         <input_file_ref idref="fl-50"/>
      </object_component>
      <object_component id="oc-7f">
         <name>.int58</name>
         <load_address>0xfff4</load_address>
         <run_address>0xfff4</run_address>
         <size>0x2</size>
         <input_file_ref idref="fl-51"/>
      </object_component>
      <object_component id="oc-80">
         <name>.int59</name>
         <load_address>0xfff6</load_address>
         <run_address>0xfff6</run_address>
         <size>0x2</size>
         <input_file_ref idref="fl-3"/>
      </object_component>
      <object_component id="oc-81">
         <name>.int60</name>
         <load_address>0xfff8</load_address>
         <run_address>0xfff8</run_address>
         <size>0x2</size>
         <input_file_ref idref="fl-52"/>
      </object_component>
      <object_component id="oc-82">
         <name>.int61</name>
         <load_address>0xfffa</load_address>
         <run_address>0xfffa</run_address>
         <size>0x2</size>
         <input_file_ref idref="fl-53"/>
      </object_component>
      <object_component id="oc-83">
         <name>.int62</name>
         <load_address>0xfffc</load_address>
         <run_address>0xfffc</run_address>
         <size>0x2</size>
         <input_file_ref idref="fl-54"/>
      </object_component>
      <object_component id="oc-95">
         <name>.reset</name>
         <load_address>0xfffe</load_address>
         <run_address>0xfffe</run_address>
         <size>0x2</size>
         <input_file_ref idref="fl-39"/>
      </object_component>
      <object_component id="oc-f2">
         <name>.TI.noinit</name>
         <uninitialized>true</uninitialized>
         <run_address>0x248c</run_address>
         <size>0x2</size>
         <input_file_ref idref="fl-3"/>
      </object_component>
      <object_component id="oc-32f">
         <name>.common:mrfiIncomingPacket</name>
         <uninitialized>true</uninitialized>
         <run_address>0x244e</run_address>
         <size>0x17</size>
      </object_component>
      <object_component id="oc-36f">
         <name>.common:sAPAddress</name>
         <uninitialized>true</uninitialized>
         <run_address>0x2480</run_address>
         <size>0x4</size>
      </object_component>
      <object_component id="oc-400">
         <name>.common:sMyRAMAddress</name>
         <uninitialized>true</uninitialized>
         <run_address>0x2484</run_address>
         <size>0x4</size>
      </object_component>
      <object_component id="oc-445">
         <name>.common:sInFrameQ</name>
         <uninitialized>true</uninitialized>
         <run_address>0x2400</run_address>
         <size>0x1a</size>
      </object_component>
      <object_component id="oc-446">
         <name>.common:sOutFrameQ</name>
         <uninitialized>true</uninitialized>
         <run_address>0x241a</run_address>
         <size>0x1a</size>
      </object_component>
      <object_component id="oc-4ab">
         <name>.common:sServiceLinkID</name>
         <uninitialized>true</uninitialized>
         <run_address>0x248a</run_address>
         <size>0x2</size>
      </object_component>
      <object_component id="oc-384">
         <name>.common:sCurLogicalChan</name>
         <uninitialized>true</uninitialized>
         <run_address>0x2465</run_address>
         <size>0x1</size>
      </object_component>
      <object_component id="oc-15b">
         <name>.common:sSample</name>
         <uninitialized>true</uninitialized>
         <run_address>0x2434</run_address>
         <size>0x1a</size>
      </object_component>
      <object_component id="oc-17c">
         <name>.common:radio_rx_buffer</name>
         <uninitialized>true</uninitialized>
         <run_address>0x2472</run_address>
         <size>0x8</size>
      </object_component>
      <object_component id="oc-177">
         <name>.common:intState</name>
         <uninitialized>true</uninitialized>
         <run_address>0x2488</run_address>
         <size>0x2</size>
      </object_component>
      <object_component id="oc-153">
         <name>.common:k_gains</name>
         <uninitialized>true</uninitialized>
         <run_address>0x247a</run_address>
         <size>0x6</size>
      </object_component>
      <object_component id="oc-159">
         <name>.common:fb_attitude</name>
         <uninitialized>true</uninitialized>
         <run_address>0x2466</run_address>
         <size>0xc</size>
      </object_component>
      <object_component id="oc-ef">
         <name>.data</name>
         <load_address>0x24b1</load_address>
         <run_address>0x24b1</run_address>
         <size>0x1</size>
         <input_file_ref idref="fl-4"/>
      </object_component>
      <object_component id="oc-106">
         <name>.data</name>
         <load_address>0x24da</load_address>
         <run_address>0x24da</run_address>
         <size>0x6</size>
         <input_file_ref idref="fl-17"/>
      </object_component>
      <object_component id="oc-112">
         <name>.data</name>
         <load_address>0x24e5</load_address>
         <run_address>0x24e5</run_address>
         <size>0x4</size>
         <input_file_ref idref="fl-16"/>
      </object_component>
      <object_component id="oc-11b">
         <name>.data</name>
         <load_address>0x24e0</load_address>
         <run_address>0x24e0</run_address>
         <size>0x5</size>
         <input_file_ref idref="fl-3"/>
      </object_component>
      <object_component id="oc-16f">
         <name>.data:sLID</name>
         <load_address>0x24f2</load_address>
         <run_address>0x24f2</run_address>
         <size>0x1</size>
         <input_file_ref idref="fl-16"/>
      </object_component>
      <object_component id="oc-185">
         <name>.data</name>
         <load_address>0x24ca</load_address>
         <run_address>0x24ca</run_address>
         <size>0x8</size>
         <input_file_ref idref="fl-7"/>
      </object_component>
      <object_component id="oc-1e1">
         <name>.data</name>
         <load_address>0x24d9</load_address>
         <run_address>0x24d9</run_address>
         <size>0x1</size>
         <input_file_ref idref="fl-b"/>
      </object_component>
      <object_component id="oc-24b">
         <name>.data</name>
         <load_address>0x24bf</load_address>
         <run_address>0x24bf</run_address>
         <size>0x1</size>
         <input_file_ref idref="fl-8"/>
      </object_component>
      <object_component id="oc-24d">
         <name>.data:mrfiRxFilterAddr</name>
         <load_address>0x24ea</load_address>
         <run_address>0x24ea</run_address>
         <size>0x4</size>
         <input_file_ref idref="fl-8"/>
      </object_component>
      <object_component id="oc-2a5">
         <name>.data</name>
         <load_address>0x248e</load_address>
         <run_address>0x248e</run_address>
         <size>0x23</size>
         <input_file_ref idref="fl-d"/>
      </object_component>
      <object_component id="oc-2f8">
         <name>.data</name>
         <load_address>0x24d2</load_address>
         <run_address>0x24d2</run_address>
         <size>0x7</size>
         <input_file_ref idref="fl-11"/>
      </object_component>
      <object_component id="oc-331">
         <name>.data</name>
         <load_address>0x24c0</load_address>
         <run_address>0x24c0</run_address>
         <size>0xa</size>
         <input_file_ref idref="fl-a"/>
      </object_component>
      <object_component id="oc-370">
         <name>.data</name>
         <load_address>0x24ee</load_address>
         <run_address>0x24ee</run_address>
         <size>0x1</size>
         <input_file_ref idref="fl-9"/>
      </object_component>
      <object_component id="oc-385">
         <name>.data</name>
         <load_address>0x24e9</load_address>
         <run_address>0x24e9</run_address>
         <size>0x1</size>
         <input_file_ref idref="fl-14"/>
      </object_component>
      <object_component id="oc-388">
         <name>.data</name>
         <load_address>0x24f0</load_address>
         <run_address>0x24f0</run_address>
         <size>0x1</size>
         <input_file_ref idref="fl-f"/>
      </object_component>
      <object_component id="oc-38b">
         <name>.data</name>
         <load_address>0x24b2</load_address>
         <run_address>0x24b2</run_address>
         <size>0xd</size>
         <input_file_ref idref="fl-12"/>
      </object_component>
      <object_component id="oc-39e">
         <name>.data</name>
         <load_address>0x24ef</load_address>
         <run_address>0x24ef</run_address>
         <size>0x1</size>
         <input_file_ref idref="fl-10"/>
      </object_component>
      <object_component id="oc-3a0">
         <name>.data:sSFMarker</name>
         <load_address>0x24f4</load_address>
         <run_address>0x24f4</run_address>
         <size>0x1</size>
         <input_file_ref idref="fl-10"/>
      </object_component>
      <object_component id="oc-73">
         <name>.debug_line</name>
         <load_address>0x0</load_address>
         <run_address>0x0</run_address>
         <size>0x44</size>
         <input_file_ref idref="fl-39"/>
      </object_component>
      <object_component id="oc-86">
         <name>.debug_line</name>
         <load_address>0x44</load_address>
         <run_address>0x44</run_address>
         <size>0x50</size>
         <input_file_ref idref="fl-3a"/>
      </object_component>
      <object_component id="oc-8d">
         <name>.debug_line</name>
         <load_address>0x94</load_address>
         <run_address>0x94</run_address>
         <size>0x4a</size>
         <input_file_ref idref="fl-3c"/>
      </object_component>
      <object_component id="oc-90">
         <name>.debug_line</name>
         <load_address>0xde</load_address>
         <run_address>0xde</run_address>
         <size>0x4c</size>
         <input_file_ref idref="fl-3b"/>
      </object_component>
      <object_component id="oc-99">
         <name>.debug_line</name>
         <load_address>0x12a</load_address>
         <run_address>0x12a</run_address>
         <size>0x3c</size>
         <input_file_ref idref="fl-55"/>
      </object_component>
      <object_component id="oc-9c">
         <name>.debug_line</name>
         <load_address>0x166</load_address>
         <run_address>0x166</run_address>
         <size>0x4a</size>
         <input_file_ref idref="fl-2"/>
      </object_component>
      <object_component id="oc-a1">
         <name>.debug_line</name>
         <load_address>0x1b0</load_address>
         <run_address>0x1b0</run_address>
         <size>0x4d</size>
         <input_file_ref idref="fl-4"/>
      </object_component>
      <object_component id="oc-a6">
         <name>.debug_line</name>
         <load_address>0x1fd</load_address>
         <run_address>0x1fd</run_address>
         <size>0x4f</size>
         <input_file_ref idref="fl-3"/>
      </object_component>
      <object_component id="oc-ad">
         <name>.debug_line</name>
         <load_address>0x24c</load_address>
         <run_address>0x24c</run_address>
         <size>0x6c</size>
         <input_file_ref idref="fl-5e"/>
      </object_component>
      <object_component id="oc-b0">
         <name>.debug_line</name>
         <load_address>0x2b8</load_address>
         <run_address>0x2b8</run_address>
         <size>0x6b</size>
         <input_file_ref idref="fl-17"/>
      </object_component>
      <object_component id="oc-b6">
         <name>.debug_line</name>
         <load_address>0x323</load_address>
         <run_address>0x323</run_address>
         <size>0x3a</size>
         <input_file_ref idref="fl-41"/>
      </object_component>
      <object_component id="oc-bb">
         <name>.debug_line</name>
         <load_address>0x35d</load_address>
         <run_address>0x35d</run_address>
         <size>0x4e</size>
         <input_file_ref idref="fl-3"/>
      </object_component>
      <object_component id="oc-c0">
         <name>.debug_line</name>
         <load_address>0x3ab</load_address>
         <run_address>0x3ab</run_address>
         <size>0x4e</size>
         <input_file_ref idref="fl-3"/>
      </object_component>
      <object_component id="oc-c4">
         <name>.debug_line</name>
         <load_address>0x3f9</load_address>
         <run_address>0x3f9</run_address>
         <size>0x52</size>
         <input_file_ref idref="fl-3d"/>
      </object_component>
      <object_component id="oc-ca">
         <name>.debug_line</name>
         <load_address>0x44b</load_address>
         <run_address>0x44b</run_address>
         <size>0x3a</size>
         <input_file_ref idref="fl-3a"/>
      </object_component>
      <object_component id="oc-d1">
         <name>.debug_line</name>
         <load_address>0x485</load_address>
         <run_address>0x485</run_address>
         <size>0x34</size>
         <input_file_ref idref="fl-3c"/>
      </object_component>
      <object_component id="oc-d7">
         <name>.debug_line</name>
         <load_address>0x4b9</load_address>
         <run_address>0x4b9</run_address>
         <size>0x85</size>
         <input_file_ref idref="fl-3b"/>
      </object_component>
      <object_component id="oc-de">
         <name>.debug_line</name>
         <load_address>0x53e</load_address>
         <run_address>0x53e</run_address>
         <size>0x39</size>
         <input_file_ref idref="fl-3b"/>
      </object_component>
      <object_component id="oc-e2">
         <name>.debug_line</name>
         <load_address>0x577</load_address>
         <run_address>0x577</run_address>
         <size>0x2a</size>
         <input_file_ref idref="fl-39"/>
      </object_component>
      <object_component id="oc-e5">
         <name>.debug_line</name>
         <load_address>0x5a1</load_address>
         <run_address>0x5a1</run_address>
         <size>0x20</size>
         <input_file_ref idref="fl-2"/>
      </object_component>
      <object_component id="oc-eb">
         <name>.debug_line</name>
         <load_address>0x5c1</load_address>
         <run_address>0x5c1</run_address>
         <size>0x6f</size>
         <input_file_ref idref="fl-7"/>
      </object_component>
      <object_component id="oc-f9">
         <name>.debug_line</name>
         <load_address>0x630</load_address>
         <run_address>0x630</run_address>
         <size>0x4d</size>
         <input_file_ref idref="fl-3"/>
      </object_component>
      <object_component id="oc-fe">
         <name>.debug_line</name>
         <load_address>0x67d</load_address>
         <run_address>0x67d</run_address>
         <size>0x5c</size>
         <input_file_ref idref="fl-18"/>
      </object_component>
      <object_component id="oc-103">
         <name>.debug_line</name>
         <load_address>0x6d9</load_address>
         <run_address>0x6d9</run_address>
         <size>0x5f</size>
         <input_file_ref idref="fl-16"/>
      </object_component>
      <object_component id="oc-10a">
         <name>.debug_line</name>
         <load_address>0x738</load_address>
         <run_address>0x738</run_address>
         <size>0x6b</size>
         <input_file_ref idref="fl-16"/>
      </object_component>
      <object_component id="oc-10f">
         <name>.debug_line</name>
         <load_address>0x7a3</load_address>
         <run_address>0x7a3</run_address>
         <size>0x4a</size>
         <input_file_ref idref="fl-3"/>
      </object_component>
      <object_component id="oc-116">
         <name>.debug_line</name>
         <load_address>0x7ed</load_address>
         <run_address>0x7ed</run_address>
         <size>0x61</size>
         <input_file_ref idref="fl-16"/>
      </object_component>
      <object_component id="oc-121">
         <name>.debug_line</name>
         <load_address>0x84e</load_address>
         <run_address>0x84e</run_address>
         <size>0x3a</size>
         <input_file_ref idref="fl-3a"/>
      </object_component>
      <object_component id="oc-123">
         <name>.debug_line</name>
         <load_address>0x888</load_address>
         <run_address>0x888</run_address>
         <size>0x20</size>
         <input_file_ref idref="fl-3c"/>
      </object_component>
      <object_component id="oc-126">
         <name>.debug_line</name>
         <load_address>0x8a8</load_address>
         <run_address>0x8a8</run_address>
         <size>0x20</size>
         <input_file_ref idref="fl-3b"/>
      </object_component>
      <object_component id="oc-129">
         <name>.debug_line</name>
         <load_address>0x8c8</load_address>
         <run_address>0x8c8</run_address>
         <size>0x9d</size>
         <input_file_ref idref="fl-7"/>
      </object_component>
      <object_component id="oc-12e">
         <name>.debug_line</name>
         <load_address>0x965</load_address>
         <run_address>0x965</run_address>
         <size>0x39</size>
         <input_file_ref idref="fl-4"/>
      </object_component>
      <object_component id="oc-131">
         <name>.debug_line</name>
         <load_address>0x99e</load_address>
         <run_address>0x99e</run_address>
         <size>0x60</size>
         <input_file_ref idref="fl-2"/>
      </object_component>
      <object_component id="oc-135">
         <name>.debug_line</name>
         <load_address>0x9fe</load_address>
         <run_address>0x9fe</run_address>
         <size>0x37</size>
         <input_file_ref idref="fl-3"/>
      </object_component>
      <object_component id="oc-137">
         <name>.debug_line</name>
         <load_address>0xa35</load_address>
         <run_address>0xa35</run_address>
         <size>0x2e</size>
         <input_file_ref idref="fl-5e"/>
      </object_component>
      <object_component id="oc-13a">
         <name>.debug_line</name>
         <load_address>0xa63</load_address>
         <run_address>0xa63</run_address>
         <size>0x2e</size>
         <input_file_ref idref="fl-5e"/>
      </object_component>
      <object_component id="oc-13f">
         <name>.debug_line</name>
         <load_address>0xa91</load_address>
         <run_address>0xa91</run_address>
         <size>0x5b</size>
         <input_file_ref idref="fl-3"/>
      </object_component>
      <object_component id="oc-144">
         <name>.debug_line</name>
         <load_address>0xaec</load_address>
         <run_address>0xaec</run_address>
         <size>0x4f</size>
         <input_file_ref idref="fl-3"/>
      </object_component>
      <object_component id="oc-149">
         <name>.debug_line</name>
         <load_address>0xb3b</load_address>
         <run_address>0xb3b</run_address>
         <size>0x4d</size>
         <input_file_ref idref="fl-4"/>
      </object_component>
      <object_component id="oc-15f">
         <name>.debug_line</name>
         <load_address>0xb88</load_address>
         <run_address>0xb88</run_address>
         <size>0x5d</size>
         <input_file_ref idref="fl-59"/>
      </object_component>
      <object_component id="oc-164">
         <name>.debug_line</name>
         <load_address>0xbe5</load_address>
         <run_address>0xbe5</run_address>
         <size>0x6b</size>
         <input_file_ref idref="fl-16"/>
      </object_component>
      <object_component id="oc-169">
         <name>.debug_line</name>
         <load_address>0xc50</load_address>
         <run_address>0xc50</run_address>
         <size>0x81</size>
         <input_file_ref idref="fl-b"/>
      </object_component>
      <object_component id="oc-16e">
         <name>.debug_line</name>
         <load_address>0xcd1</load_address>
         <run_address>0xcd1</run_address>
         <size>0x46</size>
         <input_file_ref idref="fl-17"/>
      </object_component>
      <object_component id="oc-173">
         <name>.debug_line</name>
         <load_address>0xd17</load_address>
         <run_address>0xd17</run_address>
         <size>0x92</size>
         <input_file_ref idref="fl-b"/>
      </object_component>
      <object_component id="oc-17b">
         <name>.debug_line</name>
         <load_address>0xda9</load_address>
         <run_address>0xda9</run_address>
         <size>0x47</size>
         <input_file_ref idref="fl-16"/>
      </object_component>
      <object_component id="oc-17f">
         <name>.debug_line</name>
         <load_address>0xdf0</load_address>
         <run_address>0xdf0</run_address>
         <size>0x82</size>
         <input_file_ref idref="fl-b"/>
      </object_component>
      <object_component id="oc-184">
         <name>.debug_line</name>
         <load_address>0xe72</load_address>
         <run_address>0xe72</run_address>
         <size>0x37</size>
         <input_file_ref idref="fl-3"/>
      </object_component>
      <object_component id="oc-189">
         <name>.debug_line</name>
         <load_address>0xea9</load_address>
         <run_address>0xea9</run_address>
         <size>0x6a</size>
         <input_file_ref idref="fl-6"/>
      </object_component>
      <object_component id="oc-18e">
         <name>.debug_line</name>
         <load_address>0xf13</load_address>
         <run_address>0xf13</run_address>
         <size>0x69</size>
         <input_file_ref idref="fl-6"/>
      </object_component>
      <object_component id="oc-193">
         <name>.debug_line</name>
         <load_address>0xf7c</load_address>
         <run_address>0xf7c</run_address>
         <size>0x73</size>
         <input_file_ref idref="fl-6"/>
[...]
      </symbol>
      <symbol id="sm-507">
         <name>MRFI_Receive</name>
         <value>0x6ee8</value>
         <object_component_ref idref="oc-25d"/>
      </symbol>
      <symbol id="sm-508">
         <name>Mrfi_RxModeOff</name>
         <value>0x6b40</value>
         <object_component_ref idref="oc-28d"/>
      </symbol>
      <symbol id="sm-545">
         <name>MRFI_SetLogicalChannel</name>
         <value>0x69ce</value>
         <object_component_ref idref="oc-283"/>
      </symbol>
      <symbol id="sm-546">
         <name>MRFI_RxAddrIsFiltered</name>
         <value>0x5b3a</value>
         <object_component_ref idref="oc-19d"/>
      </symbol>
      <symbol id="sm-547">
         <name>mrfiBroadcastAddr</name>
         <value>0x445e</value>
         <object_component_ref idref="oc-24f"/>
      </symbol>
      <symbol id="sm-548">
         <name>MRFI_SetRFPwr</name>
         <value>0x6998</value>
         <object_component_ref idref="oc-288"/>
      </symbol>
      <symbol id="sm-57a">
         <name>nwk_getProtocolVersion</name>
         <value>0x7078</value>
         <object_component_ref idref="oc-483"/>
      </symbol>
      <symbol id="sm-57b">
         <name>nwk_globalsInit</name>
         <value>0x6c2c</value>
         <object_component_ref idref="oc-2a7"/>
      </symbol>
      <symbol id="sm-57c">
         <name>nwk_getBCastAddress</name>
         <value>0x706c</value>
         <object_component_ref idref="oc-2d4"/>
      </symbol>
      <symbol id="sm-57d">
         <name>nwk_getMyAddress</name>
         <value>0x6fb6</value>
         <object_component_ref idref="oc-376"/>
      </symbol>
      <symbol id="sm-60c">
         <name>nwk_replayFrame</name>
         <value>0x671c</value>
         <object_component_ref idref="oc-33a"/>
      </symbol>
      <symbol id="sm-60d">
         <name>nwk_buildFrame</name>
         <value>0x519e</value>
         <object_component_ref idref="oc-47d"/>
      </symbol>
      <symbol id="sm-60e">
         <name>nwk_SendEmptyPollRspFrame</name>
         <value>0x5674</value>
         <object_component_ref idref="oc-4d3"/>
      </symbol>
      <symbol id="sm-60f">
         <name>nwk_sendFrame</name>
         <value>0x668e</value>
         <object_component_ref idref="oc-3df"/>
      </symbol>
      <symbol id="sm-610">
         <name>nwk_getSandFFrame</name>
         <value>0x587c</value>
         <object_component_ref idref="oc-4ce"/>
      </symbol>
      <symbol id="sm-611">
         <name>isDupSandFFrame</name>
         <value>0x5502</value>
         <object_component_ref idref="oc-349"/>
      </symbol>
      <symbol id="sm-612">
         <name>nwk_getMyRxType</name>
         <value>0x7072</value>
         <object_component_ref idref="oc-492"/>
      </symbol>
      <symbol id="sm-613">
         <name>nwk_frameInit</name>
         <value>0x6a02</value>
         <object_component_ref idref="oc-2ac"/>
      </symbol>
      <symbol id="sm-614">
         <name>nwk_retrieveFrame</name>
         <value>0x4fb6</value>
         <object_component_ref idref="oc-22e"/>
      </symbol>
      <symbol id="sm-615">
         <name>nwk_sendAckReply</name>
         <value>0x5724</value>
         <object_component_ref idref="oc-3e5"/>
      </symbol>
      <symbol id="sm-616">
         <name>MRFI_RxCompleteISR</name>
         <value>0x6c78</value>
         <object_component_ref idref="oc-1aa"/>
      </symbol>
      <symbol id="sm-63f">
         <name>SMPL_Receive</name>
         <value>0x5d4a</value>
         <object_component_ref idref="oc-17d"/>
      </symbol>
      <symbol id="sm-640">
         <name>SMPL_Init</name>
         <value>0x656e</value>
         <object_component_ref idref="oc-167"/>
      </symbol>
      <symbol id="sm-641">
         <name>SMPL_LinkListen</name>
         <value>0x5916</value>
         <object_component_ref idref="oc-171"/>
      </symbol>
      <symbol id="sm-68f">
         <name>nwk_QadjustOrder</name>
         <value>0x5fe0</value>
         <object_component_ref idref="oc-314"/>
      </symbol>
      <symbol id="sm-690">
         <name>nwk_QfindSlot</name>
         <value>0x535e</value>
         <object_component_ref idref="oc-258"/>
      </symbol>
      <symbol id="sm-691">
         <name>nwk_QInit</name>
         <value>0x6dc8</value>
         <object_component_ref idref="oc-2b1"/>
      </symbol>
      <symbol id="sm-692">
         <name>nwk_getQ</name>
         <value>0x6e70</value>
         <object_component_ref idref="oc-3f1"/>
      </symbol>
      <symbol id="sm-693">
         <name>nwk_QfindOldest</name>
         <value>0x48a6</value>
         <object_component_ref idref="oc-30f"/>
      </symbol>
      <symbol id="sm-759">
         <name>nwk_getNextConnection</name>
         <value>0x62a0</value>
         <object_component_ref idref="oc-49c"/>
      </symbol>
      <symbol id="sm-75a">
         <name>nwk_findPeer</name>
         <value>0x5ec8</value>
         <object_component_ref idref="oc-4ad"/>
      </symbol>
      <symbol id="sm-75b">
         <name>nwk_freeConnection</name>
         <value>0x7014</value>
         <object_component_ref idref="oc-4a6"/>
      </symbol>
      <symbol id="sm-75c">
         <name>nwk_checkConnInfo</name>
         <value>0x686a</value>
         <object_component_ref idref="oc-229"/>
      </symbol>
      <symbol id="sm-75d">
         <name>nwk_checkAppMsgTID</name>
         <value>0x63ee</value>
         <object_component_ref idref="oc-4c9"/>
      </symbol>
      <symbol id="sm-75e">
         <name>nwk_saveJoinedDevice</name>
         <value>0x5a2e</value>
         <object_component_ref idref="oc-4bd"/>
      </symbol>
      <symbol id="sm-75f">
         <name>nwk_isLinkDuplicate</name>
         <value>0x5f26</value>
         <object_component_ref idref="oc-48d"/>
      </symbol>
      <symbol id="sm-760">
         <name>nwk_getSFInfoPtr</name>
         <value>0x707e</value>
         <object_component_ref idref="oc-397"/>
      </symbol>
      <symbol id="sm-761">
         <name>nwk_isConnectionValid</name>
         <value>0x5436</value>
         <object_component_ref idref="oc-33f"/>
      </symbol>
      <symbol id="sm-762">
         <name>nwk_isValidReply</name>
         <value>0x60f0</value>
         <object_component_ref idref="oc-418"/>
      </symbol>
      <symbol id="sm-763">
         <name>nwk_findAlreadyJoined</name>
         <value>0x5daa</value>
         <object_component_ref idref="oc-497"/>
      </symbol>
      <symbol id="sm-764">
         <name>nwk_putNumObjectIntoMsg</name>
         <value>0x5c1a</value>
         <object_component_ref idref="oc-4b8"/>
      </symbol>
      <symbol id="sm-765">
         <name>nwk_allocateLocalRxPort</name>
         <value>0x4c26</value>
         <object_component_ref idref="oc-4a1"/>
      </symbol>
      <symbol id="sm-766">
         <name>nwk_nwkInit</name>
         <value>0x59a4</value>
         <object_component_ref idref="oc-1e8"/>
      </symbol>
      <symbol id="sm-767">
         <name>nwk_getConnInfo</name>
         <value>0x67a8</value>
         <object_component_ref idref="oc-224"/>
      </symbol>
      <symbol id="sm-768">
         <name>nwk_getNumObjectFromMsg</name>
         <value>0x643e</value>
         <object_component_ref idref="oc-488"/>
      </symbol>
      <symbol id="sm-779">
         <name>nwk_securityInit</name>
         <value>0x708c</value>
         <object_component_ref idref="oc-2cf"/>
      </symbol>
      <symbol id="sm-77a">
         <name>nwk_processSecurity</name>
         <value>0x702e</value>
         <object_component_ref idref="oc-3ce"/>
      </symbol>
      <symbol id="sm-7a5">
         <name>nwk_processPing</name>
         <value>0x6646</value>
         <object_component_ref idref="oc-3bf"/>
      </symbol>
      <symbol id="sm-7a6">
         <name>nwk_pingInit</name>
         <value>0x704e</value>
         <object_component_ref idref="oc-2bb"/>
      </symbol>
      <symbol id="sm-7e0">
         <name>nwk_mgmtInit</name>
         <value>0x6f2a</value>
         <object_component_ref idref="oc-2c5"/>
      </symbol>
      <symbol id="sm-7e1">
         <name>nwk_resetSFMarker</name>
         <value>0x6fe8</value>
         <object_component_ref idref="oc-4c2"/>
      </symbol>
      <symbol id="sm-7e2">
         <name>nwk_processMgmt</name>
         <value>0x5ce8</value>
         <object_component_ref idref="oc-3d8"/>
      </symbol>
      <symbol id="sm-84a">
         <name>nwk_linkInit</name>
         <value>0x6a34</value>
         <object_component_ref idref="oc-2ca"/>
      </symbol>
      <symbol id="sm-84b">
         <name>nwk_setLinkToken</name>
         <value>0x6c9c</value>
         <object_component_ref idref="oc-392"/>
      </symbol>
      <symbol id="sm-84c">
         <name>nwk_getLocalLinkID</name>
         <value>0x6096</value>
         <object_component_ref idref="oc-20f"/>
      </symbol>
      <symbol id="sm-84d">
         <name>nwk_setListenContext</name>
         <value>0x6e8a</value>
         <object_component_ref idref="oc-20a"/>
      </symbol>
      <symbol id="sm-84e">
         <name>nwk_getLinkToken</name>
         <value>0x6e02</value>
         <object_component_ref idref="oc-4b3"/>
      </symbol>
      <symbol id="sm-84f">
         <name>nwk_processLink</name>
         <value>0x65fe</value>
         <object_component_ref idref="oc-3c4"/>
      </symbol>
      <symbol id="sm-89b">
         <name>nwk_processJoin</name>
         <value>0x6348</value>
         <object_component_ref idref="oc-3c9"/>
      </symbol>
      <symbol id="sm-89c">
         <name>nwk_isSandFClient</name>
         <value>0x62f4</value>
         <object_component_ref idref="oc-344"/>
      </symbol>
      <symbol id="sm-89d">
         <name>nwk_joinInit</name>
         <value>0x66d6</value>
         <object_component_ref idref="oc-2c0"/>
      </symbol>
      <symbol id="sm-89e">
         <name>nwk_join</name>
         <value>0x7088</value>
         <object_component_ref idref="oc-1fc"/>
      </symbol>
      <symbol id="sm-8d2">
         <name>nwk_setChannel</name>
         <value>0x6b90</value>
         <object_component_ref idref="oc-1f2"/>
      </symbol>
      <symbol id="sm-8d3">
         <name>nwk_freqInit</name>
         <value>0x6f14</value>
         <object_component_ref idref="oc-2b6"/>
      </symbol>
      <symbol id="sm-8d4">
         <name>nwk_processFreq</name>
         <value>0x639c</value>
         <object_component_ref idref="oc-3d3"/>
      </symbol>
      <symbol id="sm-8dc">
         <name>BSP_DELAY_USECS</name>
         <value>0x6ff8</value>
         <object_component_ref idref="oc-354"/>
      </symbol>
      <symbol id="sm-90f">
         <name>radio_rx_buffer</name>
         <value>0x2472</value>
      </symbol>
      <symbol id="sm-910">
         <name>intState</name>
         <value>0x2488</value>
      </symbol>
      <symbol id="sm-911">
         <name>radio_wait_join_link</name>
         <value>0x6bb8</value>
         <object_component_ref idref="oc-108"/>
      </symbol>
      <symbol id="sm-912">
         <name>radio_init</name>
         <value>0x6d8a</value>
         <object_component_ref idref="oc-101"/>
      </symbol>
      <symbol id="sm-913">
         <name>rx_length</name>
         <value>0x24e5</value>
         <object_component_ref idref="oc-112"/>
      </symbol>
      <symbol id="sm-914">
         <name>radio_read_msg</name>
         <value>0x6e1e</value>
         <object_component_ref idref="oc-114"/>
      </symbol>
      <symbol id="sm-915">
         <name>sJoinSem</name>
         <value>0x24e8</value>
         <object_component_ref idref="oc-112"/>
      </symbol>
      <symbol id="sm-916">
         <name>sPeerFrameSem</name>
         <value>0x24e7</value>
         <object_component_ref idref="oc-112"/>
      </symbol>
      <symbol id="sm-927">
         <name>k_gains</name>
         <value>0x247a</value>
      </symbol>
      <symbol id="sm-928">
         <name>fb_attitude</name>
         <value>0x2466</value>
      </symbol>
      <symbol id="sm-929">
         <name>radio_status</name>
         <value>0x24da</value>
         <object_component_ref idref="oc-106"/>
      </symbol>
      <symbol id="sm-92a">
         <name>main</name>
         <value>0x6924</value>
         <object_component_ref idref="oc-ae"/>
      </symbol>
      <symbol id="sm-92b">
         <name>msgs_error</name>
         <value>0x24dc</value>
         <object_component_ref idref="oc-106"/>
      </symbol>
      <symbol id="sm-933">
         <name>drystone_gains_init</name>
         <value>0x65b6</value>
         <object_component_ref idref="oc-fc"/>
      </symbol>
      <symbol id="sm-93c">
         <name>__mspabi_sral</name>
         <value>0x6fd8</value>
         <object_component_ref idref="oc-292"/>
      </symbol>
      <symbol id="sm-94a">
         <name>_c_int00_noexit</name>
         <value>0x446a</value>
         <object_component_ref idref="oc-72"/>
      </symbol>
      <symbol id="sm-94b">
         <name>_c_int00</name>
         <value>0x446a</value>
         <object_component_ref idref="oc-72"/>
      </symbol>
      <symbol id="sm-94c">
         <name>_stack</name>
         <value>0x4360</value>
         <object_component_ref idref="oc-93"/>
      </symbol>
      <symbol id="sm-94d">
         <name>_reset_vector</name>
         <value>0xfffe</value>
         <object_component_ref idref="oc-95"/>
      </symbol>
      <symbol id="sm-95d">
         <name>__TI_decompress_none</name>
         <value>0x68e8</value>
         <object_component_ref idref="oc-84"/>
      </symbol>
      <symbol id="sm-97f">
         <name>__TI_decompress_rle24</name>
         <value>0x7006</value>
         <object_component_ref idref="oc-8e"/>
      </symbol>
      <symbol id="sm-991">
         <name>__TI_zero_init</name>
         <value>0x68aa</value>
         <object_component_ref idref="oc-89"/>
      </symbol>
      <symbol id="sm-99b">
         <name>__memcpy_far</name>
         <value>0x682a</value>
         <object_component_ref idref="oc-c3"/>
      </symbol>
      <symbol id="sm-9a6">
         <name>__mspabi_remi</name>
         <value>0x6aec</value>
         <object_component_ref idref="oc-253"/>
      </symbol>
      <symbol id="sm-9a7">
         <name>__mspabi_divi</name>
         <value>0x6aec</value>
         <object_component_ref idref="oc-253"/>
      </symbol>
      <symbol id="sm-9b0">
         <name>__mspabi_remu</name>
         <value>0x6f40</value>
         <object_component_ref idref="oc-326"/>
      </symbol>
      <symbol id="sm-9b1">
         <name>__mspabi_divu</name>
         <value>0x6f40</value>
         <object_component_ref idref="oc-326"/>
      </symbol>
      <symbol id="sm-9be">
         <name>__mspabi_remul</name>
         <value>0x614a</value>
         <object_component_ref idref="oc-29a"/>
      </symbol>
      <symbol id="sm-9bf">
         <name>__mspabi_divul</name>
         <value>0x614a</value>
         <object_component_ref idref="oc-29a"/>
      </symbol>
      <symbol id="sm-9c8">
         <name>C$$EXIT</name>
         <value>0x7084</value>
         <object_component_ref idref="oc-b3"/>
      </symbol>
      <symbol id="sm-9c9">
         <name>abort</name>
         <value>0x7084</value>
         <object_component_ref idref="oc-b3"/>
      </symbol>
      <symbol id="sm-9d7">
         <name>__mspabi_fixfu</name>
         <value>0x6762</value>
         <object_component_ref idref="oc-1b6"/>
      </symbol>
      <symbol id="sm-9da">
         <name>__TI_int41</name>
         <value>0xffd2</value>
         <object_component_ref idref="oc-69"/>
      </symbol>
      <symbol id="sm-9dd">
         <name>__TI_int43</name>
         <value>0xffd6</value>
         <object_component_ref idref="oc-6b"/>
      </symbol>
      <symbol id="sm-9e0">
         <name>__TI_int44</name>
         <value>0xffd8</value>
         <object_component_ref idref="oc-6c"/>
      </symbol>
      <symbol id="sm-9e3">
         <name>__TI_int45</name>
         <value>0xffda</value>
         <object_component_ref idref="oc-6d"/>
      </symbol>
      <symbol id="sm-9e6">
         <name>__TI_int46</name>
         <value>0xffdc</value>
         <object_component_ref idref="oc-6e"/>
      </symbol>
      <symbol id="sm-9e9">
         <name>__TI_int48</name>
         <value>0xffe0</value>
         <object_component_ref idref="oc-70"/>
      </symbol>
      <symbol id="sm-9ec">
         <name>__TI_int49</name>
         <value>0xffe2</value>
         <object_component_ref idref="oc-71"/>
      </symbol>
      <symbol id="sm-9ef">
         <name>__TI_int50</name>
         <value>0xffe4</value>
         <object_component_ref idref="oc-77"/>
      </symbol>
      <symbol id="sm-9f2">
         <name>__TI_int51</name>
         <value>0xffe6</value>
         <object_component_ref idref="oc-78"/>
      </symbol>
      <symbol id="sm-9f5">
         <name>__TI_int52</name>
         <value>0xffe8</value>
         <object_component_ref idref="oc-79"/>
      </symbol>
      <symbol id="sm-9f8">
         <name>__TI_int54</name>
         <value>0xffec</value>
         <object_component_ref idref="oc-7b"/>
      </symbol>
      <symbol id="sm-9fb">
         <name>__TI_int55</name>
         <value>0xffee</value>
         <object_component_ref idref="oc-7c"/>
      </symbol>
      <symbol id="sm-9fe">
         <name>__TI_int56</name>
         <value>0xfff0</value>
         <object_component_ref idref="oc-7d"/>
      </symbol>
      <symbol id="sm-a01">
         <name>__TI_int57</name>
         <value>0xfff2</value>
         <object_component_ref idref="oc-7e"/>
      </symbol>
      <symbol id="sm-a04">
         <name>__TI_int58</name>
         <value>0xfff4</value>
         <object_component_ref idref="oc-7f"/>
      </symbol>
      <symbol id="sm-a07">
         <name>__TI_int60</name>
         <value>0xfff8</value>
         <object_component_ref idref="oc-81"/>
      </symbol>
      <symbol id="sm-a0a">
         <name>__TI_int61</name>
         <value>0xfffa</value>
         <object_component_ref idref="oc-82"/>
      </symbol>
      <symbol id="sm-a0d">
         <name>__TI_int62</name>
         <value>0xfffc</value>
         <object_component_ref idref="oc-83"/>
      </symbol>
      <symbol id="sm-a14">
         <name>__TI_ISR_TRAP</name>
         <value>0x7066</value>
         <object_component_ref idref="oc-96"/>
      </symbol>
      <symbol id="sm-a22">
         <name>memcmp</name>
         <value>0x6d06</value>
         <object_component_ref idref="oc-333"/>
      </symbol>
      <symbol id="sm-a2f">
         <name>memcpy</name>
         <value>0x6fa4</value>
         <object_component_ref idref="oc-2d9"/>
      </symbol>
      <symbol id="sm-a3d">
         <name>memmove</name>
         <value>0x6d6a</value>
         <object_component_ref idref="oc-4dd"/>
      </symbol>
      <symbol id="sm-a4a">
         <name>memset</name>
         <value>0x6f6c</value>
         <object_component_ref idref="oc-15d"/>
      </symbol>
      <symbol id="sm-a51">
         <name>__mspabi_mpyi_f5hw</name>
         <value>0x6f56</value>
         <object_component_ref idref="oc-29e"/>
      </symbol>
      <symbol id="sm-a58">
         <name>__mspabi_mpyl_f5hw</name>
         <value>0x6d28</value>
         <object_component_ref idref="oc-296"/>
      </symbol>
      <symbol id="sm-a6f">
         <name>_auto_init</name>
         <value>0x5baa</value>
         <object_component_ref idref="oc-a9"/>
      </symbol>
      <symbol id="sm-a70">
         <name>__TI_exit</name>
         <value>0x1</value>
      </symbol>
      <symbol id="sm-a71">
         <name>__TI_args_main</name>
         <value>0x1</value>
      </symbol>
      <symbol id="sm-a72">
         <name>__TI_INITARRAY_Base</name>
         <value>0x0</value>
      </symbol>
      <symbol id="sm-a73">
         <name>__TI_INITARRAY_Limit</name>
         <value>0x0</value>
      </symbol>
   </symbol_table>
   <title>Link successful</title>
</link_info>
