******************************************************************************
                  MSP430 Linker PC v4.2.1                      
******************************************************************************
>> Linked Sun Nov 17 19:37:46 2013

OUTPUT FILE NAME:   <Drystone_Vortex_FCC.out>
ENTRY POINT SYMBOL: "_c_int00"  address: 0000446a


MEMORY CONFIGURATION

         name            origin    length      used     unused   attr    fill
----------------------  --------  ---------  --------  --------  ----  --------
  SFR                   00000000   00000010  00000000  00000010  RWIX
  PERIPHERALS_8BIT      00000010   000000f0  00000000  000000f0  RWIX
  PERIPHERALS_16BIT     00000100   00000100  00000000  00000100  RWIX
  INFOD                 00001800   00000080  00000000  00000080  RWIX
  INFOC                 00001880   00000080  00000000  00000080  RWIX
  INFOB                 00001900   00000080  00000000  00000080  RWIX
  INFOA                 00001980   00000080  00000000  00000080  RWIX
  USBRAM                00001c00   00000800  00000000  00000800  RWIX
  RAM                   00002400   00002000  00000195  00001e6b  RWIX
  FLASH                 00004400   0000bb80  00002cbd  00008ec3  RWIX
  INT00                 0000ff80   00000002  00000000  00000002  RWIX
  INT01                 0000ff82   00000002  00000000  00000002  RWIX
  INT02                 0000ff84   00000002  00000000  00000002  RWIX
  INT03                 0000ff86   00000002  00000000  00000002  RWIX
  INT04                 0000ff88   00000002  00000000  00000002  RWIX
  INT05                 0000ff8a   00000002  00000000  00000002  RWIX
  INT06                 0000ff8c   00000002  00000000  00000002  RWIX
  INT07                 0000ff8e   00000002  00000000  00000002  RWIX
  INT08                 0000ff90   00000002  00000000  00000002  RWIX
  INT09                 0000ff92   00000002  00000000  00000002  RWIX
  INT10                 0000ff94   00000002  00000000  00000002  RWIX
  INT11                 0000ff96   00000002  00000000  00000002  RWIX
  INT12                 0000ff98   00000002  00000000  00000002  RWIX
  INT13                 0000ff9a   00000002  00000000  00000002  RWIX
  INT14                 0000ff9c   00000002  00000000  00000002  RWIX
  INT15                 0000ff9e   00000002  00000000  00000002  RWIX
  INT16                 0000ffa0   00000002  00000000  00000002  RWIX
  INT17                 0000ffa2   00000002  00000000  00000002  RWIX
  INT18                 0000ffa4   00000002  00000000  00000002  RWIX
  INT19                 0000ffa6   00000002  00000000  00000002  RWIX
  INT20                 0000ffa8   00000002  00000000  00000002  RWIX
  INT21                 0000ffaa   00000002  00000000  00000002  RWIX
  INT22                 0000ffac   00000002  00000000  00000002  RWIX
  INT23                 0000ffae   00000002  00000000  00000002  RWIX
  INT24                 0000ffb0   00000002  00000000  00000002  RWIX
  INT25                 0000ffb2   00000002  00000000  00000002  RWIX
  INT26                 0000ffb4   00000002  00000000  00000002  RWIX
  INT27                 0000ffb6   00000002  00000000  00000002  RWIX
  INT28                 0000ffb8   00000002  00000000  00000002  RWIX
  INT29                 0000ffba   00000002  00000000  00000002  RWIX
  INT30                 0000ffbc   00000002  00000000  00000002  RWIX
  INT31                 0000ffbe   00000002  00000000  00000002  RWIX
  INT32                 0000ffc0   00000002  00000000  00000002  RWIX
  INT33                 0000ffc2   00000002  00000000  00000002  RWIX
  INT34                 0000ffc4   00000002  00000000  00000002  RWIX
  INT35                 0000ffc6   00000002  00000000  00000002  RWIX
  INT36                 0000ffc8   00000002  00000000  00000002  RWIX
  INT37                 0000ffca   00000002  00000000  00000002  RWIX
  INT38                 0000ffcc   00000002  00000000  00000002  RWIX
  INT39                 0000ffce   00000002  00000000  00000002  RWIX
  INT40                 0000ffd0   00000002  00000000  00000002  RWIX
  INT41                 0000ffd2   00000002  00000002  00000000  RWIX
  INT42                 0000ffd4   00000002  00000002  00000000  RWIX
  INT43                 0000ffd6   00000002  00000002  00000000  RWIX
  INT44                 0000ffd8   00000002  00000002  00000000  RWIX
  INT45                 0000ffda   00000002  00000002  00000000  RWIX
  INT46                 0000ffdc   00000002  00000002  00000000  RWIX
  INT47                 0000ffde   00000002  00000002  00000000  RWIX
  INT48                 0000ffe0   00000002  00000002  00000000  RWIX
  INT49                 0000ffe2   00000002  00000002  00000000  RWIX
  INT50                 0000ffe4   00000002  00000002  00000000  RWIX
  INT51                 0000ffe6   00000002  00000002  00000000  RWIX
  INT52                 0000ffe8   00000002  00000002  00000000  RWIX
  INT53                 0000ffea   00000002  00000002  00000000  RWIX
  INT54                 0000ffec   00000002  00000002  00000000  RWIX
  INT55                 0000ffee   00000002  00000002  00000000  RWIX
  INT56                 0000fff0   00000002  00000002  00000000  RWIX
  INT57                 0000fff2   00000002  00000002  00000000  RWIX
  INT58                 0000fff4   00000002  00000002  00000000  RWIX
  INT59                 0000fff6   00000002  00000002  00000000  RWIX
  INT60                 0000fff8   00000002  00000002  00000000  RWIX
  INT61                 0000fffa   00000002  00000002  00000000  RWIX
  INT62                 0000fffc   00000002  00000002  00000000  RWIX
  RESET                 0000fffe   00000002  00000002  00000000  RWIX
  FLASH2                00010000   00014400  00000000  00014400  RWIX


SECTION ALLOCATION MAP

 output                                  attributes/
section   page    origin      length       input sections
--------  ----  ----------  ----------   ----------------
.init_array 
*          0    00004400    00000000     UNINITIALIZED

.bss       0    00002400    0000008c     UNINITIALIZED
                  00002400    0000001a     (.common:sInFrameQ)
                  0000241a    0000001a     (.common:sOutFrameQ)
                  00002434    0000001a     (.common:sSample)
                  0000244e    00000017     (.common:mrfiIncomingPacket)
                  00002465    00000001     (.common:sCurLogicalChan)
                  00002466    0000000c     (.common:fb_attitude)
                  00002472    00000008     (.common:radio_rx_buffer)
                  0000247a    00000006     (.common:k_gains)
                  00002480    00000004     (.common:sAPAddress)
                  00002484    00000004     (.common:sMyRAMAddress)
                  00002488    00000002     (.common:intState)
                  0000248a    00000002     (.common:sServiceLinkID)

.TI.noinit 
*          0    0000248c    00000002     UNINITIALIZED
                  0000248c    00000002     HAL_device.obj (.TI.noinit)

.data      0    0000248e    00000067     UNINITIALIZED
                  0000248e    00000023     nwk.obj (.data)
                  000024b1    00000001     HAL_F5_board.obj (.data)
                  000024b2    0000000d     nwk_join.obj (.data)
                  000024bf    00000001     mrfi_f1f2.obj (.data)
                  000024c0    0000000a     nwk_frame.obj (.data)
                  000024ca    00000008     mrfi_radio.obj (.data)
                  000024d2    00000007     nwk_link.obj (.data)
                  000024d9    00000001     nwk_api.obj (.data)
                  000024da    00000006     Drystone_Vortex_FCC_main.obj (.data)
                  000024e0    00000005     HAL_device.obj (.data)
                  000024e5    00000004     FCC_radio_interface.obj (.data)
                  000024e9    00000001     nwk_freq.obj (.data)
                  000024ea    00000004     mrfi_f1f2.obj (.data:mrfiRxFilterAddr)
                  000024ee    00000001     nwk_globals.obj (.data)
                  000024ef    00000001     nwk_mgmt.obj (.data)
                  000024f0    00000001     nwk_ping.obj (.data)
                  000024f1    00000001     --HOLE--
                  000024f2    00000001     FCC_radio_interface.obj (.data:sLID)
                  000024f3    00000001     --HOLE--
                  000024f4    00000001     nwk_mgmt.obj (.data:sSFMarker)

.TI.persistent 
*          0    0000248e    00000000     UNINITIALIZED

.stack     0    00004360    000000a0     UNINITIALIZED
                  00004360    00000002     rts430x_lc_sd_eabi.lib : boot.obj (.stack)
                  00004362    0000009e     --HOLE--

.const     0    00004400    00000069     
                  00004400    0000003c     mrfi_radio.obj (.const:mrfiRadioCfg)
                  0000443c    00000018     nwk_frame.obj (.const:func)
                  00004454    00000009     nwk_globals.obj (.const)
                  0000445d    00000001     --HOLE-- [fill = 0]
                  0000445e    00000004     mrfi_f1f2.obj (.const:.string:mrfiBroadcastAddr)
                  00004462    00000004     mrfi_f1f2.obj (.const:.string:mrfiLogicalChanTable)
                  00004466    00000003     mrfi_f1f2.obj (.const:.string:mrfiRFPowerTable)

.text:_isr 
*          0    0000446a    0000004a     
                  0000446a    0000001a     rts430x_lc_sd_eabi.lib : boot.obj (.text:_isr:_c_int00_noexit)
                  00004484    00000010     HAL_device.obj (.text:_isr:OS_TIMER_ISR)
                  00004494    0000000c     HAL_device.obj (.text:_isr:us_TIMER_ISR)
                  000044a0    0000000a     mrfi_board.obj (.text:_isr:GDO0_ISR)
                  000044aa    0000000a     HAL_F5_board.obj (.text:_isr:SW2_ISR)

.text      0    000044b4    00002bda     
                  000044b4    000001fa     nwk_link.obj (.text:smpl_send_link_reply)
                  000046ae    000001f8     mrfi_radio.obj (.text:MRFI_Init)
                  000048a6    000001da     nwk_QMgmt.obj (.text:nwk_QfindOldest)
                  00004a80    000001a6     nwk_frame.obj (.text:dispatchFrame)
                  00004c26    0000014a     nwk.obj (.text:nwk_allocateLocalRxPort)
                  00004d70    00000136     nwk_join.obj (.text:smpl_send_join_reply)
                  00004ea6    00000110     mrfi_radio.obj (.text:MRFI_Transmit)
                  00004fb6    000000fc     nwk_frame.obj (.text:nwk_retrieveFrame)
                  000050b2    000000ec     mrfi_radio.obj (.text:Mrfi_SyncPinRxIsr)
                  0000519e    000000e8     nwk_frame.obj (.text:nwk_buildFrame)
                  00005286    000000d8     rts430x_lc_sd_eabi.lib : copy_decompress_rle.obj (.text:__TI_decompress_rle_core)
                  0000535e    000000d8     nwk_QMgmt.obj (.text:nwk_QfindSlot)
                  00005436    000000cc     nwk.obj (.text:nwk_isConnectionValid)
                  00005502    000000bc     nwk_frame.obj (.text:isDupSandFFrame)
                  000055be    000000b6     nwk_mgmt.obj (.text:send_poll_reply)
                  00005674    000000b0     nwk_frame.obj (.text:nwk_SendEmptyPollRspFrame)
                  00005724    000000ac     nwk_frame.obj (.text:nwk_sendAckReply)
                  000057d0    000000ac     mrfi_spi.obj (.text:spiBurstFifoAccess)
                  0000587c    0000009a     nwk_frame.obj (.text:nwk_getSandFFrame)
                  00005916    0000008e     nwk_api.obj (.text:SMPL_LinkListen)
                  000059a4    0000008a     nwk.obj (.text:nwk_nwkInit)
                  00005a2e    00000088     nwk.obj (.text:nwk_saveJoinedDevice)
                  00005ab6    00000084     nwk_link.obj (.text:smpl_send_unlink_reply)
                  00005b3a    00000070     mrfi_f1f2.obj (.text:MRFI_RxAddrIsFiltered)
                  00005baa    00000070     rts430x_lc_sd_eabi.lib : autoinit.obj (.text:_auto_init)
                  00005c1a    00000068     nwk.obj (.text:nwk_putNumObjectIntoMsg)
                  00005c82    00000066     nwk_freq.obj (.text:send_ping_reply)
                  00005ce8    00000062     nwk_mgmt.obj (.text:nwk_processMgmt)
                  00005d4a    00000060     nwk_api.obj (.text:SMPL_Receive)
                  00005daa    00000060     nwk.obj (.text:nwk_findAlreadyJoined)
                  00005e0a    00000060     mrfi_spi.obj (.text:spiRegAccess)
                  00005e6a    0000005e     mrfi_spi.obj (.text:mrfiSpiCmdStrobe)
                  00005ec8    0000005e     nwk.obj (.text:nwk_findPeer)
                  00005f26    0000005e     nwk.obj (.text:nwk_isLinkDuplicate)
                  00005f84    0000005c     HAL_device.obj (.text:device_clk_init)
                  00005fe0    0000005c     nwk_QMgmt.obj (.text:nwk_QadjustOrder)
                  0000603c    0000005a     nwk.obj (.text:initializeConnection)
                  00006096    0000005a     nwk_link.obj (.text:nwk_getLocalLinkID)
                  000060f0    0000005a     nwk.obj (.text:nwk_isValidReply)
                  0000614a    00000058     rts430x_lc_sd_eabi.lib : div32u.obj (.text)
                  000061a2    00000056     nwk_ping.obj (.text:smpl_send_ping_reply)
                  000061f8    00000054     mrfi_radio.obj (.text:MRFI_WakeUp)
                  0000624c    00000054     nwk_link.obj (.text:handleLinkRequest)
                  000062a0    00000054     nwk.obj (.text:nwk_getNextConnection)
                  000062f4    00000054     nwk_join.obj (.text:nwk_isSandFClient)
                  00006348    00000054     nwk_join.obj (.text:nwk_processJoin)
                  0000639c    00000052     nwk_freq.obj (.text:nwk_processFreq)
                  000063ee    00000050     nwk.obj (.text:nwk_checkAppMsgTID)
                  0000643e    0000004e     nwk.obj (.text:nwk_getNumObjectFromMsg)
                  0000648c    0000004c     mrfi_radio.obj (.text:Mrfi_CalculateRssi)
                  000064d8    0000004c     HAL_device.obj (.text:os_usdelay_timer_init)
                  00006524    0000004a     nwk.obj (.text:map_lid2idx)
                  0000656e    00000048     nwk_api.obj (.text:SMPL_Init)
                  000065b6    00000048     Drystone_Vortex.obj (.text:drystone_gains_init)
                  000065fe    00000048     nwk_link.obj (.text:nwk_processLink)
                  00006646    00000048     nwk_ping.obj (.text:nwk_processPing)
                  0000668e    00000048     nwk_frame.obj (.text:nwk_sendFrame)
                  000066d6    00000046     nwk_join.obj (.text:nwk_joinInit)
                  0000671c    00000046     nwk_frame.obj (.text:nwk_replayFrame)
                  00006762    00000046     rts430x_lc_sd_eabi.lib : fs_tou.obj (.text)
                  000067a8    00000042     nwk.obj (.text:nwk_getConnInfo)
                  000067ea    00000040     mrfi_radio.obj (.text:Mrfi_DelayUsec)
                  0000682a    00000040     rts430x_lc_sd_eabi.lib : cpy_util.obj (.text:__memcpy_far)
                  0000686a    00000040     nwk.obj (.text:nwk_checkConnInfo)
                  000068aa    0000003e     rts430x_lc_sd_eabi.lib : copy_zero_init.obj (.text:decompress:ZI:__TI_zero_init)
                  000068e8    0000003c                            : copy_decompress_none.obj (.text:decompress:none:__TI_decompress_none)
                  00006924    0000003c     Drystone_Vortex_FCC_main.obj (.text:main)
                  00006960    00000038     mrfi_spi.obj (.text:mrfiSpiInit)
                  00006998    00000036     mrfi_f1f2.obj (.text:MRFI_SetRFPwr)
                  000069ce    00000034     mrfi_f1f2.obj (.text:MRFI_SetLogicalChannel)
                  00006a02    00000032     nwk_frame.obj (.text:nwk_frameInit)
                  00006a34    00000032     nwk_link.obj (.text:nwk_linkInit)
                  00006a66    0000002e     nwk_join.obj (.text:handleJoinRequest)
                  00006a94    0000002c     mrfi_radio.obj (.text:Mrfi_RandomBackoffDelay)
                  00006ac0    0000002c     HAL_device.obj (.text:os_timer_init)
                  00006aec    0000002c     rts430x_lc_sd_eabi.lib : div16s.obj (.text)
                  00006b18    00000028     mrfi_radio.obj (.text:MRFI_Sleep)
                  00006b40    00000028     mrfi_radio.obj (.text:Mrfi_RxModeOff)
                  00006b68    00000028     mrfi_spi.obj (.text:mrfiSpiWriteReg)
                  00006b90    00000028     nwk_freq.obj (.text:nwk_setChannel)
                  00006bb8    00000028     FCC_radio_interface.obj (.text:radio_wait_join_link)
                  00006be0    00000026     nwk_freq.obj (.text:handle_freq_cmd)
                  00006c06    00000026     mrfi_spi.obj (.text:mrfiSpiReadReg)
                  00006c2c    00000026     nwk_globals.obj (.text:nwk_globalsInit)
                  00006c52    00000026     HAL_F5_board.obj (.text:sws_init)
                  00006c78    00000024     nwk_frame.obj (.text:MRFI_RxCompleteISR)
                  00006c9c    00000024     nwk_link.obj (.text:nwk_setLinkToken)
                  00006cc0    00000024     FCC_radio_interface.obj (.text:sCB)
                  00006ce4    00000022     mrfi_radio.obj (.text:MRFI_DelayMs)
                  00006d06    00000022     rts430x_lc_sd_eabi.lib : memcmp.obj (.text:memcmp)
                  00006d28    00000022                            : mult32_f5hw.obj (.text)
                  00006d4a    00000020     mrfi_radio.obj (.text:MRFI_RxOn)
                  00006d6a    00000020     rts430x_lc_sd_eabi.lib : memmov.obj (.text:memmove)
                  00006d8a    00000020     FCC_radio_interface.obj (.text:radio_init)
                  00006daa    0000001e     mrfi_radio.obj (.text:MRFI_RxIdle)
                  00006dc8    0000001e     nwk_QMgmt.obj (.text:nwk_QInit)
                  00006de6    0000001c     nwk_ping.obj (.text:handlePingRequest)
                  00006e02    0000001c     nwk_link.obj (.text:nwk_getLinkToken)
                  00006e1e    0000001c     FCC_radio_interface.obj (.text:radio_read_msg)
                  00006e3a    0000001c     nwk_mgmt.obj (.text:smpl_send_mgmt_reply)
                  00006e56    0000001a     mrfi_spi.obj (.text:mrfiSpiWriteTxFifo)
                  00006e70    0000001a     nwk_QMgmt.obj (.text:nwk_getQ)
                  00006e8a    0000001a     nwk_link.obj (.text:nwk_setListenContext)
                  00006ea4    00000018     mrfi_spi.obj (.text:mrfiSpiReadRxFifo)
                  00006ebc    00000016     mrfi_radio.obj (.text:MRFI_GpioIsr)
                  00006ed2    00000016     mrfi_radio.obj (.text:MRFI_RandomByte)
                  00006ee8    00000016     mrfi_radio.obj (.text:MRFI_Receive)
                  00006efe    00000016     HAL_F5_board.obj (.text:leds_init)
                  00006f14    00000016     nwk_freq.obj (.text:nwk_freqInit)
                  00006f2a    00000016     nwk_mgmt.obj (.text:nwk_mgmtInit)
                  00006f40    00000016     rts430x_lc_sd_eabi.lib : div16u.obj (.text)
                  00006f56    00000016                            : mult16_f5hw.obj (.text)
                  00006f6c    00000014                            : memset.obj (.text:memset)
                  00006f80    00000012     mrfi_radio.obj (.text:Mrfi_RxModeOn)
                  00006f92    00000012     HAL_device.obj (.text:device_startup)
                  00006fa4    00000012     rts430x_lc_sd_eabi.lib : memcpy.obj (.text:memcpy)
                  00006fb6    00000012     nwk_globals.obj (.text:nwk_getMyAddress)
                  00006fc8    00000010     HAL_device.obj (.text:_system_pre_init)
                  00006fd8    00000010     rts430x_lc_sd_eabi.lib : asr32.obj (.text:l_asr)
                  00006fe8    00000010     nwk_mgmt.obj (.text:nwk_resetSFMarker)
                  00006ff8    0000000e     bsp_glue.obj (.text:BSP_DELAY_USECS)
                  00007006    0000000e     rts430x_lc_sd_eabi.lib : copy_decompress_rle.obj (.text:decompress:rle24:__TI_decompress_rle24)
                  00007014    0000000e     nwk.obj (.text:nwk_freeConnection)
                  00007022    0000000c     mrfi_radio.obj (.text:MRFI_PostKillSem)
                  0000702e    0000000c     nwk_security.obj (.text:nwk_processSecurity)
                  0000703a    0000000a     nwk_join.obj (.text:generateLinkToken)
                  00007044    0000000a     HAL_F5_board.obj (.text:hal_board_init)
                  0000704e    0000000a     nwk_ping.obj (.text:nwk_pingInit)
                  00007058    00000008     HAL_device.obj (.text:os_timer_start)
                  00007060    00000006     mrfi_radio.obj (.text:MRFI_GetRadioState)
                  00007066    00000006     rts430x_lc_sd_eabi.lib : isr_trap.obj (.text:__TI_ISR_TRAP)
                  0000706c    00000006     nwk_globals.obj (.text:nwk_getBCastAddress)
                  00007072    00000006     nwk_frame.obj (.text:nwk_getMyRxType)
                  00007078    00000006     nwk_globals.obj (.text:nwk_getProtocolVersion)
                  0000707e    00000006     nwk.obj (.text:nwk_getSFInfoPtr)
                  00007084    00000004     rts430x_lc_sd_eabi.lib : exit.obj (.text:abort)
                  00007088    00000004     nwk_join.obj (.text:nwk_join)
                  0000708c    00000002     nwk_security.obj (.text:nwk_securityInit)

.cinit     0    0000708e    00000030     
                  0000708e    0000000e     (.cinit..data.load) [load image, compression = rle]
                  0000709c    0000000c     (__TI_handler_table)
                  000070a8    00000006     (.cinit..bss.load) [load image, compression = zero_init]
                  000070ae    00000010     (__TI_cinit_table)

RTC        0    0000ffd2    00000002     
                  0000ffd2    00000002     rts430x_lc_sd_eabi.lib : int41.obj (.int41)

PORT2      0    0000ffd4    00000002     
                  0000ffd4    00000002     mrfi_board.obj (.int42)

TIMER2_A1 
*          0    0000ffd6    00000002     
                  0000ffd6    00000002     rts430x_lc_sd_eabi.lib : int43.obj (.int43)

TIMER2_A0 
*          0    0000ffd8    00000002     
                  0000ffd8    00000002     rts430x_lc_sd_eabi.lib : int44.obj (.int44)

USCI_B1    0    0000ffda    00000002     
                  0000ffda    00000002     rts430x_lc_sd_eabi.lib : int45.obj (.int45)

USCI_A1    0    0000ffdc    00000002     
                  0000ffdc    00000002     rts430x_lc_sd_eabi.lib : int46.obj (.int46)

PORT1      0    0000ffde    00000002     
                  0000ffde    00000002     HAL_F5_board.obj (.int47)

TIMER1_A1 
*          0    0000ffe0    00000002     
                  0000ffe0    00000002     rts430x_lc_sd_eabi.lib : int48.obj (.int48)

TIMER1_A0 
*          0    0000ffe2    00000002     
                  0000ffe2    00000002     rts430x_lc_sd_eabi.lib : int49.obj (.int49)

DMA        0    0000ffe4    00000002     
                  0000ffe4    00000002     rts430x_lc_sd_eabi.lib : int50.obj (.int50)

USB_UBM    0    0000ffe6    00000002     
                  0000ffe6    00000002     rts430x_lc_sd_eabi.lib : int51.obj (.int51)

TIMER0_A1 
*          0    0000ffe8    00000002     
                  0000ffe8    00000002     rts430x_lc_sd_eabi.lib : int52.obj (.int52)

TIMER0_A0 
*          0    0000ffea    00000002     
                  0000ffea    00000002     HAL_device.obj (.int53)

ADC12      0    0000ffec    00000002     
                  0000ffec    00000002     rts430x_lc_sd_eabi.lib : int54.obj (.int54)

USCI_B0    0    0000ffee    00000002     
                  0000ffee    00000002     rts430x_lc_sd_eabi.lib : int55.obj (.int55)

USCI_A0    0    0000fff0    00000002     
                  0000fff0    00000002     rts430x_lc_sd_eabi.lib : int56.obj (.int56)

WDT        0    0000fff2    00000002     
                  0000fff2    00000002     rts430x_lc_sd_eabi.lib : int57.obj (.int57)

TIMER0_B1 
*          0    0000fff4    00000002     
                  0000fff4    00000002     rts430x_lc_sd_eabi.lib : int58.obj (.int58)

TIMER0_B0 
*          0    0000fff6    00000002     
                  0000fff6    00000002     HAL_device.obj (.int59)

COMP_B     0    0000fff8    00000002     
                  0000fff8    00000002     rts430x_lc_sd_eabi.lib : int60.obj (.int60)

UNMI       0    0000fffa    00000002     
                  0000fffa    00000002     rts430x_lc_sd_eabi.lib : int61.obj (.int61)

SYSNMI     0    0000fffc    00000002     
                  0000fffc    00000002     rts430x_lc_sd_eabi.lib : int62.obj (.int62)

.reset     0    0000fffe    00000002     
                  0000fffe    00000002     rts430x_lc_sd_eabi.lib : boot.obj (.reset)


LINKER GENERATED COPY TABLES

__TI_cinit_table @ 000070ae records: 2, size/record: 8, table size: 16
	.data: load addr=0000708e, load size=0000000e bytes, run addr=0000248e, run size=00000067 bytes, compression=rle
	.bss: load addr=000070a8, load size=00000006 bytes, run addr=00002400, run size=0000008c bytes, compression=zero_init


LINKER GENERATED HANDLER TABLE

__TI_handler_table @ 0000709c records: 3, size/record: 4, table size: 12
	index: 0, handler: __TI_zero_init
	index: 1, handler: __TI_decompress_rle24
	index: 2, handler: __TI_decompress_none


GLOBAL SYMBOLS: SORTED ALPHABETICALLY BY Name 

address    name
--------   ----
00000700   ADC12CTL0
00000701   ADC12CTL0_H
00000700   ADC12CTL0_L
00000702   ADC12CTL1
00000703   ADC12CTL1_H
00000702   ADC12CTL1_L
00000704   ADC12CTL2
00000705   ADC12CTL2_H
00000704   ADC12CTL2_L
0000070c   ADC12IE
0000070d   ADC12IE_H
0000070c   ADC12IE_L
0000070a   ADC12IFG
0000070b   ADC12IFG_H
0000070a   ADC12IFG_L
0000070e   ADC12IV
0000070f   ADC12IV_H
0000070e   ADC12IV_L
00000710   ADC12MCTL0
00000711   ADC12MCTL1
0000071a   ADC12MCTL10
0000071b   ADC12MCTL11
0000071c   ADC12MCTL12
0000071d   ADC12MCTL13
0000071e   ADC12MCTL14
0000071f   ADC12MCTL15
00000712   ADC12MCTL2
00000713   ADC12MCTL3
00000714   ADC12MCTL4
00000715   ADC12MCTL5
00000716   ADC12MCTL6
00000717   ADC12MCTL7
00000718   ADC12MCTL8
00000719   ADC12MCTL9
00000720   ADC12MEM0
00000721   ADC12MEM0_H
00000720   ADC12MEM0_L
00000722   ADC12MEM1
00000734   ADC12MEM10
00000735   ADC12MEM10_H
00000734   ADC12MEM10_L
00000736   ADC12MEM11
00000737   ADC12MEM11_H
00000736   ADC12MEM11_L
00000738   ADC12MEM12
00000739   ADC12MEM12_H
00000738   ADC12MEM12_L
0000073a   ADC12MEM13
0000073b   ADC12MEM13_H
0000073a   ADC12MEM13_L
0000073c   ADC12MEM14
0000073d   ADC12MEM14_H
0000073c   ADC12MEM14_L
0000073e   ADC12MEM15
0000073f   ADC12MEM15_H
0000073e   ADC12MEM15_L
00000723   ADC12MEM1_H
00000722   ADC12MEM1_L
00000724   ADC12MEM2
00000725   ADC12MEM2_H
00000724   ADC12MEM2_L
00000726   ADC12MEM3
00000727   ADC12MEM3_H
00000726   ADC12MEM3_L
00000728   ADC12MEM4
00000729   ADC12MEM4_H
00000728   ADC12MEM4_L
0000072a   ADC12MEM5
0000072b   ADC12MEM5_H
0000072a   ADC12MEM5_L
0000072c   ADC12MEM6
0000072d   ADC12MEM6_H
0000072c   ADC12MEM6_L
0000072e   ADC12MEM7
0000072f   ADC12MEM7_H
0000072e   ADC12MEM7_L
00000730   ADC12MEM8
00000731   ADC12MEM8_H
00000730   ADC12MEM8_L
00000732   ADC12MEM9
00000733   ADC12MEM9_H
00000732   ADC12MEM9_L
00006ff8   BSP_DELAY_USECS
00007084   C$$EXIT
000008c0   CBCTL0
000008c1   CBCTL0_H
000008c0   CBCTL0_L
000008c2   CBCTL1
000008c3   CBCTL1_H
000008c2   CBCTL1_L
000008c4   CBCTL2
000008c5   CBCTL2_H
000008c4   CBCTL2_L
000008c6   CBCTL3
000008c7   CBCTL3_H
000008c6   CBCTL3_L
000008cc   CBINT
000008cd   CBINT_H
000008cc   CBINT_L
000008ce   CBIV
00000150   CRCDI
00000152   CRCDIRB
00000153   CRCDIRB_H
00000152   CRCDIRB_L
00000151   CRCDI_H
00000150   CRCDI_L
00000154   CRCINIRES
00000155   CRCINIRES_H
00000154   CRCINIRES_L
00000156   CRCRESR
00000157   CRCRESR_H
00000156   CRCRESR_L
00000510   DMA0CTL
00000511   DMA0CTL_H
00000510   DMA0CTL_L
00000516   DMA0DA
00000516   DMA0DAL
00000512   DMA0SA
00000512   DMA0SAL
0000051a   DMA0SZ
00000520   DMA1CTL
00000521   DMA1CTL_H
00000520   DMA1CTL_L
00000526   DMA1DA
00000526   DMA1DAL
00000522   DMA1SA
00000522   DMA1SAL
0000052a   DMA1SZ
00000530   DMA2CTL
00000531   DMA2CTL_H
00000530   DMA2CTL_L
00000536   DMA2DA
00000536   DMA2DAL
00000532   DMA2SA
00000532   DMA2SAL
0000053a   DMA2SZ
00000500   DMACTL0
00000501   DMACTL0_H
00000500   DMACTL0_L
00000502   DMACTL1
00000503   DMACTL1_H
00000502   DMACTL1_L
00000504   DMACTL2
00000505   DMACTL2_H
00000504   DMACTL2_L
00000506   DMACTL3
00000507   DMACTL3_H
00000506   DMACTL3_L
00000508   DMACTL4
00000509   DMACTL4_H
00000508   DMACTL4_L
0000050e   DMAIV
0000050f   DMAIV_H
0000050e   DMAIV_L
00000140   FCTL1
00000141   FCTL1_H
00000140   FCTL1_L
00000144   FCTL3
00000145   FCTL3_H
00000144   FCTL3_L
00000146   FCTL4
00000147   FCTL4_H
00000146   FCTL4_L
000044a0   GDO0_ISR
000004c4   MAC
000004da   MAC32H
000004db   MAC32H_H
000004da   MAC32H_L
000004d8   MAC32L
000004d9   MAC32L_H
000004d8   MAC32L_L
000004c6   MACS
000004de   MACS32H
000004df   MACS32H_H
000004de   MACS32H_L
000004dc   MACS32L
000004dd   MACS32L_H
000004dc   MACS32L_L
000004c7   MACS_H
000004c6   MACS_L
000004c5   MAC_H
000004c4   MAC_L
000004c0   MPY
000004ec   MPY32CTL0
000004ed   MPY32CTL0_H
000004ec   MPY32CTL0_L
000004d2   MPY32H
000004d3   MPY32H_H
000004d2   MPY32H_L
000004d0   MPY32L
000004d1   MPY32L_H
000004d0   MPY32L_L
000004c2   MPYS
000004d6   MPYS32H
000004d7   MPYS32H_H
000004d6   MPYS32H_L
000004d4   MPYS32L
000004d5   MPYS32L_H
000004d4   MPYS32L_L
000004c3   MPYS_H
000004c2   MPYS_L
000004c1   MPY_H
000004c0   MPY_L
00006ce4   MRFI_DelayMs
00007060   MRFI_GetRadioState
00006ebc   MRFI_GpioIsr
000046ae   MRFI_Init
00007022   MRFI_PostKillSem
00006ed2   MRFI_RandomByte
00006ee8   MRFI_Receive
00005b3a   MRFI_RxAddrIsFiltered
00006c78   MRFI_RxCompleteISR
00006daa   MRFI_RxIdle
00006d4a   MRFI_RxOn
000069ce   MRFI_SetLogicalChannel
00006998   MRFI_SetRFPwr
00006b18   MRFI_Sleep
00004ea6   MRFI_Transmit
000061f8   MRFI_WakeUp
00006b40   Mrfi_RxModeOff
00006f80   Mrfi_RxModeOn
000004c8   OP2
000004e2   OP2H
000004e3   OP2H_H
000004e2   OP2H_L
000004e0   OP2L
000004e1   OP2L_H
000004e0   OP2L_L
000004c9   OP2_H
000004c8   OP2_L
00004484   OS_TIMER_ISR
0000020e   P1IV
0000021e   P2IV
000001e0   P4MAP01
000001e1   P4MAP01_H
000001e0   P4MAP01_L
000001e2   P4MAP23
000001e3   P4MAP23_H
000001e2   P4MAP23_L
000001e4   P4MAP45
000001e5   P4MAP45_H
000001e4   P4MAP45_L
000001e6   P4MAP67
000001e7   P4MAP67_H
000001e6   P4MAP67_L
00000204   PADIR
00000205   PADIR_H
00000204   PADIR_L
00000208   PADS
00000209   PADS_H
00000208   PADS_L
0000021a   PAIE
00000218   PAIES
00000219   PAIES_H
00000218   PAIES_L
0000021b   PAIE_H
0000021a   PAIE_L
0000021c   PAIFG
0000021d   PAIFG_H
0000021c   PAIFG_L
00000200   PAIN
00000201   PAIN_H
00000200   PAIN_L
00000202   PAOUT
00000203   PAOUT_H
00000202   PAOUT_L
00000206   PAREN
00000207   PAREN_H
00000206   PAREN_L
0000020a   PASEL
0000020b   PASEL_H
0000020a   PASEL_L
00000224   PBDIR
00000225   PBDIR_H
00000224   PBDIR_L
00000228   PBDS
00000229   PBDS_H
00000228   PBDS_L
00000220   PBIN
00000221   PBIN_H
00000220   PBIN_L
00000222   PBOUT
00000223   PBOUT_H
00000222   PBOUT_L
00000226   PBREN
00000227   PBREN_H
00000226   PBREN_L
0000022a   PBSEL
0000022b   PBSEL_H
0000022a   PBSEL_L
00000244   PCDIR
00000245   PCDIR_H
00000244   PCDIR_L
00000248   PCDS
00000249   PCDS_H
00000248   PCDS_L
00000240   PCIN
00000241   PCIN_H
00000240   PCIN_L
00000242   PCOUT
00000243   PCOUT_H
00000242   PCOUT_L
00000246   PCREN
00000247   PCREN_H
00000246   PCREN_L
0000024a   PCSEL
0000024b   PCSEL_H
0000024a   PCSEL_L
00000264   PDDIR
00000265   PDDIR_H
00000264   PDDIR_L
00000268   PDDS
00000269   PDDS_H
00000268   PDDS_L
00000260   PDIN
00000261   PDIN_H
00000260   PDIN_L
00000262   PDOUT
00000263   PDOUT_H
00000262   PDOUT_L
00000266   PDREN
00000267   PDREN_H
00000266   PDREN_L
0000026a   PDSEL
0000026b   PDSEL_H
0000026a   PDSEL_L
00000324   PJDIR
00000325   PJDIR_H
00000324   PJDIR_L
00000328   PJDS
00000329   PJDS_H
00000328   PJDS_L
00000320   PJIN
00000321   PJIN_H
00000320   PJIN_L
00000322   PJOUT
00000323   PJOUT_H
00000322   PJOUT_L
00000326   PJREN
00000327   PJREN_H
00000326   PJREN_L
00000130   PM5CTL0
00000131   PM5CTL0_H
00000130   PM5CTL0_L
000001c2   PMAPCTL
000001c3   PMAPCTL_H
000001c2   PMAPCTL_L
000001c0   PMAPKEYID
000001c1   PMAPKEYID_H
000001c0   PMAPKEYID_L
00000120   PMMCTL0
00000121   PMMCTL0_H
00000120   PMMCTL0_L
00000122   PMMCTL1
00000123   PMMCTL1_H
00000122   PMMCTL1_L
0000012c   PMMIFG
0000012d   PMMIFG_H
0000012c   PMMIFG_L
0000012e   PMMRIE
0000012f   PMMRIE_H
0000012e   PMMRIE_L
00000158   RCCTL0
00000159   RCCTL0_H
00000158   RCCTL0_L
000001b0   REFCTL0
000001b1   REFCTL0_H
000001b0   REFCTL0_L
000004e4   RES0
000004e5   RES0_H
000004e4   RES0_L
000004e6   RES1
000004e7   RES1_H
000004e6   RES1_L
000004e8   RES2
000004e9   RES2_H
000004e8   RES2_L
000004ea   RES3
000004eb   RES3_H
000004ea   RES3_L
000004cc   RESHI
000004cd   RESHI_H
000004cc   RESHI_L
000004ca   RESLO
000004cb   RESLO_H
000004ca   RESLO_L
000004ba   RTCADOWDAY
000004bb   RTCADOWDAY_H
000004ba   RTCADOWDAY_L
000004b8   RTCAMINHR
000004b9   RTCAMINHR_H
000004b8   RTCAMINHR_L
000004a0   RTCCTL01
000004a1   RTCCTL01_H
000004a0   RTCCTL01_L
000004a2   RTCCTL23
000004a3   RTCCTL23_H
000004a2   RTCCTL23_L
000004b4   RTCDATE
000004b5   RTCDATE_H
000004b4   RTCDATE_L
000004ae   RTCIV
000004ac   RTCPS
000004a8   RTCPS0CTL
000004a9   RTCPS0CTL_H
000004a8   RTCPS0CTL_L
000004aa   RTCPS1CTL
000004ab   RTCPS1CTL_H
000004aa   RTCPS1CTL_L
000004ad   RTCPS_H
000004ac   RTCPS_L
000004b0   RTCTIM0
000004b1   RTCTIM0_H
000004b0   RTCTIM0_L
000004b2   RTCTIM1
000004b3   RTCTIM1_H
000004b2   RTCTIM1_L
000004b6   RTCYEAR
000004b7   RTCYEAR_H
000004b6   RTCYEAR_L
00000100   SFRIE1
00000101   SFRIE1_H
00000100   SFRIE1_L
00000102   SFRIFG1
00000103   SFRIFG1_H
00000102   SFRIFG1_L
00000104   SFRRPCR
00000105   SFRRPCR_H
00000104   SFRRPCR_L
0000656e   SMPL_Init
00005916   SMPL_LinkListen
00005d4a   SMPL_Receive
000004ce   SUMEXT
000004cf   SUMEXT_H
000004ce   SUMEXT_L
00000124   SVSMHCTL
00000125   SVSMHCTL_H
00000124   SVSMHCTL_L
00000128   SVSMIO
00000129   SVSMIO_H
00000128   SVSMIO_L
00000126   SVSMLCTL
00000127   SVSMLCTL_H
00000126   SVSMLCTL_L
000044aa   SW2_ISR
00000198   SYSBERRIV
00000199   SYSBERRIV_H
00000198   SYSBERRIV_L
00000182   SYSBSLC
00000183   SYSBSLC_H
00000182   SYSBSLC_L
00000180   SYSCTL
00000181   SYSCTL_H
00000180   SYSCTL_L
00000186   SYSJMBC
00000187   SYSJMBC_H
00000186   SYSJMBC_L
00000188   SYSJMBI0
00000189   SYSJMBI0_H
00000188   SYSJMBI0_L
0000018a   SYSJMBI1
0000018b   SYSJMBI1_H
0000018a   SYSJMBI1_L
0000018c   SYSJMBO0
0000018d   SYSJMBO0_H
0000018c   SYSJMBO0_L
0000018e   SYSJMBO1
0000018f   SYSJMBO1_H
0000018e   SYSJMBO1_L
0000019e   SYSRSTIV
0000019f   SYSRSTIV_H
0000019e   SYSRSTIV_L
0000019c   SYSSNIV
0000019d   SYSSNIV_H
0000019c   SYSSNIV_L
0000019a   SYSUNIV
0000019b   SYSUNIV_H
0000019a   SYSUNIV_L
0000248c   SysRstIv
00000352   TA0CCR0
00000354   TA0CCR1
00000356   TA0CCR2
00000358   TA0CCR3
0000035a   TA0CCR4
00000342   TA0CCTL0
00000344   TA0CCTL1
00000346   TA0CCTL2
00000348   TA0CCTL3
0000034a   TA0CCTL4
00000340   TA0CTL
00000360   TA0EX0
0000036e   TA0IV
00000350   TA0R
00000392   TA1CCR0
00000394   TA1CCR1
00000396   TA1CCR2
00000382   TA1CCTL0
00000384   TA1CCTL1
00000386   TA1CCTL2
00000380   TA1CTL
000003a0   TA1EX0
000003ae   TA1IV
00000390   TA1R
00000412   TA2CCR0
00000414   TA2CCR1
00000416   TA2CCR2
00000402   TA2CCTL0
00000404   TA2CCTL1
00000406   TA2CCTL2
00000400   TA2CTL
00000420   TA2EX0
0000042e   TA2IV
00000410   TA2R
000003d2   TB0CCR0
000003d4   TB0CCR1
000003d6   TB0CCR2
000003d8   TB0CCR3
000003da   TB0CCR4
000003dc   TB0CCR5
000003de   TB0CCR6
000003c2   TB0CCTL0
000003c4   TB0CCTL1
000003c6   TB0CCTL2
000003c8   TB0CCTL3
000003ca   TB0CCTL4
000003cc   TB0CCTL5
000003ce   TB0CCTL6
000003c0   TB0CTL
000003e0   TB0EX0
000003ee   TB0IV
000003d0   TB0R
000005d0   UCA0ABCTL
000005c6   UCA0BRW
000005c7   UCA0BRW_H
000005c6   UCA0BRW_L
000005c0   UCA0CTLW0
000005c1   UCA0CTLW0_H
000005c0   UCA0CTLW0_L
000005dc   UCA0ICTL
000005dd   UCA0ICTL_H
000005dc   UCA0ICTL_L
000005d2   UCA0IRCTL
000005d3   UCA0IRCTL_H
000005d2   UCA0IRCTL_L
000005de   UCA0IV
000005c8   UCA0MCTL
000005cc   UCA0RXBUF
000005ca   UCA0STAT
000005ce   UCA0TXBUF
00000610   UCA1ABCTL
00000606   UCA1BRW
00000607   UCA1BRW_H
00000606   UCA1BRW_L
00000600   UCA1CTLW0
00000601   UCA1CTLW0_H
00000600   UCA1CTLW0_L
0000061c   UCA1ICTL
0000061d   UCA1ICTL_H
0000061c   UCA1ICTL_L
00000612   UCA1IRCTL
00000613   UCA1IRCTL_H
00000612   UCA1IRCTL_L
0000061e   UCA1IV
00000608   UCA1MCTL
0000060c   UCA1RXBUF
0000060a   UCA1STAT
0000060e   UCA1TXBUF
000005e6   UCB0BRW
000005e7   UCB0BRW_H
000005e6   UCB0BRW_L
000005e0   UCB0CTLW0
000005e1   UCB0CTLW0_H
000005e0   UCB0CTLW0_L
000005f0   UCB0I2COA
000005f1   UCB0I2COA_H
000005f0   UCB0I2COA_L
000005f2   UCB0I2CSA
000005f3   UCB0I2CSA_H
000005f2   UCB0I2CSA_L
000005fc   UCB0ICTL
000005fd   UCB0ICTL_H
000005fc   UCB0ICTL_L
000005fe   UCB0IV
000005ec   UCB0RXBUF
000005ea   UCB0STAT
000005ee   UCB0TXBUF
00000626   UCB1BRW
00000627   UCB1BRW_H
00000626   UCB1BRW_L
00000620   UCB1CTLW0
00000621   UCB1CTLW0_H
00000620   UCB1CTLW0_L
00000630   UCB1I2COA
00000631   UCB1I2COA_H
00000630   UCB1I2COA_L
00000632   UCB1I2CSA
00000633   UCB1I2CSA_H
00000632   UCB1I2CSA_L
0000063c   UCB1ICTL
0000063d   UCB1ICTL_H
0000063c   UCB1ICTL_L
0000063e   UCB1IV
0000062c   UCB1RXBUF
0000062a   UCB1STAT
0000062e   UCB1TXBUF
00000160   UCSCTL0
00000161   UCSCTL0_H
00000160   UCSCTL0_L
00000162   UCSCTL1
00000163   UCSCTL1_H
00000162   UCSCTL1_L
00000164   UCSCTL2
00000165   UCSCTL2_H
00000164   UCSCTL2_L
00000166   UCSCTL3
00000167   UCSCTL3_H
00000166   UCSCTL3_L
00000168   UCSCTL4
00000169   UCSCTL4_H
00000168   UCSCTL4_L
0000016a   UCSCTL5
0000016b   UCSCTL5_H
0000016a   UCSCTL5_L
0000016c   UCSCTL6
0000016d   UCSCTL6_H
0000016c   UCSCTL6_L
0000016e   UCSCTL7
0000016f   UCSCTL7_H
0000016e   UCSCTL7_L
00000170   UCSCTL8
00000171   UCSCTL8_H
00000170   UCSCTL8_L
00000902   USBCNF
00000903   USBCNF_H
00000902   USBCNF_L
0000093c   USBCTL
0000093a   USBFN
0000093b   USBFN_H
0000093a   USBFN_L
0000093f   USBFUNADR
0000093d   USBIE
00002378   USBIEP0BUF
000023c9   USBIEPBBAX_1
000023d1   USBIEPBBAX_2
000023d9   USBIEPBBAX_3
000023e1   USBIEPBBAX_4
000023e9   USBIEPBBAX_5
000023f1   USBIEPBBAX_6
000023f9   USBIEPBBAX_7
000023cd   USBIEPBBAY_1
000023d5   USBIEPBBAY_2
000023dd   USBIEPBBAY_3
000023e5   USBIEPBBAY_4
000023ed   USBIEPBBAY_5
000023f5   USBIEPBBAY_6
000023fd   USBIEPBBAY_7
000023ca   USBIEPBCTX_1
000023d2   USBIEPBCTX_2
000023da   USBIEPBCTX_3
000023e2   USBIEPBCTX_4
000023ea   USBIEPBCTX_5
000023f2   USBIEPBCTX_6
000023fa   USBIEPBCTX_7
000023ce   USBIEPBCTY_1
000023d6   USBIEPBCTY_2
000023de   USBIEPBCTY_3
000023e6   USBIEPBCTY_4
000023ee   USBIEPBCTY_5
000023f6   USBIEPBCTY_6
000023fe   USBIEPBCTY_7
00000920   USBIEPCNF_0
000023c8   USBIEPCNF_1
000023d0   USBIEPCNF_2
000023d8   USBIEPCNF_3
000023e0   USBIEPCNF_4
000023e8   USBIEPCNF_5
000023f0   USBIEPCNF_6
000023f8   USBIEPCNF_7
00000921   USBIEPCNT_0
0000092e   USBIEPIE
00000930   USBIEPIFG
000023cf   USBIEPSIZXY_1
000023d7   USBIEPSIZXY_2
000023df   USBIEPSIZXY_3
000023e7   USBIEPSIZXY_4
000023ef   USBIEPSIZXY_5
000023f7   USBIEPSIZXY_6
000023ff   USBIEPSIZXY_7
0000093e   USBIFG
00000900   USBKEYID
00000901   USBKEYID_H
00000900   USBKEYID_L
00000936   USBMAINT
00000937   USBMAINT_H
00000936   USBMAINT_L
00002370   USBOEP0BUF
00002389   USBOEPBBAX_1
00002391   USBOEPBBAX_2
00002399   USBOEPBBAX_3
000023a1   USBOEPBBAX_4
000023a9   USBOEPBBAX_5
000023b1   USBOEPBBAX_6
000023b9   USBOEPBBAX_7
0000238d   USBOEPBBAY_1
00002395   USBOEPBBAY_2
0000239d   USBOEPBBAY_3
000023a5   USBOEPBBAY_4
000023ad   USBOEPBBAY_5
000023b5   USBOEPBBAY_6
000023bd   USBOEPBBAY_7
0000238a   USBOEPBCTX_1
00002392   USBOEPBCTX_2
0000239a   USBOEPBCTX_3
000023a2   USBOEPBCTX_4
000023aa   USBOEPBCTX_5
000023b2   USBOEPBCTX_6
000023ba   USBOEPBCTX_7
0000238e   USBOEPBCTY_1
00002396   USBOEPBCTY_2
0000239e   USBOEPBCTY_3
000023a6   USBOEPBCTY_4
000023ae   USBOEPBCTY_5
000023b6   USBOEPBCTY_6
000023be   USBOEPBCTY_7
00000922   USBOEPCNF_0
00002388   USBOEPCNF_1
00002390   USBOEPCNF_2
00002398   USBOEPCNF_3
000023a0   USBOEPCNF_4
000023a8   USBOEPCNF_5
000023b0   USBOEPCNF_6
000023b8   USBOEPCNF_7
00000923   USBOEPCNT_0
0000092f   USBOEPIE
00000931   USBOEPIFG
0000238f   USBOEPSIZXY_1
00002397   USBOEPSIZXY_2
0000239f   USBOEPSIZXY_3
000023a7   USBOEPSIZXY_4
000023af   USBOEPSIZXY_5
000023b7   USBOEPSIZXY_6
000023bf   USBOEPSIZXY_7
00000904   USBPHYCTL
00000905   USBPHYCTL_H
00000904   USBPHYCTL_L
00000910   USBPLLCTL
00000911   USBPLLCTL_H
00000910   USBPLLCTL_L
00000912   USBPLLDIVB
00000913   USBPLLDIVB_H
00000912   USBPLLDIVB_L
00000914   USBPLLIR
00000915   USBPLLIR_H
00000914   USBPLLIR_L
00000908   USBPWRCTL
00000909   USBPWRCTL_H
00000908   USBPWRCTL_L
00001c00   USBSTABUFF
00002380   USBSUBLK
0000236f   USBTOPBUFF
00000938   USBTSREG
00000939   USBTSREG_H
00000938   USBTSREG_L
00000932   USBVECINT
00000933   USBVECINT_H
00000932   USBVECINT_L
0000015c   WDTCTL
0000015d   WDTCTL_H
0000015c   WDTCTL_L
00004400   __STACK_END
000000a0   __STACK_SIZE
000070ae   __TI_CINIT_Base
000070be   __TI_CINIT_Limit
0000709c   __TI_Handler_Table_Base
000070a8   __TI_Handler_Table_Limit
UNDEFED    __TI_INITARRAY_Base
UNDEFED    __TI_INITARRAY_Limit
00007066   __TI_ISR_TRAP
00000001   __TI_args_main
000068e8   __TI_decompress_none
00007006   __TI_decompress_rle24
00000001   __TI_exit
0000ffd2   __TI_int41
0000ffd4   __TI_int42
0000ffd6   __TI_int43
0000ffd8   __TI_int44
0000ffda   __TI_int45
0000ffdc   __TI_int46
0000ffde   __TI_int47
0000ffe0   __TI_int48
0000ffe2   __TI_int49
0000ffe4   __TI_int50
0000ffe6   __TI_int51
0000ffe8   __TI_int52
0000ffea   __TI_int53
0000ffec   __TI_int54
0000ffee   __TI_int55
0000fff0   __TI_int56
0000fff2   __TI_int57
0000fff4   __TI_int58
0000fff6   __TI_int59
0000fff8   __TI_int60
0000fffa   __TI_int61
0000fffc   __TI_int62
000068aa   __TI_zero_init
ffffffff   __binit__
ffffffff   __c_args__
0000682a   __memcpy_far
00006aec   __mspabi_divi
00006f40   __mspabi_divu
0000614a   __mspabi_divul
00006762   __mspabi_fixfu
00006f56   __mspabi_mpyi_f5hw
00006d28   __mspabi_mpyl_f5hw
00006aec   __mspabi_remi
00006f40   __mspabi_remu
0000614a   __mspabi_remul
00006fd8   __mspabi_sral
00005baa   _auto_init
0000446a   _c_int00
0000446a   _c_int00_noexit
0000fffe   _reset_vector
00004360   _stack
00006fc8   _system_pre_init
00007084   abort
ffffffff   binit
00006f92   device_startup
000065b6   drystone_gains_init
00002466   fb_attitude
00007044   hal_board_init
00002488   intState
00005502   isDupSandFFrame
0000247a   k_gains
00006efe   leds_init
00006924   main
00006d06   memcmp
00006fa4   memcpy
00006d6a   memmove
00006f6c   memset
0000445e   mrfiBroadcastAddr
000024ca   mrfiRadioState
00005e6a   mrfiSpiCmdStrobe
00006960   mrfiSpiInit
00006c06   mrfiSpiReadReg
00006ea4   mrfiSpiReadRxFifo
00006b68   mrfiSpiWriteReg
00006e56   mrfiSpiWriteTxFifo
000024dc   msgs_error
00006dc8   nwk_QInit
00005fe0   nwk_QadjustOrder
000048a6   nwk_QfindOldest
0000535e   nwk_QfindSlot
00005674   nwk_SendEmptyPollRspFrame
00004c26   nwk_allocateLocalRxPort
0000519e   nwk_buildFrame
000063ee   nwk_checkAppMsgTID
0000686a   nwk_checkConnInfo
00005daa   nwk_findAlreadyJoined
00005ec8   nwk_findPeer
00006a02   nwk_frameInit
00007014   nwk_freeConnection
00006f14   nwk_freqInit
0000706c   nwk_getBCastAddress
000067a8   nwk_getConnInfo
00006e02   nwk_getLinkToken
00006096   nwk_getLocalLinkID
00006fb6   nwk_getMyAddress
00007072   nwk_getMyRxType
000062a0   nwk_getNextConnection
0000643e   nwk_getNumObjectFromMsg
00007078   nwk_getProtocolVersion
00006e70   nwk_getQ
0000707e   nwk_getSFInfoPtr
0000587c   nwk_getSandFFrame
00006c2c   nwk_globalsInit
00005436   nwk_isConnectionValid
00005f26   nwk_isLinkDuplicate
000062f4   nwk_isSandFClient
000060f0   nwk_isValidReply
00007088   nwk_join
000066d6   nwk_joinInit
00006a34   nwk_linkInit
00006f2a   nwk_mgmtInit
000059a4   nwk_nwkInit
0000704e   nwk_pingInit
0000639c   nwk_processFreq
00006348   nwk_processJoin
000065fe   nwk_processLink
00005ce8   nwk_processMgmt
00006646   nwk_processPing
0000702e   nwk_processSecurity
00005c1a   nwk_putNumObjectIntoMsg
0000671c   nwk_replayFrame
00006fe8   nwk_resetSFMarker
00004fb6   nwk_retrieveFrame
00005a2e   nwk_saveJoinedDevice
0000708c   nwk_securityInit
00005724   nwk_sendAckReply
0000668e   nwk_sendFrame
00006b90   nwk_setChannel
00006c9c   nwk_setLinkToken
00006e8a   nwk_setListenContext
000024e0   os_timer_overflow
00007058   os_timer_start
000064d8   os_usdelay_timer_init
00006d8a   radio_init
00006e1e   radio_read_msg
00002472   radio_rx_buffer
000024da   radio_status
00006bb8   radio_wait_join_link
000024e5   rx_length
000024e8   sJoinSem
000024e7   sPeerFrameSem
00006c52   sws_init
000024b1   sws_stat
00004494   us_TIMER_ISR
000024e4   us_delay_lock


GLOBAL SYMBOLS: SORTED BY Symbol Address 

address    name
--------   ----
00000001   __TI_args_main
00000001   __TI_exit
000000a0   __STACK_SIZE
00000100   SFRIE1
00000100   SFRIE1_L
00000101   SFRIE1_H
00000102   SFRIFG1
00000102   SFRIFG1_L
00000103   SFRIFG1_H
00000104   SFRRPCR
00000104   SFRRPCR_L
00000105   SFRRPCR_H
00000120   PMMCTL0
00000120   PMMCTL0_L
00000121   PMMCTL0_H
00000122   PMMCTL1
00000122   PMMCTL1_L
00000123   PMMCTL1_H
00000124   SVSMHCTL
00000124   SVSMHCTL_L
00000125   SVSMHCTL_H
00000126   SVSMLCTL
00000126   SVSMLCTL_L
00000127   SVSMLCTL_H
00000128   SVSMIO
00000128   SVSMIO_L
00000129   SVSMIO_H
0000012c   PMMIFG
0000012c   PMMIFG_L
0000012d   PMMIFG_H
0000012e   PMMRIE
0000012e   PMMRIE_L
0000012f   PMMRIE_H
00000130   PM5CTL0
00000130   PM5CTL0_L
00000131   PM5CTL0_H
00000140   FCTL1
00000140   FCTL1_L
00000141   FCTL1_H
00000144   FCTL3
00000144   FCTL3_L
00000145   FCTL3_H
00000146   FCTL4
00000146   FCTL4_L
00000147   FCTL4_H
00000150   CRCDI
00000150   CRCDI_L
00000151   CRCDI_H
00000152   CRCDIRB
00000152   CRCDIRB_L
00000153   CRCDIRB_H
00000154   CRCINIRES
00000154   CRCINIRES_L
00000155   CRCINIRES_H
00000156   CRCRESR
00000156   CRCRESR_L
00000157   CRCRESR_H
00000158   RCCTL0
00000158   RCCTL0_L
00000159   RCCTL0_H
0000015c   WDTCTL
0000015c   WDTCTL_L
0000015d   WDTCTL_H
00000160   UCSCTL0
00000160   UCSCTL0_L
00000161   UCSCTL0_H
00000162   UCSCTL1
00000162   UCSCTL1_L
00000163   UCSCTL1_H
00000164   UCSCTL2
00000164   UCSCTL2_L
00000165   UCSCTL2_H
00000166   UCSCTL3
00000166   UCSCTL3_L
00000167   UCSCTL3_H
00000168   UCSCTL4
00000168   UCSCTL4_L
00000169   UCSCTL4_H
0000016a   UCSCTL5
0000016a   UCSCTL5_L
0000016b   UCSCTL5_H
0000016c   UCSCTL6
0000016c   UCSCTL6_L
0000016d   UCSCTL6_H
0000016e   UCSCTL7
0000016e   UCSCTL7_L
0000016f   UCSCTL7_H
00000170   UCSCTL8
00000170   UCSCTL8_L
00000171   UCSCTL8_H
00000180   SYSCTL
00000180   SYSCTL_L
00000181   SYSCTL_H
00000182   SYSBSLC
00000182   SYSBSLC_L
00000183   SYSBSLC_H
00000186   SYSJMBC
00000186   SYSJMBC_L
00000187   SYSJMBC_H
00000188   SYSJMBI0
00000188   SYSJMBI0_L
00000189   SYSJMBI0_H
0000018a   SYSJMBI1
0000018a   SYSJMBI1_L
0000018b   SYSJMBI1_H
0000018c   SYSJMBO0
0000018c   SYSJMBO0_L
0000018d   SYSJMBO0_H
0000018e   SYSJMBO1
0000018e   SYSJMBO1_L
0000018f   SYSJMBO1_H
00000198   SYSBERRIV
00000198   SYSBERRIV_L
00000199   SYSBERRIV_H
0000019a   SYSUNIV
0000019a   SYSUNIV_L
0000019b   SYSUNIV_H
0000019c   SYSSNIV
0000019c   SYSSNIV_L
0000019d   SYSSNIV_H
0000019e   SYSRSTIV
0000019e   SYSRSTIV_L
0000019f   SYSRSTIV_H
000001b0   REFCTL0
000001b0   REFCTL0_L
000001b1   REFCTL0_H
000001c0   PMAPKEYID
000001c0   PMAPKEYID_L
000001c1   PMAPKEYID_H
000001c2   PMAPCTL
000001c2   PMAPCTL_L
000001c3   PMAPCTL_H
000001e0   P4MAP01
000001e0   P4MAP01_L
000001e1   P4MAP01_H
000001e2   P4MAP23
000001e2   P4MAP23_L
000001e3   P4MAP23_H
000001e4   P4MAP45
000001e4   P4MAP45_L
000001e5   P4MAP45_H
000001e6   P4MAP67
000001e6   P4MAP67_L
000001e7   P4MAP67_H
00000200   PAIN
00000200   PAIN_L
00000201   PAIN_H
00000202   PAOUT
00000202   PAOUT_L
00000203   PAOUT_H
00000204   PADIR
00000204   PADIR_L
00000205   PADIR_H
00000206   PAREN
00000206   PAREN_L
00000207   PAREN_H
00000208   PADS
00000208   PADS_L
00000209   PADS_H
0000020a   PASEL
0000020a   PASEL_L
0000020b   PASEL_H
0000020e   P1IV
00000218   PAIES
00000218   PAIES_L
00000219   PAIES_H
0000021a   PAIE
0000021a   PAIE_L
0000021b   PAIE_H
0000021c   PAIFG
0000021c   PAIFG_L
0000021d   PAIFG_H
0000021e   P2IV
00000220   PBIN
00000220   PBIN_L
00000221   PBIN_H
00000222   PBOUT
00000222   PBOUT_L
00000223   PBOUT_H
00000224   PBDIR
00000224   PBDIR_L
00000225   PBDIR_H
00000226   PBREN
00000226   PBREN_L
00000227   PBREN_H
00000228   PBDS
00000228   PBDS_L
00000229   PBDS_H
0000022a   PBSEL
0000022a   PBSEL_L
0000022b   PBSEL_H
00000240   PCIN
00000240   PCIN_L
00000241   PCIN_H
00000242   PCOUT
00000242   PCOUT_L
00000243   PCOUT_H
00000244   PCDIR
00000244   PCDIR_L
00000245   PCDIR_H
00000246   PCREN
00000246   PCREN_L
00000247   PCREN_H
00000248   PCDS
00000248   PCDS_L
00000249   PCDS_H
0000024a   PCSEL
0000024a   PCSEL_L
0000024b   PCSEL_H
00000260   PDIN
00000260   PDIN_L
00000261   PDIN_H
00000262   PDOUT
00000262   PDOUT_L
00000263   PDOUT_H
00000264   PDDIR
00000264   PDDIR_L
00000265   PDDIR_H
00000266   PDREN
00000266   PDREN_L
00000267   PDREN_H
00000268   PDDS
00000268   PDDS_L
00000269   PDDS_H
0000026a   PDSEL
0000026a   PDSEL_L
0000026b   PDSEL_H
00000320   PJIN
00000320   PJIN_L
00000321   PJIN_H
00000322   PJOUT
00000322   PJOUT_L
00000323   PJOUT_H
00000324   PJDIR
00000324   PJDIR_L
00000325   PJDIR_H
00000326   PJREN
00000326   PJREN_L
00000327   PJREN_H
00000328   PJDS
00000328   PJDS_L
00000329   PJDS_H
00000340   TA0CTL
00000342   TA0CCTL0
00000344   TA0CCTL1
00000346   TA0CCTL2
00000348   TA0CCTL3
0000034a   TA0CCTL4
00000350   TA0R
00000352   TA0CCR0
00000354   TA0CCR1
00000356   TA0CCR2
00000358   TA0CCR3
0000035a   TA0CCR4
00000360   TA0EX0
0000036e   TA0IV
00000380   TA1CTL
00000382   TA1CCTL0
00000384   TA1CCTL1
00000386   TA1CCTL2
00000390   TA1R
00000392   TA1CCR0
00000394   TA1CCR1
00000396   TA1CCR2
000003a0   TA1EX0
000003ae   TA1IV
000003c0   TB0CTL
000003c2   TB0CCTL0
000003c4   TB0CCTL1
000003c6   TB0CCTL2
000003c8   TB0CCTL3
000003ca   TB0CCTL4
000003cc   TB0CCTL5
000003ce   TB0CCTL6
000003d0   TB0R
000003d2   TB0CCR0
000003d4   TB0CCR1
000003d6   TB0CCR2
000003d8   TB0CCR3
000003da   TB0CCR4
000003dc   TB0CCR5
000003de   TB0CCR6
000003e0   TB0EX0
000003ee   TB0IV
00000400   TA2CTL
00000402   TA2CCTL0
00000404   TA2CCTL1
00000406   TA2CCTL2
00000410   TA2R
00000412   TA2CCR0
00000414   TA2CCR1
00000416   TA2CCR2
00000420   TA2EX0
0000042e   TA2IV
000004a0   RTCCTL01
000004a0   RTCCTL01_L
000004a1   RTCCTL01_H
000004a2   RTCCTL23
000004a2   RTCCTL23_L
000004a3   RTCCTL23_H
000004a8   RTCPS0CTL
000004a8   RTCPS0CTL_L
000004a9   RTCPS0CTL_H
000004aa   RTCPS1CTL
000004aa   RTCPS1CTL_L
000004ab   RTCPS1CTL_H
000004ac   RTCPS
000004ac   RTCPS_L
000004ad   RTCPS_H
000004ae   RTCIV
000004b0   RTCTIM0
000004b0   RTCTIM0_L
000004b1   RTCTIM0_H
000004b2   RTCTIM1
000004b2   RTCTIM1_L
000004b3   RTCTIM1_H
000004b4   RTCDATE
000004b4   RTCDATE_L
000004b5   RTCDATE_H
000004b6   RTCYEAR
000004b6   RTCYEAR_L
000004b7   RTCYEAR_H
000004b8   RTCAMINHR
000004b8   RTCAMINHR_L
000004b9   RTCAMINHR_H
000004ba   RTCADOWDAY
000004ba   RTCADOWDAY_L
000004bb   RTCADOWDAY_H
000004c0   MPY
000004c0   MPY_L
000004c1   MPY_H
000004c2   MPYS
000004c2   MPYS_L
000004c3   MPYS_H
000004c4   MAC
000004c4   MAC_L
000004c5   MAC_H
000004c6   MACS
000004c6   MACS_L
000004c7   MACS_H
000004c8   OP2
000004c8   OP2_L
000004c9   OP2_H
000004ca   RESLO
000004ca   RESLO_L
000004cb   RESLO_H
000004cc   RESHI
000004cc   RESHI_L
000004cd   RESHI_H
000004ce   SUMEXT
000004ce   SUMEXT_L
000004cf   SUMEXT_H
000004d0   MPY32L
000004d0   MPY32L_L
000004d1   MPY32L_H
000004d2   MPY32H
000004d2   MPY32H_L
000004d3   MPY32H_H
000004d4   MPYS32L
000004d4   MPYS32L_L
000004d5   MPYS32L_H
000004d6   MPYS32H
000004d6   MPYS32H_L
000004d7   MPYS32H_H
000004d8   MAC32L
000004d8   MAC32L_L
000004d9   MAC32L_H
000004da   MAC32H
000004da   MAC32H_L
000004db   MAC32H_H
000004dc   MACS32L
000004dc   MACS32L_L
000004dd   MACS32L_H
000004de   MACS32H
000004de   MACS32H_L
000004df   MACS32H_H
000004e0   OP2L
000004e0   OP2L_L
000004e1   OP2L_H
000004e2   OP2H
000004e2   OP2H_L
000004e3   OP2H_H
000004e4   RES0
000004e4   RES0_L
000004e5   RES0_H
000004e6   RES1
000004e6   RES1_L
000004e7   RES1_H
000004e8   RES2
000004e8   RES2_L
000004e9   RES2_H
000004ea   RES3
000004ea   RES3_L
000004eb   RES3_H
000004ec   MPY32CTL0
000004ec   MPY32CTL0_L
000004ed   MPY32CTL0_H
00000500   DMACTL0
00000500   DMACTL0_L
00000501   DMACTL0_H
00000502   DMACTL1
00000502   DMACTL1_L
00000503   DMACTL1_H
00000504   DMACTL2
00000504   DMACTL2_L
00000505   DMACTL2_H
00000506   DMACTL3
00000506   DMACTL3_L
00000507   DMACTL3_H
00000508   DMACTL4
00000508   DMACTL4_L
00000509   DMACTL4_H
0000050e   DMAIV
0000050e   DMAIV_L
0000050f   DMAIV_H
00000510   DMA0CTL
00000510   DMA0CTL_L
00000511   DMA0CTL_H
00000512   DMA0SA
00000512   DMA0SAL
00000516   DMA0DA
00000516   DMA0DAL
0000051a   DMA0SZ
00000520   DMA1CTL
00000520   DMA1CTL_L
00000521   DMA1CTL_H
00000522   DMA1SA
00000522   DMA1SAL
00000526   DMA1DA
00000526   DMA1DAL
0000052a   DMA1SZ
00000530   DMA2CTL
00000530   DMA2CTL_L
00000531   DMA2CTL_H
00000532   DMA2SA
00000532   DMA2SAL
00000536   DMA2DA
00000536   DMA2DAL
0000053a   DMA2SZ
000005c0   UCA0CTLW0
000005c0   UCA0CTLW0_L
000005c1   UCA0CTLW0_H
000005c6   UCA0BRW
000005c6   UCA0BRW_L
000005c7   UCA0BRW_H
000005c8   UCA0MCTL
000005ca   UCA0STAT
000005cc   UCA0RXBUF
000005ce   UCA0TXBUF
000005d0   UCA0ABCTL
000005d2   UCA0IRCTL
000005d2   UCA0IRCTL_L
000005d3   UCA0IRCTL_H
000005dc   UCA0ICTL
000005dc   UCA0ICTL_L
000005dd   UCA0ICTL_H
000005de   UCA0IV
000005e0   UCB0CTLW0
000005e0   UCB0CTLW0_L
000005e1   UCB0CTLW0_H
000005e6   UCB0BRW
000005e6   UCB0BRW_L
000005e7   UCB0BRW_H
000005ea   UCB0STAT
000005ec   UCB0RXBUF
000005ee   UCB0TXBUF
000005f0   UCB0I2COA
000005f0   UCB0I2COA_L
000005f1   UCB0I2COA_H
000005f2   UCB0I2CSA
000005f2   UCB0I2CSA_L
000005f3   UCB0I2CSA_H
000005fc   UCB0ICTL
000005fc   UCB0ICTL_L
000005fd   UCB0ICTL_H
000005fe   UCB0IV
00000600   UCA1CTLW0
00000600   UCA1CTLW0_L
00000601   UCA1CTLW0_H
00000606   UCA1BRW
00000606   UCA1BRW_L
00000607   UCA1BRW_H
00000608   UCA1MCTL
0000060a   UCA1STAT
0000060c   UCA1RXBUF
0000060e   UCA1TXBUF
00000610   UCA1ABCTL
00000612   UCA1IRCTL
00000612   UCA1IRCTL_L
00000613   UCA1IRCTL_H
0000061c   UCA1ICTL
0000061c   UCA1ICTL_L
0000061d   UCA1ICTL_H
0000061e   UCA1IV
00000620   UCB1CTLW0
00000620   UCB1CTLW0_L
00000621   UCB1CTLW0_H
00000626   UCB1BRW
00000626   UCB1BRW_L
00000627   UCB1BRW_H
0000062a   UCB1STAT
0000062c   UCB1RXBUF
0000062e   UCB1TXBUF
00000630   UCB1I2COA
00000630   UCB1I2COA_L
00000631   UCB1I2COA_H
00000632   UCB1I2CSA
00000632   UCB1I2CSA_L
00000633   UCB1I2CSA_H
0000063c   UCB1ICTL
0000063c   UCB1ICTL_L
0000063d   UCB1ICTL_H
0000063e   UCB1IV
00000700   ADC12CTL0
00000700   ADC12CTL0_L
00000701   ADC12CTL0_H
00000702   ADC12CTL1
00000702   ADC12CTL1_L
00000703   ADC12CTL1_H
00000704   ADC12CTL2
00000704   ADC12CTL2_L
00000705   ADC12CTL2_H
0000070a   ADC12IFG
0000070a   ADC12IFG_L
0000070b   ADC12IFG_H
0000070c   ADC12IE
0000070c   ADC12IE_L
0000070d   ADC12IE_H
0000070e   ADC12IV
0000070e   ADC12IV_L
0000070f   ADC12IV_H
00000710   ADC12MCTL0
00000711   ADC12MCTL1
00000712   ADC12MCTL2
00000713   ADC12MCTL3
00000714   ADC12MCTL4
00000715   ADC12MCTL5
00000716   ADC12MCTL6
00000717   ADC12MCTL7
00000718   ADC12MCTL8
00000719   ADC12MCTL9
0000071a   ADC12MCTL10
0000071b   ADC12MCTL11
0000071c   ADC12MCTL12
0000071d   ADC12MCTL13
0000071e   ADC12MCTL14
0000071f   ADC12MCTL15
00000720   ADC12MEM0
00000720   ADC12MEM0_L
00000721   ADC12MEM0_H
00000722   ADC12MEM1
00000722   ADC12MEM1_L
00000723   ADC12MEM1_H
00000724   ADC12MEM2
00000724   ADC12MEM2_L
00000725   ADC12MEM2_H
00000726   ADC12MEM3
00000726   ADC12MEM3_L
00000727   ADC12MEM3_H
00000728   ADC12MEM4
00000728   ADC12MEM4_L
00000729   ADC12MEM4_H
0000072a   ADC12MEM5
0000072a   ADC12MEM5_L
0000072b   ADC12MEM5_H
0000072c   ADC12MEM6
0000072c   ADC12MEM6_L
0000072d   ADC12MEM6_H
0000072e   ADC12MEM7
0000072e   ADC12MEM7_L
0000072f   ADC12MEM7_H
00000730   ADC12MEM8
00000730   ADC12MEM8_L
00000731   ADC12MEM8_H
00000732   ADC12MEM9
00000732   ADC12MEM9_L
00000733   ADC12MEM9_H
00000734   ADC12MEM10
00000734   ADC12MEM10_L
00000735   ADC12MEM10_H
00000736   ADC12MEM11
00000736   ADC12MEM11_L
00000737   ADC12MEM11_H
00000738   ADC12MEM12
00000738   ADC12MEM12_L
00000739   ADC12MEM12_H
0000073a   ADC12MEM13
0000073a   ADC12MEM13_L
0000073b   ADC12MEM13_H
0000073c   ADC12MEM14
0000073c   ADC12MEM14_L
0000073d   ADC12MEM14_H
0000073e   ADC12MEM15
0000073e   ADC12MEM15_L
0000073f   ADC12MEM15_H
000008c0   CBCTL0
000008c0   CBCTL0_L
000008c1   CBCTL0_H
000008c2   CBCTL1
000008c2   CBCTL1_L
000008c3   CBCTL1_H
000008c4   CBCTL2
000008c4   CBCTL2_L
000008c5   CBCTL2_H
000008c6   CBCTL3
000008c6   CBCTL3_L
000008c7   CBCTL3_H
000008cc   CBINT
000008cc   CBINT_L
000008cd   CBINT_H
000008ce   CBIV
00000900   USBKEYID
00000900   USBKEYID_L
00000901   USBKEYID_H
00000902   USBCNF
00000902   USBCNF_L
00000903   USBCNF_H
00000904   USBPHYCTL
00000904   USBPHYCTL_L
00000905   USBPHYCTL_H
00000908   USBPWRCTL
00000908   USBPWRCTL_L
00000909   USBPWRCTL_H
00000910   USBPLLCTL
00000910   USBPLLCTL_L
00000911   USBPLLCTL_H
00000912   USBPLLDIVB
00000912   USBPLLDIVB_L
00000913   USBPLLDIVB_H
00000914   USBPLLIR
00000914   USBPLLIR_L
00000915   USBPLLIR_H
00000920   USBIEPCNF_0
00000921   USBIEPCNT_0
00000922   USBOEPCNF_0
00000923   USBOEPCNT_0
0000092e   USBIEPIE
0000092f   USBOEPIE
00000930   USBIEPIFG
00000931   USBOEPIFG
00000932   USBVECINT
00000932   USBVECINT_L
00000933   USBVECINT_H
00000936   USBMAINT
00000936   USBMAINT_L
00000937   USBMAINT_H
00000938   USBTSREG
00000938   USBTSREG_L
00000939   USBTSREG_H
0000093a   USBFN
0000093a   USBFN_L
0000093b   USBFN_H
0000093c   USBCTL
0000093d   USBIE
0000093e   USBIFG
0000093f   USBFUNADR
00001c00   USBSTABUFF
0000236f   USBTOPBUFF
00002370   USBOEP0BUF
00002378   USBIEP0BUF
00002380   USBSUBLK
00002388   USBOEPCNF_1
00002389   USBOEPBBAX_1
0000238a   USBOEPBCTX_1
0000238d   USBOEPBBAY_1
0000238e   USBOEPBCTY_1
0000238f   USBOEPSIZXY_1
00002390   USBOEPCNF_2
00002391   USBOEPBBAX_2
00002392   USBOEPBCTX_2
00002395   USBOEPBBAY_2
00002396   USBOEPBCTY_2
00002397   USBOEPSIZXY_2
00002398   USBOEPCNF_3
00002399   USBOEPBBAX_3
0000239a   USBOEPBCTX_3
0000239d   USBOEPBBAY_3
0000239e   USBOEPBCTY_3
0000239f   USBOEPSIZXY_3
000023a0   USBOEPCNF_4
000023a1   USBOEPBBAX_4
000023a2   USBOEPBCTX_4
000023a5   USBOEPBBAY_4
000023a6   USBOEPBCTY_4
000023a7   USBOEPSIZXY_4
000023a8   USBOEPCNF_5
000023a9   USBOEPBBAX_5
000023aa   USBOEPBCTX_5
000023ad   USBOEPBBAY_5
000023ae   USBOEPBCTY_5
000023af   USBOEPSIZXY_5
000023b0   USBOEPCNF_6
000023b1   USBOEPBBAX_6
000023b2   USBOEPBCTX_6
000023b5   USBOEPBBAY_6
000023b6   USBOEPBCTY_6
000023b7   USBOEPSIZXY_6
000023b8   USBOEPCNF_7
000023b9   USBOEPBBAX_7
000023ba   USBOEPBCTX_7
000023bd   USBOEPBBAY_7
000023be   USBOEPBCTY_7
000023bf   USBOEPSIZXY_7
000023c8   USBIEPCNF_1
000023c9   USBIEPBBAX_1
000023ca   USBIEPBCTX_1
000023cd   USBIEPBBAY_1
000023ce   USBIEPBCTY_1
000023cf   USBIEPSIZXY_1
000023d0   USBIEPCNF_2
000023d1   USBIEPBBAX_2
000023d2   USBIEPBCTX_2
000023d5   USBIEPBBAY_2
000023d6   USBIEPBCTY_2
000023d7   USBIEPSIZXY_2
000023d8   USBIEPCNF_3
000023d9   USBIEPBBAX_3
000023da   USBIEPBCTX_3
000023dd   USBIEPBBAY_3
000023de   USBIEPBCTY_3
000023df   USBIEPSIZXY_3
000023e0   USBIEPCNF_4
000023e1   USBIEPBBAX_4
000023e2   USBIEPBCTX_4
000023e5   USBIEPBBAY_4
000023e6   USBIEPBCTY_4
000023e7   USBIEPSIZXY_4
000023e8   USBIEPCNF_5
000023e9   USBIEPBBAX_5
000023ea   USBIEPBCTX_5
000023ed   USBIEPBBAY_5
000023ee   USBIEPBCTY_5
000023ef   USBIEPSIZXY_5
000023f0   USBIEPCNF_6
000023f1   USBIEPBBAX_6
000023f2   USBIEPBCTX_6
000023f5   USBIEPBBAY_6
000023f6   USBIEPBCTY_6
000023f7   USBIEPSIZXY_6
000023f8   USBIEPCNF_7
000023f9   USBIEPBBAX_7
000023fa   USBIEPBCTX_7
000023fd   USBIEPBBAY_7
000023fe   USBIEPBCTY_7
000023ff   USBIEPSIZXY_7
00002466   fb_attitude
00002472   radio_rx_buffer
0000247a   k_gains
00002488   intState
0000248c   SysRstIv
000024b1   sws_stat
000024ca   mrfiRadioState
000024da   radio_status
000024dc   msgs_error
000024e0   os_timer_overflow
000024e4   us_delay_lock
000024e5   rx_length
000024e7   sPeerFrameSem
000024e8   sJoinSem
00004360   _stack
00004400   __STACK_END
0000445e   mrfiBroadcastAddr
0000446a   _c_int00
0000446a   _c_int00_noexit
00004484   OS_TIMER_ISR
00004494   us_TIMER_ISR
000044a0   GDO0_ISR
000044aa   SW2_ISR
000046ae   MRFI_Init
000048a6   nwk_QfindOldest
00004c26   nwk_allocateLocalRxPort
00004ea6   MRFI_Transmit
00004fb6   nwk_retrieveFrame
0000519e   nwk_buildFrame
0000535e   nwk_QfindSlot
00005436   nwk_isConnectionValid
00005502   isDupSandFFrame
00005674   nwk_SendEmptyPollRspFrame
00005724   nwk_sendAckReply
0000587c   nwk_getSandFFrame
00005916   SMPL_LinkListen
000059a4   nwk_nwkInit
00005a2e   nwk_saveJoinedDevice
00005b3a   MRFI_RxAddrIsFiltered
00005baa   _auto_init
00005c1a   nwk_putNumObjectIntoMsg
00005ce8   nwk_processMgmt
00005d4a   SMPL_Receive
00005daa   nwk_findAlreadyJoined
00005e6a   mrfiSpiCmdStrobe
00005ec8   nwk_findPeer
00005f26   nwk_isLinkDuplicate
00005fe0   nwk_QadjustOrder
00006096   nwk_getLocalLinkID
000060f0   nwk_isValidReply
0000614a   __mspabi_divul
0000614a   __mspabi_remul
000061f8   MRFI_WakeUp
000062a0   nwk_getNextConnection
000062f4   nwk_isSandFClient
00006348   nwk_processJoin
0000639c   nwk_processFreq
000063ee   nwk_checkAppMsgTID
0000643e   nwk_getNumObjectFromMsg
000064d8   os_usdelay_timer_init
0000656e   SMPL_Init
000065b6   drystone_gains_init
000065fe   nwk_processLink
00006646   nwk_processPing
0000668e   nwk_sendFrame
000066d6   nwk_joinInit
0000671c   nwk_replayFrame
00006762   __mspabi_fixfu
000067a8   nwk_getConnInfo
0000682a   __memcpy_far
0000686a   nwk_checkConnInfo
000068aa   __TI_zero_init
000068e8   __TI_decompress_none
00006924   main
00006960   mrfiSpiInit
00006998   MRFI_SetRFPwr
000069ce   MRFI_SetLogicalChannel
00006a02   nwk_frameInit
00006a34   nwk_linkInit
00006aec   __mspabi_divi
00006aec   __mspabi_remi
00006b18   MRFI_Sleep
00006b40   Mrfi_RxModeOff
00006b68   mrfiSpiWriteReg
00006b90   nwk_setChannel
00006bb8   radio_wait_join_link
00006c06   mrfiSpiReadReg
00006c2c   nwk_globalsInit
00006c52   sws_init
00006c78   MRFI_RxCompleteISR
00006c9c   nwk_setLinkToken
00006ce4   MRFI_DelayMs
00006d06   memcmp
00006d28   __mspabi_mpyl_f5hw
00006d4a   MRFI_RxOn
00006d6a   memmove
00006d8a   radio_init
00006daa   MRFI_RxIdle
00006dc8   nwk_QInit
00006e02   nwk_getLinkToken
00006e1e   radio_read_msg
00006e56   mrfiSpiWriteTxFifo
00006e70   nwk_getQ
00006e8a   nwk_setListenContext
00006ea4   mrfiSpiReadRxFifo
00006ebc   MRFI_GpioIsr
00006ed2   MRFI_RandomByte
00006ee8   MRFI_Receive
00006efe   leds_init
00006f14   nwk_freqInit
00006f2a   nwk_mgmtInit
00006f40   __mspabi_divu
00006f40   __mspabi_remu
00006f56   __mspabi_mpyi_f5hw
00006f6c   memset
00006f80   Mrfi_RxModeOn
00006f92   device_startup
00006fa4   memcpy
00006fb6   nwk_getMyAddress
00006fc8   _system_pre_init
00006fd8   __mspabi_sral
00006fe8   nwk_resetSFMarker
00006ff8   BSP_DELAY_USECS
00007006   __TI_decompress_rle24
00007014   nwk_freeConnection
00007022   MRFI_PostKillSem
0000702e   nwk_processSecurity
00007044   hal_board_init
0000704e   nwk_pingInit
00007058   os_timer_start
00007060   MRFI_GetRadioState
00007066   __TI_ISR_TRAP
0000706c   nwk_getBCastAddress
00007072   nwk_getMyRxType
00007078   nwk_getProtocolVersion
0000707e   nwk_getSFInfoPtr
00007084   C$$EXIT
00007084   abort
00007088   nwk_join
0000708c   nwk_securityInit
0000709c   __TI_Handler_Table_Base
000070a8   __TI_Handler_Table_Limit
000070ae   __TI_CINIT_Base
000070be   __TI_CINIT_Limit
0000ffd2   __TI_int41
0000ffd4   __TI_int42
0000ffd6   __TI_int43
0000ffd8   __TI_int44
0000ffda   __TI_int45
0000ffdc   __TI_int46
0000ffde   __TI_int47
0000ffe0   __TI_int48
0000ffe2   __TI_int49
0000ffe4   __TI_int50
0000ffe6   __TI_int51
0000ffe8   __TI_int52
0000ffea   __TI_int53
0000ffec   __TI_int54
0000ffee   __TI_int55
0000fff0   __TI_int56
0000fff2   __TI_int57
0000fff4   __TI_int58
0000fff6   __TI_int59
0000fff8   __TI_int60
0000fffa   __TI_int61
0000fffc   __TI_int62
0000fffe   _reset_vector
ffffffff   __binit__
ffffffff   __c_args__
ffffffff   binit
UNDEFED    __TI_INITARRAY_Base
UNDEFED    __TI_INITARRAY_Limit

[917 symbols]
