******************************************************************************
                  MSP430 Linker PC v4.2.1                      
******************************************************************************
>> Linked Sun Nov 17 19:41:19 2013

OUTPUT FILE NAME:   <Drystone_Vortex_GND.out>
ENTRY POINT SYMBOL: "_c_int00"  address: 000056a8


MEMORY CONFIGURATION

         name            origin    length      used     unused   attr    fill
----------------------  --------  ---------  --------  --------  ----  --------
  SFR                   00000000   00000010  00000000  00000010  RWIX
  PERIPHERALS_8BIT      00000010   000000f0  00000000  000000f0  RWIX
  PERIPHERALS_16BIT     00000100   00000100  00000000  00000100  RWIX
  INFOD                 00001800   00000080  00000000  00000080  RWIX
  INFOC                 00001880   00000080  00000000  00000080  RWIX
  INFOB                 00001900   00000080  00000000  00000080  RWIX
  INFOA                 00001980   00000080  00000000  00000080  RWIX
  USBRAM                00001c00   00000800  00000000  00000800  RWIX
  RAM                   00002400   00002000  000001c2  00001e3e  RWIX
  FLASH                 00004400   0000bb80  00006401  0000577f  RWIX
  INT00                 0000ff80   00000002  00000000  00000002  RWIX
  INT01                 0000ff82   00000002  00000000  00000002  RWIX
  INT02                 0000ff84   00000002  00000000  00000002  RWIX
  INT03                 0000ff86   00000002  00000000  00000002  RWIX
  INT04                 0000ff88   00000002  00000000  00000002  RWIX
  INT05                 0000ff8a   00000002  00000000  00000002  RWIX
  INT06                 0000ff8c   00000002  00000000  00000002  RWIX
  INT07                 0000ff8e   00000002  00000000  00000002  RWIX
  INT08                 0000ff90   00000002  00000000  00000002  RWIX
  INT09                 0000ff92   00000002  00000000  00000002  RWIX
  INT10                 0000ff94   00000002  00000000  00000002  RWIX
  INT11                 0000ff96   00000002  00000000  00000002  RWIX
  INT12                 0000ff98   00000002  00000000  00000002  RWIX
  INT13                 0000ff9a   00000002  00000000  00000002  RWIX
  INT14                 0000ff9c   00000002  00000000  00000002  RWIX
  INT15                 0000ff9e   00000002  00000000  00000002  RWIX
  INT16                 0000ffa0   00000002  00000000  00000002  RWIX
  INT17                 0000ffa2   00000002  00000000  00000002  RWIX
  INT18                 0000ffa4   00000002  00000000  00000002  RWIX
  INT19                 0000ffa6   00000002  00000000  00000002  RWIX
  INT20                 0000ffa8   00000002  00000000  00000002  RWIX
  INT21                 0000ffaa   00000002  00000000  00000002  RWIX
  INT22                 0000ffac   00000002  00000000  00000002  RWIX
  INT23                 0000ffae   00000002  00000000  00000002  RWIX
  INT24                 0000ffb0   00000002  00000000  00000002  RWIX
  INT25                 0000ffb2   00000002  00000000  00000002  RWIX
  INT26                 0000ffb4   00000002  00000000  00000002  RWIX
  INT27                 0000ffb6   00000002  00000000  00000002  RWIX
  INT28                 0000ffb8   00000002  00000000  00000002  RWIX
  INT29                 0000ffba   00000002  00000000  00000002  RWIX
  INT30                 0000ffbc   00000002  00000000  00000002  RWIX
  INT31                 0000ffbe   00000002  00000000  00000002  RWIX
  INT32                 0000ffc0   00000002  00000000  00000002  RWIX
  INT33                 0000ffc2   00000002  00000000  00000002  RWIX
  INT34                 0000ffc4   00000002  00000000  00000002  RWIX
  INT35                 0000ffc6   00000002  00000000  00000002  RWIX
  INT36                 0000ffc8   00000002  00000000  00000002  RWIX
  INT37                 0000ffca   00000002  00000000  00000002  RWIX
  INT38                 0000ffcc   00000002  00000000  00000002  RWIX
  INT39                 0000ffce   00000002  00000000  00000002  RWIX
  INT40                 0000ffd0   00000002  00000000  00000002  RWIX
  INT41                 0000ffd2   00000002  00000002  00000000  RWIX
  INT42                 0000ffd4   00000002  00000002  00000000  RWIX
  INT43                 0000ffd6   00000002  00000002  00000000  RWIX
  INT44                 0000ffd8   00000002  00000002  00000000  RWIX
  INT45                 0000ffda   00000002  00000002  00000000  RWIX
  INT46                 0000ffdc   00000002  00000002  00000000  RWIX
  INT47                 0000ffde   00000002  00000002  00000000  RWIX
  INT48                 0000ffe0   00000002  00000002  00000000  RWIX
  INT49                 0000ffe2   00000002  00000002  00000000  RWIX
  INT50                 0000ffe4   00000002  00000002  00000000  RWIX
  INT51                 0000ffe6   00000002  00000002  00000000  RWIX
  INT52                 0000ffe8   00000002  00000002  00000000  RWIX
  INT53                 0000ffea   00000002  00000002  00000000  RWIX
  INT54                 0000ffec   00000002  00000002  00000000  RWIX
  INT55                 0000ffee   00000002  00000002  00000000  RWIX
  INT56                 0000fff0   00000002  00000002  00000000  RWIX
  INT57                 0000fff2   00000002  00000002  00000000  RWIX
  INT58                 0000fff4   00000002  00000002  00000000  RWIX
  INT59                 0000fff6   00000002  00000002  00000000  RWIX
  INT60                 0000fff8   00000002  00000002  00000000  RWIX
  INT61                 0000fffa   00000002  00000002  00000000  RWIX
  INT62                 0000fffc   00000002  00000002  00000000  RWIX
  RESET                 0000fffe   00000002  00000002  00000000  RWIX
  FLASH2                00010000   00014400  00000000  00014400  RWIX


SECTION ALLOCATION MAP

 output                                  attributes/
section   page    origin      length       input sections
--------  ----  ----------  ----------   ----------------
.init_array 
*          0    00004400    00000000     UNINITIALIZED

.bss       0    00002400    00000091     UNINITIALIZED
                  00002400    0000001a     (.common:sInFrameQ)
                  0000241a    0000001a     (.common:sOutFrameQ)
                  00002434    00000017     (.common:mrfiIncomingPacket)
                  0000244b    00000001     (.common:done)
                  0000244c    00000010     (.common:oled_tx_buffer)
                  0000245c    0000000c     (.common:fb_attitude)
                  00002468    0000000a     (.common:ps2_rx_buffer)
                  00002472    00000008     (.common:radio_tx_buffer)
                  0000247a    00000006     (.common:k_gains)
                  00002480    00000004     (.common:sAPAddress)
                  00002484    00000004     (.common:sMyRAMAddress)
                  00002488    00000002     (.common:oled_buffer)
                  0000248a    00000002     (.common:rc)
                  0000248c    00000002     (.common:sServiceLinkID)
                  0000248e    00000001     (.common:misses)
                  0000248f    00000001     (.common:noAck)
                  00002490    00000001     (.common:sCurLogicalChan)

.TI.noinit 
*          0    00002492    00000002     UNINITIALIZED
                  00002492    00000002     HAL_device.obj (.TI.noinit)

.data      0    00002494    0000008e     UNINITIALIZED
                  00002494    0000001d     nwk.obj (.data)
                  000024b1    00000001     GND_radio_interface.obj (.data)
                  000024b2    0000000a     nwk_frame.obj (.data)
                  000024bc    00000009     PS2_Controller.obj (.data:enter_analog)
                  000024c5    00000001     HAL_F5_board.obj (.data)
                  000024c6    00000009     nwk_join.obj (.data)
                  000024cf    00000001     PS2_Controller.obj (.data)
                  000024d0    00000009     PS2_Controller.obj (.data:poll_buffer)
                  000024d9    00000001     mrfi_f1f2.obj (.data)
                  000024da    00000008     HAL_oled_ssd1306.obj (.data)
                  000024e2    00000008     mrfi_radio.obj (.data)
                  000024ea    00000007     nwk_link.obj (.data)
                  000024f1    00000001     nwk_api.obj (.data)
                  000024f2    00000006     Drystone_Vortex_GND_main.obj (.data)
                  000024f8    00000006     HAL_device.obj (.data)
                  000024fe    00000006     Oled_printf.obj (.data)
                  00002504    00000006     HAL_oled_ssd1306.obj (.data:tmp_gain)
                  0000250a    00000005     PS2_Controller.obj (.data:enter_cfg)
                  0000250f    00000001     nwk_freq.obj (.data)
                  00002510    00000005     PS2_Controller.obj (.data:exit_cfg)
                  00002515    00000004     Drystone_Vortex.obj (.data)
                  00002519    00000001     nwk_globals.obj (.data)
                  0000251a    00000004     mrfi_f1f2.obj (.data:mrfiRxFilterAddr)
                  0000251e    00000003     nwk_mgmt.obj (.data)
                  00002521    00000001     nwk_ping.obj (.data)

.TI.persistent 
*          0    00002494    00000000     UNINITIALIZED

.stack     0    00004360    000000a0     UNINITIALIZED
                  00004360    00000002     rts430x_lc_sd_eabi.lib : boot.obj (.stack)
                  00004362    0000009e     --HOLE--

.const     0    00004400    00001251     
                  00004400    000009f4     Oled_font.obj (.const:.string:large_font)
                  00004df4    00000400     HAL_oled_ssd1306.obj (.const:.string:image_default)
                  000051f4    000001c7     Oled_font.obj (.const:.string:small_font)
                  000053bb    00000001     --HOLE-- [fill = 0]
                  000053bc    00000102     rts430x_lc_sd_eabi.lib : ctype.obj (.const:.string:_ctypes_)
                  000054be    000000ce     HAL_oled_ssd1306.obj (.const:.string)
                  0000558c    0000003c     mrfi_radio.obj (.const:mrfiRadioCfg)
                  000055c8    00000028     Oled_printf.obj (.const:dv)
                  000055f0    00000024     rts430x_lc_sd_eabi.lib : _printfi_nf.obj (.const:.string)
                  00005614    00000018     nwk_frame.obj (.const:func)
                  0000562c    00000010     Oled_printf.obj (.const:.string:hex$1)
                  0000563c    00000009     nwk_globals.obj (.const)
                  00005645    00000001     --HOLE-- [fill = 0]
                  00005646    00000004     mrfi_f1f2.obj (.const:.string:mrfiBroadcastAddr)
                  0000564a    00000004     mrfi_f1f2.obj (.const:.string:mrfiLogicalChanTable)
                  0000564e    00000003     mrfi_f1f2.obj (.const:.string:mrfiRFPowerTable)

.text:_isr 
*          0    00005652    000000a0     
                  00005652    00000056     HAL_oled_ssd1306.obj (.text:_isr:USCI_B1_ISR)
                  000056a8    0000001a     rts430x_lc_sd_eabi.lib : boot.obj (.text:_isr:_c_int00_noexit)
                  000056c2    00000010     HAL_device.obj (.text:_isr:OS_TIMER_ISR)
                  000056d2    0000000c     HAL_device.obj (.text:_isr:us_TIMER_ISR)
                  000056de    0000000a     mrfi_board.obj (.text:_isr:GDO0_ISR)
                  000056e8    0000000a     HAL_F5_board.obj (.text:_isr:SW2_ISR)

.text      0    000056f2    000050bc     
                  000056f2    0000038e     rts430x_lc_sd_eabi.lib : llmath.obj (.text:__mspabi_divull)
                  00005a80    00000218     HAL_oled_ssd1306.obj (.text:oled_update_right_screen)
                  00005c98    000001f8     mrfi_radio.obj (.text:MRFI_Init)
                  00005e90    000001ea     nwk_link.obj (.text:smpl_send_link_reply)
                  0000607a    000001c4     rts430x_lc_sd_eabi.lib : _printfi_nf.obj (.text:__TI_printfi_nofloat)
                  0000623e    000001c2     nwk_api.obj (.text:SMPL_Ioctl)
                  00006400    000001b4     rts430x_lc_sd_eabi.lib : _printfi_nf.obj (.text:_setfield)
                  000065b4    0000019c     nwk_QMgmt.obj (.text:nwk_QfindOldest)
                  00006750    00000198     nwk_link.obj (.text:nwk_link)
                  000068e8    0000017a     HAL_oled_ssd1306.obj (.text:oled_build_right_screen)
                  00006a62    00000166     Oled_printf.obj (.text:oled_printf)
                  00006bc8    00000164     rts430x_lc_sd_eabi.lib : _printfi_nf.obj (.text:_getarg_diouxp)
                  00006d2c    00000158     nwk_api.obj (.text:SMPL_SendOpt)
                  00006e84    0000014a     nwk.obj (.text:nwk_allocateLocalRxPort)
                  00006fce    00000148     nwk_freq.obj (.text:nwk_scanForChannels)
                  00007116    00000144     nwk_ping.obj (.text:nwk_ping)
                  0000725a    00000140     nwk_join.obj (.text:nwk_join)
                  0000739a    00000132     rts430x_lc_sd_eabi.lib : _printfi_nf.obj (.text:_pproc_diouxp)
                  000074cc    00000110     mrfi_radio.obj (.text:MRFI_Transmit)
                  000075dc    00000108     HAL_oled_ssd1306.obj (.text:oled_update_left_screen)
                  000076e4    00000104     PS2_Controller.obj (.text:ps2_process_local_cmd)
                  000077e8    000000fc     nwk_frame.obj (.text:nwk_retrieveFrame)
                  000078e4    000000fa     rts430x_lc_sd_eabi.lib : _printfi_nf.obj (.text:_ltostr)
                  000079de    000000fa                            : _printfi_nf.obj (.text:_pproc_fwp)
                  00007ad8    000000ec     mrfi_radio.obj (.text:Mrfi_SyncPinRxIsr)
                  00007bc4    000000ea     HAL_oled_ssd1306.obj (.text:oled_update_display)
                  00007cae    000000e8     nwk_frame.obj (.text:nwk_buildFrame)
                  00007d96    000000e4     nwk_ioctl.obj (.text:nwk_radioControl)
                  00007e7a    000000de     HAL_oled_ssd1306.obj (.text:oled_display_init)
                  00007f58    000000dc     nwk_frame.obj (.text:dispatchFrame)
                  00008034    000000d8     rts430x_lc_sd_eabi.lib : copy_decompress_rle.obj (.text:__TI_decompress_rle_core)
                  0000810c    000000d8     nwk_QMgmt.obj (.text:nwk_QfindSlot)
                  000081e4    000000cc     nwk.obj (.text:nwk_isConnectionValid)
                  000082b0    000000b0     Drystone_Vortex.obj (.text:drystone_scheduler)
                  00008360    000000b0     Oled_printf.obj (.text:xtoa)
                  00008410    000000ac     nwk_frame.obj (.text:nwk_sendAckReply)
                  000084bc    000000ac     mrfi_spi.obj (.text:spiBurstFifoAccess)
                  00008568    000000a8     Oled_printf.obj (.text:oled_fill_large_font)
                  00008610    000000a0     rts430x_lc_sd_eabi.lib : _printfi_nf.obj (.text:_pproc_str)
                  000086b0    000000a0     PS2_Controller.obj (.text:ps2_read_controller)
                  00008750    00000092     HAL_oled_ssd1306.obj (.text:oled_update_center_screen)
                  000087e2    0000008e     GND_radio_interface.obj (.text:radio_tx)
                  00008870    0000008a     nwk.obj (.text:nwk_nwkInit)
                  000088fa    00000086     rts430x_lc_sd_eabi.lib : _printfi_nf.obj (.text:_div)
                  00008980    00000084     nwk_link.obj (.text:smpl_send_unlink_reply)
                  00008a04    00000082     HAL_oled_ssd1306.obj (.text:oled_build_left_screen)
                  00008a86    00000082     PS2_Controller.obj (.text:ps2_send_buffer)
                  00008b08    0000007a     Drystone_Vortex_GND_main.obj (.text:main)
                  00008b82    00000074     nwk_ioctl.obj (.text:nwk_rawSend)
                  00008bf6    00000070     mrfi_f1f2.obj (.text:MRFI_RxAddrIsFiltered)
                  00008c66    00000070     rts430x_lc_sd_eabi.lib : autoinit.obj (.text:_auto_init)
                  00008cd6    00000068     nwk.obj (.text:nwk_putNumObjectIntoMsg)
                  00008d3e    00000062     nwk_freq.obj (.text:nwk_freqControl)
                  00008da0    00000060     HAL_oled_ssd1306.obj (.text:oled_fill_image)
                  00008e00    00000060     mrfi_spi.obj (.text:spiRegAccess)
                  00008e60    0000005e     mrfi_spi.obj (.text:mrfiSpiCmdStrobe)
                  00008ebe    0000005e     nwk.obj (.text:nwk_findPeer)
                  00008f1c    0000005e     nwk.obj (.text:nwk_isLinkDuplicate)
                  00008f7a    0000005e     Oled_printf.obj (.text:puts_custom)
                  00008fd8    0000005c     HAL_device.obj (.text:device_clk_init)
                  00009034    0000005c     nwk_QMgmt.obj (.text:nwk_QadjustOrder)
                  00009090    0000005a     rts430x_lc_sd_eabi.lib : mult64_f5hw.obj (.text:__mpyll)
                  000090ea    0000005a     nwk.obj (.text:initializeConnection)
                  00009144    0000005a     nwk.obj (.text:nwk_isValidReply)
                  0000919e    00000058     rts430x_lc_sd_eabi.lib : div32u.obj (.text)
                  000091f6    00000056     nwk_mgmt.obj (.text:nwk_processMgmt)
                  0000924c    00000056     nwk_ping.obj (.text:smpl_send_ping_reply)
                  000092a2    00000054     mrfi_radio.obj (.text:MRFI_WakeUp)
                  000092f6    00000054     rts430x_lc_sd_eabi.lib : atoi.obj (.text:atoi)
                  0000934a    00000054     nwk.obj (.text:nwk_getNextConnection)
                  0000939e    00000054     Oled_printf.obj (.text:oled_fill_small_font)
                  000093f2    00000052     nwk_freq.obj (.text:change_channel_cmd_is_valid)
                  00009444    00000050     nwk_api.obj (.text:SMPL_Init)
                  00009494    00000050     HAL_oled_ssd1306.obj (.text:oled_clean_screen)
                  000094e4    0000004e     mrfi_radio.obj (.text:MRFI_ReplyDelay)
                  00009532    0000004e     nwk.obj (.text:nwk_getNumObjectFromMsg)
                  00009580    0000004e     Oled_printf.obj (.text:putc_custom)
                  000095ce    0000004c     mrfi_radio.obj (.text:MRFI_Rssi)
                  0000961a    0000004c     mrfi_radio.obj (.text:Mrfi_CalculateRssi)
                  00009666    0000004c     HAL_device.obj (.text:os_usdelay_timer_init)
                  000096b2    0000004a     nwk.obj (.text:map_lid2idx)
                  000096fc    0000004a     nwk_frame.obj (.text:nwk_buildAckReqFrame)
                  00009746    0000004a     nwk_ioctl.obj (.text:nwk_deviceAddress)
                  00009790    00000048     Drystone_Vortex.obj (.text:drystone_gains_init)
                  000097d8    00000048     nwk_frame.obj (.text:nwk_sendFrame)
                  00009820    00000046     mrfi_radio.obj (.text:Mrfi_DelayUsecSem)
                  00009866    00000046     nwk_freq.obj (.text:nwk_processFreq)
                  000098ac    00000046     HAL_oled_ssd1306.obj (.text:oled_build_center_screen)
                  000098f2    00000046     rts430x_lc_sd_eabi.lib : fs_tou.obj (.text)
                  00009938    00000044                            : _printfi_nf.obj (.text:_pproc_fflags)
                  0000997c    00000044     nwk_link.obj (.text:handleLinkRequest)
                  000099c0    00000044     PS2_Controller.obj (.text:ps2_spi_init)
                  00009a04    00000042     mrfi_f1f2.obj (.text:MRFI_SetRxAddrFilter)
                  00009a46    00000042     nwk.obj (.text:nwk_getConnInfo)
                  00009a88    00000040     mrfi_radio.obj (.text:Mrfi_DelayUsec)
                  00009ac8    00000040     rts430x_lc_sd_eabi.lib : cpy_util.obj (.text:__memcpy_far)
                  00009b08    00000040     nwk.obj (.text:nwk_checkConnInfo)
                  00009b48    00000040     nwk_ioctl.obj (.text:nwk_connectionControl)
                  00009b88    0000003e     rts430x_lc_sd_eabi.lib : llmath.obj (.text:__mspabi_sllll)
                  00009bc6    0000003e                            : llmath.obj (.text:__mspabi_srlll)
                  00009c04    0000003e                            : copy_zero_init.obj (.text:decompress:ZI:__TI_zero_init)
                  00009c42    0000003e     HAL_oled_ssd1306.obj (.text:oled_i2c_init)
                  00009c80    0000003c     rts430x_lc_sd_eabi.lib : copy_decompress_none.obj (.text:decompress:none:__TI_decompress_none)
                  00009cbc    0000003c     nwk_link.obj (.text:nwk_processLink)
                  00009cf8    0000003c     nwk_ping.obj (.text:nwk_processPing)
                  00009d34    0000003a     nwk_freq.obj (.text:handle_freq_cmd)
                  00009d6e    00000038     mrfi_spi.obj (.text:mrfiSpiInit)
                  00009da6    00000038     nwk_ioctl.obj (.text:nwk_rawReceive)
                  00009dde    00000038     PS2_Controller.obj (.text:ps2_controller_init)
                  00009e16    00000038     rts430x_lc_sd_eabi.lib : sprintf.obj (.text:sprintf)
                  00009e4e    00000036     mrfi_f1f2.obj (.text:MRFI_SetRFPwr)
                  00009e84    00000034     mrfi_f1f2.obj (.text:MRFI_SetLogicalChannel)
                  00009eb8    00000034     nwk_join.obj (.text:nwk_processJoin)
                  00009eec    00000034     Oled_printf.obj (.text:oled_printf_set_column_row)
                  00009f20    00000034     Oled_printf.obj (.text:oled_set_start_column)
                  00009f54    00000032     nwk_join.obj (.text:nwk_joinInit)
                  00009f86    00000032     nwk_link.obj (.text:nwk_linkInit)
                  00009fb8    00000030     GND_radio_interface.obj (.text:linkTo)
                  00009fe8    0000002c     mrfi_radio.obj (.text:Mrfi_RandomBackoffDelay)
                  0000a014    0000002c     nwk_frame.obj (.text:nwk_frameInit)
                  0000a040    0000002c     nwk_globals.obj (.text:nwk_setMyAddress)
                  0000a06c    0000002c     HAL_device.obj (.text:os_timer_init)
                  0000a098    0000002c     rts430x_lc_sd_eabi.lib : div16s.obj (.text)
                  0000a0c4    0000002a     nwk_api.obj (.text:ioctlPreInitAccessIsOK)
                  0000a0ee    0000002a     HAL_oled_ssd1306.obj (.text:oled_write_command)
                  0000a118    0000002a     HAL_oled_ssd1306.obj (.text:oled_write_data)
                  0000a142    00000028     mrfi_radio.obj (.text:MRFI_Sleep)
                  0000a16a    00000028     mrfi_radio.obj (.text:Mrfi_RxModeOff)
                  0000a192    00000028     mrfi_spi.obj (.text:mrfiSpiWriteReg)
                  0000a1ba    00000028     nwk_globals.obj (.text:nwk_getAPAddress)
                  0000a1e2    00000028     nwk_freq.obj (.text:nwk_setChannel)
                  0000a20a    00000028     GND_radio_interface.obj (.text:radio_init)
                  0000a232    00000026     mrfi_spi.obj (.text:mrfiSpiReadReg)
                  0000a258    00000026     nwk_globals.obj (.text:nwk_globalsInit)
                  0000a27e    00000026     HAL_F5_board.obj (.text:sws_init)
                  0000a2a4    00000024     nwk_frame.obj (.text:MRFI_RxCompleteISR)
                  0000a2c8    00000024     nwk_join.obj (.text:nwk_setJoinToken)
                  0000a2ec    00000024     nwk_link.obj (.text:nwk_setLinkToken)
                  0000a310    00000024     PS2_Controller.obj (.text:ps2_process_global_cmd)
                  0000a334    00000022     mrfi_radio.obj (.text:MRFI_DelayMs)
                  0000a356    00000022     rts430x_lc_sd_eabi.lib : memcmp.obj (.text:memcmp)
                  0000a378    00000022                            : mult32_f5hw.obj (.text)
                  0000a39a    00000020     mrfi_f1f2.obj (.text:MRFI_EnableRxAddrFilter)
                  0000a3ba    00000020     mrfi_radio.obj (.text:MRFI_RxOn)
                  0000a3da    00000020     rts430x_lc_sd_eabi.lib : memmov.obj (.text:memmove)
                  0000a3fa    0000001e     mrfi_radio.obj (.text:MRFI_RxIdle)
                  0000a418    0000001e     nwk_QMgmt.obj (.text:nwk_QInit)
                  0000a436    0000001c     nwk_ping.obj (.text:handlePingRequest)
                  0000a452    0000001c     rts430x_lc_sd_eabi.lib : memccpy.obj (.text:memccpy)
                  0000a46e    0000001c     nwk_join.obj (.text:nwk_getJoinToken)
                  0000a48a    0000001c     nwk_link.obj (.text:nwk_getLinkToken)
                  0000a4a6    0000001a     mrfi_spi.obj (.text:mrfiSpiWriteTxFifo)
                  0000a4c0    00000018     rts430x_lc_sd_eabi.lib : sprintf.obj (.text:_outs)
                  0000a4d8    00000018     nwk_freq.obj (.text:change_channel_cmd)
                  0000a4f0    00000018     mrfi_spi.obj (.text:mrfiSpiReadRxFifo)
                  0000a508    00000018     Oled_printf.obj (.text:puth)
                  0000a520    00000016     mrfi_radio.obj (.text:MRFI_GpioIsr)
                  0000a536    00000016     mrfi_radio.obj (.text:MRFI_RandomByte)
                  0000a54c    00000016     mrfi_radio.obj (.text:MRFI_Receive)
                  0000a562    00000016     HAL_F5_board.obj (.text:leds_init)
                  0000a578    00000016     nwk_freq.obj (.text:nwk_freqInit)
                  0000a58e    00000016     nwk_globals.obj (.text:nwk_setAPAddress)
                  0000a5a4    00000016     HAL_oled_ssd1306.obj (.text:oled_reset)
                  0000a5ba    00000016     rts430x_lc_sd_eabi.lib : div16u.obj (.text)
                  0000a5d0    00000016                            : mult16_f5hw.obj (.text)
                  0000a5e6    00000014                            : memset.obj (.text:memset)
                  0000a5fa    00000014     Oled_printf.obj (.text:oled_set_start_page)
                  0000a60e    00000012     mrfi_radio.obj (.text:Mrfi_RxModeOn)
                  0000a620    00000012     rts430x_lc_sd_eabi.lib : sprintf.obj (.text:_outc)
                  0000a632    00000012     HAL_device.obj (.text:device_startup)
                  0000a644    00000012     rts430x_lc_sd_eabi.lib : memcpy.obj (.text:memcpy)
                  0000a656    00000012     nwk_globals.obj (.text:nwk_getMyAddress)
                  0000a668    00000010     HAL_device.obj (.text:_system_pre_init)
                  0000a678    00000010     rts430x_lc_sd_eabi.lib : asr32.obj (.text:l_asr)
                  0000a688    00000010                            : lsr32.obj (.text:l_lsr)
                  0000a698    00000010     nwk.obj (.text:nwk_NVObj)
                  0000a6a8    00000010     nwk_freq.obj (.text:nwk_getChannel)
                  0000a6b8    0000000e     bsp_glue.obj (.text:BSP_DELAY_USECS)
                  0000a6c6    0000000e     nwk_api.obj (.text:SMPL_Link)
                  0000a6d4    0000000e     nwk_api.obj (.text:SMPL_Ping)
                  0000a6e2    0000000e     rts430x_lc_sd_eabi.lib : copy_decompress_rle.obj (.text:decompress:rle24:__TI_decompress_rle24)
                  0000a6f0    0000000e     nwk.obj (.text:nwk_freeConnection)
                  0000a6fe    0000000e     rts430x_lc_sd_eabi.lib : strlen.obj (.text:strlen)
                  0000a70c    0000000c     mrfi_radio.obj (.text:MRFI_PostKillSem)
                  0000a718    0000000c     nwk_security.obj (.text:nwk_processSecurity)
                  0000a724    0000000c     nwk_freq.obj (.text:send_ping_reply)
                  0000a730    0000000a     HAL_F5_board.obj (.text:hal_board_init)
                  0000a73a    0000000a     nwk_mgmt.obj (.text:nwk_mgmtInit)
                  0000a744    0000000a     nwk_ping.obj (.text:nwk_pingInit)
                  0000a74e    0000000a     HAL_oled_ssd1306.obj (.text:oled_turn_off)
                  0000a758    0000000a     HAL_oled_ssd1306.obj (.text:oled_turn_on)
                  0000a762    0000000a     nwk_mgmt.obj (.text:smpl_send_mgmt_reply)
                  0000a76c    00000008     Drystone_Vortex.obj (.text:drystone_update_gains)
                  0000a774    00000008     HAL_device.obj (.text:os_timer_start)
                  0000a77c    00000008     HAL_device.obj (.text:os_timer_stop)
                  0000a784    00000006     mrfi_radio.obj (.text:MRFI_GetRadioState)
                  0000a78a    00000006     rts430x_lc_sd_eabi.lib : isr_trap.obj (.text:__TI_ISR_TRAP)
                  0000a790    00000006     nwk_globals.obj (.text:nwk_getBCastAddress)
                  0000a796    00000006     nwk_globals.obj (.text:nwk_getFWVersion)
                  0000a79c    00000006     nwk_frame.obj (.text:nwk_getMyRxType)
                  0000a7a2    00000006     nwk_globals.obj (.text:nwk_getProtocolVersion)
                  0000a7a8    00000004     rts430x_lc_sd_eabi.lib : exit.obj (.text:abort)
                  0000a7ac    00000002     nwk_security.obj (.text:nwk_securityInit)

.cinit     0    0000a7ae    00000054     
                  0000a7ae    00000032     (.cinit..data.load) [load image, compression = rle]
                  0000a7e0    0000000c     (__TI_handler_table)
                  0000a7ec    00000006     (.cinit..bss.load) [load image, compression = zero_init]
                  0000a7f2    00000010     (__TI_cinit_table)

RTC        0    0000ffd2    00000002     
                  0000ffd2    00000002     rts430x_lc_sd_eabi.lib : int41.obj (.int41)

PORT2      0    0000ffd4    00000002     
                  0000ffd4    00000002     mrfi_board.obj (.int42)

TIMER2_A1 
*          0    0000ffd6    00000002     
                  0000ffd6    00000002     rts430x_lc_sd_eabi.lib : int43.obj (.int43)

TIMER2_A0 
*          0    0000ffd8    00000002     
                  0000ffd8    00000002     rts430x_lc_sd_eabi.lib : int44.obj (.int44)

USCI_B1    0    0000ffda    00000002     
                  0000ffda    00000002     HAL_oled_ssd1306.obj (.int45)

USCI_A1    0    0000ffdc    00000002     
                  0000ffdc    00000002     rts430x_lc_sd_eabi.lib : int46.obj (.int46)

PORT1      0    0000ffde    00000002     
                  0000ffde    00000002     HAL_F5_board.obj (.int47)

TIMER1_A1 
*          0    0000ffe0    00000002     
                  0000ffe0    00000002     rts430x_lc_sd_eabi.lib : int48.obj (.int48)

TIMER1_A0 
*          0    0000ffe2    00000002     
                  0000ffe2    00000002     rts430x_lc_sd_eabi.lib : int49.obj (.int49)

DMA        0    0000ffe4    00000002     
                  0000ffe4    00000002     rts430x_lc_sd_eabi.lib : int50.obj (.int50)

USB_UBM    0    0000ffe6    00000002     
                  0000ffe6    00000002     rts430x_lc_sd_eabi.lib : int51.obj (.int51)

TIMER0_A1 
*          0    0000ffe8    00000002     
                  0000ffe8    00000002     rts430x_lc_sd_eabi.lib : int52.obj (.int52)

TIMER0_A0 
*          0    0000ffea    00000002     
                  0000ffea    00000002     HAL_device.obj (.int53)

ADC12      0    0000ffec    00000002     
                  0000ffec    00000002     rts430x_lc_sd_eabi.lib : int54.obj (.int54)

USCI_B0    0    0000ffee    00000002     
                  0000ffee    00000002     rts430x_lc_sd_eabi.lib : int55.obj (.int55)

USCI_A0    0    0000fff0    00000002     
                  0000fff0    00000002     rts430x_lc_sd_eabi.lib : int56.obj (.int56)

WDT        0    0000fff2    00000002     
                  0000fff2    00000002     rts430x_lc_sd_eabi.lib : int57.obj (.int57)

TIMER0_B1 
*          0    0000fff4    00000002     
                  0000fff4    00000002     rts430x_lc_sd_eabi.lib : int58.obj (.int58)

TIMER0_B0 
*          0    0000fff6    00000002     
                  0000fff6    00000002     HAL_device.obj (.int59)

COMP_B     0    0000fff8    00000002     
                  0000fff8    00000002     rts430x_lc_sd_eabi.lib : int60.obj (.int60)

UNMI       0    0000fffa    00000002     
                  0000fffa    00000002     rts430x_lc_sd_eabi.lib : int61.obj (.int61)

SYSNMI     0    0000fffc    00000002     
                  0000fffc    00000002     rts430x_lc_sd_eabi.lib : int62.obj (.int62)

.reset     0    0000fffe    00000002     
                  0000fffe    00000002     rts430x_lc_sd_eabi.lib : boot.obj (.reset)


LINKER GENERATED COPY TABLES

__TI_cinit_table @ 0000a7f2 records: 2, size/record: 8, table size: 16
	.data: load addr=0000a7ae, load size=00000032 bytes, run addr=00002494, run size=0000008e bytes, compression=rle
	.bss: load addr=0000a7ec, load size=00000006 bytes, run addr=00002400, run size=00000091 bytes, compression=zero_init


LINKER GENERATED HANDLER TABLE

__TI_handler_table @ 0000a7e0 records: 3, size/record: 4, table size: 12
	index: 0, handler: __TI_zero_init
	index: 1, handler: __TI_decompress_rle24
	index: 2, handler: __TI_decompress_none


GLOBAL SYMBOLS: SORTED ALPHABETICALLY BY Name 

address    name
--------   ----
00000700   ADC12CTL0
00000701   ADC12CTL0_H
00000700   ADC12CTL0_L
00000702   ADC12CTL1
00000703   ADC12CTL1_H
00000702   ADC12CTL1_L
00000704   ADC12CTL2
00000705   ADC12CTL2_H
00000704   ADC12CTL2_L
0000070c   ADC12IE
0000070d   ADC12IE_H
0000070c   ADC12IE_L
0000070a   ADC12IFG
0000070b   ADC12IFG_H
0000070a   ADC12IFG_L
0000070e   ADC12IV
0000070f   ADC12IV_H
0000070e   ADC12IV_L
00000710   ADC12MCTL0
00000711   ADC12MCTL1
0000071a   ADC12MCTL10
0000071b   ADC12MCTL11
0000071c   ADC12MCTL12
0000071d   ADC12MCTL13
0000071e   ADC12MCTL14
0000071f   ADC12MCTL15
00000712   ADC12MCTL2
00000713   ADC12MCTL3
00000714   ADC12MCTL4
00000715   ADC12MCTL5
00000716   ADC12MCTL6
00000717   ADC12MCTL7
00000718   ADC12MCTL8
00000719   ADC12MCTL9
00000720   ADC12MEM0
00000721   ADC12MEM0_H
00000720   ADC12MEM0_L
00000722   ADC12MEM1
00000734   ADC12MEM10
00000735   ADC12MEM10_H
00000734   ADC12MEM10_L
00000736   ADC12MEM11
00000737   ADC12MEM11_H
00000736   ADC12MEM11_L
00000738   ADC12MEM12
00000739   ADC12MEM12_H
00000738   ADC12MEM12_L
0000073a   ADC12MEM13
0000073b   ADC12MEM13_H
0000073a   ADC12MEM13_L
0000073c   ADC12MEM14
0000073d   ADC12MEM14_H
0000073c   ADC12MEM14_L
0000073e   ADC12MEM15
0000073f   ADC12MEM15_H
0000073e   ADC12MEM15_L
00000723   ADC12MEM1_H
00000722   ADC12MEM1_L
00000724   ADC12MEM2
00000725   ADC12MEM2_H
00000724   ADC12MEM2_L
00000726   ADC12MEM3
00000727   ADC12MEM3_H
00000726   ADC12MEM3_L
00000728   ADC12MEM4
00000729   ADC12MEM4_H
00000728   ADC12MEM4_L
0000072a   ADC12MEM5
0000072b   ADC12MEM5_H
0000072a   ADC12MEM5_L
0000072c   ADC12MEM6
0000072d   ADC12MEM6_H
0000072c   ADC12MEM6_L
0000072e   ADC12MEM7
0000072f   ADC12MEM7_H
0000072e   ADC12MEM7_L
00000730   ADC12MEM8
00000731   ADC12MEM8_H
00000730   ADC12MEM8_L
00000732   ADC12MEM9
00000733   ADC12MEM9_H
00000732   ADC12MEM9_L
0000a6b8   BSP_DELAY_USECS
0000a7a8   C$$EXIT
000008c0   CBCTL0
000008c1   CBCTL0_H
000008c0   CBCTL0_L
000008c2   CBCTL1
000008c3   CBCTL1_H
000008c2   CBCTL1_L
000008c4   CBCTL2
000008c5   CBCTL2_H
000008c4   CBCTL2_L
000008c6   CBCTL3
000008c7   CBCTL3_H
000008c6   CBCTL3_L
000008cc   CBINT
000008cd   CBINT_H
000008cc   CBINT_L
000008ce   CBIV
00000150   CRCDI
00000152   CRCDIRB
00000153   CRCDIRB_H
00000152   CRCDIRB_L
00000151   CRCDI_H
00000150   CRCDI_L
00000154   CRCINIRES
00000155   CRCINIRES_H
00000154   CRCINIRES_L
00000156   CRCRESR
00000157   CRCRESR_H
00000156   CRCRESR_L
00000510   DMA0CTL
00000511   DMA0CTL_H
00000510   DMA0CTL_L
00000516   DMA0DA
00000516   DMA0DAL
00000512   DMA0SA
00000512   DMA0SAL
0000051a   DMA0SZ
00000520   DMA1CTL
00000521   DMA1CTL_H
00000520   DMA1CTL_L
00000526   DMA1DA
00000526   DMA1DAL
00000522   DMA1SA
00000522   DMA1SAL
0000052a   DMA1SZ
00000530   DMA2CTL
00000531   DMA2CTL_H
00000530   DMA2CTL_L
00000536   DMA2DA
00000536   DMA2DAL
00000532   DMA2SA
00000532   DMA2SAL
0000053a   DMA2SZ
00000500   DMACTL0
00000501   DMACTL0_H
00000500   DMACTL0_L
00000502   DMACTL1
00000503   DMACTL1_H
00000502   DMACTL1_L
00000504   DMACTL2
00000505   DMACTL2_H
00000504   DMACTL2_L
00000506   DMACTL3
00000507   DMACTL3_H
00000506   DMACTL3_L
00000508   DMACTL4
00000509   DMACTL4_H
00000508   DMACTL4_L
0000050e   DMAIV
0000050f   DMAIV_H
0000050e   DMAIV_L
00000140   FCTL1
00000141   FCTL1_H
00000140   FCTL1_L
00000144   FCTL3
00000145   FCTL3_H
00000144   FCTL3_L
00000146   FCTL4
00000147   FCTL4_H
00000146   FCTL4_L
000056de   GDO0_ISR
000004c4   MAC
000004da   MAC32H
000004db   MAC32H_H
000004da   MAC32H_L
000004d8   MAC32L
000004d9   MAC32L_H
000004d8   MAC32L_L
000004c6   MACS
000004de   MACS32H
000004df   MACS32H_H
000004de   MACS32H_L
000004dc   MACS32L
000004dd   MACS32L_H
000004dc   MACS32L_L
000004c7   MACS_H
000004c6   MACS_L
000004c5   MAC_H
000004c4   MAC_L
000004c0   MPY
000004ec   MPY32CTL0
000004ed   MPY32CTL0_H
000004ec   MPY32CTL0_L
000004d2   MPY32H
000004d3   MPY32H_H
000004d2   MPY32H_L
000004d0   MPY32L
000004d1   MPY32L_H
000004d0   MPY32L_L
000004c2   MPYS
000004d6   MPYS32H
000004d7   MPYS32H_H
000004d6   MPYS32H_L
000004d4   MPYS32L
000004d5   MPYS32L_H
000004d4   MPYS32L_L
000004c3   MPYS_H
000004c2   MPYS_L
000004c1   MPY_H
000004c0   MPY_L
0000a334   MRFI_DelayMs
0000a39a   MRFI_EnableRxAddrFilter
0000a784   MRFI_GetRadioState
0000a520   MRFI_GpioIsr
00005c98   MRFI_Init
0000a70c   MRFI_PostKillSem
0000a536   MRFI_RandomByte
0000a54c   MRFI_Receive
000094e4   MRFI_ReplyDelay
000095ce   MRFI_Rssi
00008bf6   MRFI_RxAddrIsFiltered
0000a2a4   MRFI_RxCompleteISR
0000a3fa   MRFI_RxIdle
0000a3ba   MRFI_RxOn
00009e84   MRFI_SetLogicalChannel
00009e4e   MRFI_SetRFPwr
00009a04   MRFI_SetRxAddrFilter
0000a142   MRFI_Sleep
000074cc   MRFI_Transmit
000092a2   MRFI_WakeUp
0000a16a   Mrfi_RxModeOff
0000a60e   Mrfi_RxModeOn
000004c8   OP2
000004e2   OP2H
000004e3   OP2H_H
000004e2   OP2H_L
000004e0   OP2L
000004e1   OP2L_H
000004e0   OP2L_L
000004c9   OP2_H
000004c8   OP2_L
000056c2   OS_TIMER_ISR
0000020e   P1IV
0000021e   P2IV
000001e0   P4MAP01
000001e1   P4MAP01_H
000001e0   P4MAP01_L
000001e2   P4MAP23
000001e3   P4MAP23_H
000001e2   P4MAP23_L
000001e4   P4MAP45
000001e5   P4MAP45_H
000001e4   P4MAP45_L
000001e6   P4MAP67
000001e7   P4MAP67_H
000001e6   P4MAP67_L
00000204   PADIR
00000205   PADIR_H
00000204   PADIR_L
00000208   PADS
00000209   PADS_H
00000208   PADS_L
0000021a   PAIE
00000218   PAIES
00000219   PAIES_H
00000218   PAIES_L
0000021b   PAIE_H
0000021a   PAIE_L
0000021c   PAIFG
0000021d   PAIFG_H
0000021c   PAIFG_L
00000200   PAIN
00000201   PAIN_H
00000200   PAIN_L
00000202   PAOUT
00000203   PAOUT_H
00000202   PAOUT_L
00000206   PAREN
00000207   PAREN_H
00000206   PAREN_L
0000020a   PASEL
0000020b   PASEL_H
0000020a   PASEL_L
00000224   PBDIR
00000225   PBDIR_H
00000224   PBDIR_L
00000228   PBDS
00000229   PBDS_H
00000228   PBDS_L
00000220   PBIN
00000221   PBIN_H
00000220   PBIN_L
00000222   PBOUT
00000223   PBOUT_H
00000222   PBOUT_L
00000226   PBREN
00000227   PBREN_H
00000226   PBREN_L
0000022a   PBSEL
0000022b   PBSEL_H
0000022a   PBSEL_L
00000244   PCDIR
00000245   PCDIR_H
00000244   PCDIR_L
00000248   PCDS
00000249   PCDS_H
00000248   PCDS_L
00000240   PCIN
00000241   PCIN_H
00000240   PCIN_L
00000242   PCOUT
00000243   PCOUT_H
00000242   PCOUT_L
00000246   PCREN
00000247   PCREN_H
00000246   PCREN_L
0000024a   PCSEL
0000024b   PCSEL_H
0000024a   PCSEL_L
00000264   PDDIR
00000265   PDDIR_H
00000264   PDDIR_L
00000268   PDDS
00000269   PDDS_H
00000268   PDDS_L
00000260   PDIN
00000261   PDIN_H
00000260   PDIN_L
00000262   PDOUT
00000263   PDOUT_H
00000262   PDOUT_L
00000266   PDREN
00000267   PDREN_H
00000266   PDREN_L
0000026a   PDSEL
0000026b   PDSEL_H
0000026a   PDSEL_L
00000324   PJDIR
00000325   PJDIR_H
00000324   PJDIR_L
00000328   PJDS
00000329   PJDS_H
00000328   PJDS_L
00000320   PJIN
00000321   PJIN_H
00000320   PJIN_L
00000322   PJOUT
00000323   PJOUT_H
00000322   PJOUT_L
00000326   PJREN
00000327   PJREN_H
00000326   PJREN_L
00000130   PM5CTL0
00000131   PM5CTL0_H
00000130   PM5CTL0_L
000001c2   PMAPCTL
000001c3   PMAPCTL_H
000001c2   PMAPCTL_L
000001c0   PMAPKEYID
000001c1   PMAPKEYID_H
000001c0   PMAPKEYID_L
00000120   PMMCTL0
00000121   PMMCTL0_H
00000120   PMMCTL0_L
00000122   PMMCTL1
00000123   PMMCTL1_H
00000122   PMMCTL1_L
0000012c   PMMIFG
0000012d   PMMIFG_H
0000012c   PMMIFG_L
0000012e   PMMRIE
0000012f   PMMRIE_H
0000012e   PMMRIE_L
00000158   RCCTL0
00000159   RCCTL0_H
00000158   RCCTL0_L
000001b0   REFCTL0
000001b1   REFCTL0_H
000001b0   REFCTL0_L
000004e4   RES0
000004e5   RES0_H
000004e4   RES0_L
000004e6   RES1
000004e7   RES1_H
000004e6   RES1_L
000004e8   RES2
000004e9   RES2_H
000004e8   RES2_L
000004ea   RES3
000004eb   RES3_H
000004ea   RES3_L
000004cc   RESHI
000004cd   RESHI_H
000004cc   RESHI_L
000004ca   RESLO
000004cb   RESLO_H
000004ca   RESLO_L
000004ba   RTCADOWDAY
000004bb   RTCADOWDAY_H
000004ba   RTCADOWDAY_L
000004b8   RTCAMINHR
000004b9   RTCAMINHR_H
000004b8   RTCAMINHR_L
000004a0   RTCCTL01
000004a1   RTCCTL01_H
000004a0   RTCCTL01_L
000004a2   RTCCTL23
000004a3   RTCCTL23_H
000004a2   RTCCTL23_L
000004b4   RTCDATE
000004b5   RTCDATE_H
000004b4   RTCDATE_L
000004ae   RTCIV
000004ac   RTCPS
000004a8   RTCPS0CTL
000004a9   RTCPS0CTL_H
000004a8   RTCPS0CTL_L
000004aa   RTCPS1CTL
000004ab   RTCPS1CTL_H
000004aa   RTCPS1CTL_L
000004ad   RTCPS_H
000004ac   RTCPS_L
000004b0   RTCTIM0
000004b1   RTCTIM0_H
000004b0   RTCTIM0_L
000004b2   RTCTIM1
000004b3   RTCTIM1_H
000004b2   RTCTIM1_L
000004b6   RTCYEAR
000004b7   RTCYEAR_H
000004b6   RTCYEAR_L
00000100   SFRIE1
00000101   SFRIE1_H
00000100   SFRIE1_L
00000102   SFRIFG1
00000103   SFRIFG1_H
00000102   SFRIFG1_L
00000104   SFRRPCR
00000105   SFRRPCR_H
00000104   SFRRPCR_L
00009444   SMPL_Init
0000623e   SMPL_Ioctl
0000a6c6   SMPL_Link
0000a6d4   SMPL_Ping
00006d2c   SMPL_SendOpt
000004ce   SUMEXT
000004cf   SUMEXT_H
000004ce   SUMEXT_L
00000124   SVSMHCTL
00000125   SVSMHCTL_H
00000124   SVSMHCTL_L
00000128   SVSMIO
00000129   SVSMIO_H
00000128   SVSMIO_L
00000126   SVSMLCTL
00000127   SVSMLCTL_H
00000126   SVSMLCTL_L
000056e8   SW2_ISR
00000198   SYSBERRIV
00000199   SYSBERRIV_H
00000198   SYSBERRIV_L
00000182   SYSBSLC
00000183   SYSBSLC_H
00000182   SYSBSLC_L
00000180   SYSCTL
00000181   SYSCTL_H
00000180   SYSCTL_L
00000186   SYSJMBC
00000187   SYSJMBC_H
00000186   SYSJMBC_L
00000188   SYSJMBI0
00000189   SYSJMBI0_H
00000188   SYSJMBI0_L
0000018a   SYSJMBI1
0000018b   SYSJMBI1_H
0000018a   SYSJMBI1_L
0000018c   SYSJMBO0
0000018d   SYSJMBO0_H
0000018c   SYSJMBO0_L
0000018e   SYSJMBO1
0000018f   SYSJMBO1_H
0000018e   SYSJMBO1_L
0000019e   SYSRSTIV
0000019f   SYSRSTIV_H
0000019e   SYSRSTIV_L
0000019c   SYSSNIV
0000019d   SYSSNIV_H
0000019c   SYSSNIV_L
0000019a   SYSUNIV
0000019b   SYSUNIV_H
0000019a   SYSUNIV_L
00002492   SysRstIv
00000352   TA0CCR0
00000354   TA0CCR1
00000356   TA0CCR2
00000358   TA0CCR3
0000035a   TA0CCR4
00000342   TA0CCTL0
00000344   TA0CCTL1
00000346   TA0CCTL2
00000348   TA0CCTL3
0000034a   TA0CCTL4
00000340   TA0CTL
00000360   TA0EX0
0000036e   TA0IV
00000350   TA0R
00000392   TA1CCR0
00000394   TA1CCR1
00000396   TA1CCR2
00000382   TA1CCTL0
00000384   TA1CCTL1
00000386   TA1CCTL2
00000380   TA1CTL
000003a0   TA1EX0
000003ae   TA1IV
00000390   TA1R
00000412   TA2CCR0
00000414   TA2CCR1
00000416   TA2CCR2
00000402   TA2CCTL0
00000404   TA2CCTL1
00000406   TA2CCTL2
00000400   TA2CTL
00000420   TA2EX0
0000042e   TA2IV
00000410   TA2R
000003d2   TB0CCR0
000003d4   TB0CCR1
000003d6   TB0CCR2
000003d8   TB0CCR3
000003da   TB0CCR4
000003dc   TB0CCR5
000003de   TB0CCR6
000003c2   TB0CCTL0
000003c4   TB0CCTL1
000003c6   TB0CCTL2
000003c8   TB0CCTL3
000003ca   TB0CCTL4
000003cc   TB0CCTL5
000003ce   TB0CCTL6
000003c0   TB0CTL
000003e0   TB0EX0
000003ee   TB0IV
000003d0   TB0R
000005d0   UCA0ABCTL
000005c6   UCA0BRW
000005c7   UCA0BRW_H
000005c6   UCA0BRW_L
000005c0   UCA0CTLW0
000005c1   UCA0CTLW0_H
000005c0   UCA0CTLW0_L
000005dc   UCA0ICTL
000005dd   UCA0ICTL_H
000005dc   UCA0ICTL_L
000005d2   UCA0IRCTL
000005d3   UCA0IRCTL_H
000005d2   UCA0IRCTL_L
000005de   UCA0IV
000005c8   UCA0MCTL
000005cc   UCA0RXBUF
000005ca   UCA0STAT
000005ce   UCA0TXBUF
00000610   UCA1ABCTL
00000606   UCA1BRW
00000607   UCA1BRW_H
00000606   UCA1BRW_L
00000600   UCA1CTLW0
00000601   UCA1CTLW0_H
00000600   UCA1CTLW0_L
0000061c   UCA1ICTL
0000061d   UCA1ICTL_H
0000061c   UCA1ICTL_L
00000612   UCA1IRCTL
00000613   UCA1IRCTL_H
00000612   UCA1IRCTL_L
0000061e   UCA1IV
00000608   UCA1MCTL
0000060c   UCA1RXBUF
0000060a   UCA1STAT
0000060e   UCA1TXBUF
000005e6   UCB0BRW
000005e7   UCB0BRW_H
000005e6   UCB0BRW_L
000005e0   UCB0CTLW0
000005e1   UCB0CTLW0_H
000005e0   UCB0CTLW0_L
000005f0   UCB0I2COA
000005f1   UCB0I2COA_H
000005f0   UCB0I2COA_L
000005f2   UCB0I2CSA
000005f3   UCB0I2CSA_H
000005f2   UCB0I2CSA_L
000005fc   UCB0ICTL
000005fd   UCB0ICTL_H
000005fc   UCB0ICTL_L
000005fe   UCB0IV
000005ec   UCB0RXBUF
000005ea   UCB0STAT
000005ee   UCB0TXBUF
00000626   UCB1BRW
00000627   UCB1BRW_H
00000626   UCB1BRW_L
00000620   UCB1CTLW0
00000621   UCB1CTLW0_H
00000620   UCB1CTLW0_L
00000630   UCB1I2COA
00000631   UCB1I2COA_H
00000630   UCB1I2COA_L
00000632   UCB1I2CSA
00000633   UCB1I2CSA_H
00000632   UCB1I2CSA_L
0000063c   UCB1ICTL
0000063d   UCB1ICTL_H
0000063c   UCB1ICTL_L
0000063e   UCB1IV
0000062c   UCB1RXBUF
0000062a   UCB1STAT
0000062e   UCB1TXBUF
00000160   UCSCTL0
00000161   UCSCTL0_H
00000160   UCSCTL0_L
00000162   UCSCTL1
00000163   UCSCTL1_H
00000162   UCSCTL1_L
00000164   UCSCTL2
00000165   UCSCTL2_H
00000164   UCSCTL2_L
00000166   UCSCTL3
00000167   UCSCTL3_H
00000166   UCSCTL3_L
00000168   UCSCTL4
00000169   UCSCTL4_H
00000168   UCSCTL4_L
0000016a   UCSCTL5
0000016b   UCSCTL5_H
0000016a   UCSCTL5_L
0000016c   UCSCTL6
0000016d   UCSCTL6_H
0000016c   UCSCTL6_L
0000016e   UCSCTL7
0000016f   UCSCTL7_H
0000016e   UCSCTL7_L
00000170   UCSCTL8
00000171   UCSCTL8_H
00000170   UCSCTL8_L
00000902   USBCNF
00000903   USBCNF_H
00000902   USBCNF_L
0000093c   USBCTL
0000093a   USBFN
0000093b   USBFN_H
0000093a   USBFN_L
0000093f   USBFUNADR
0000093d   USBIE
00002378   USBIEP0BUF
000023c9   USBIEPBBAX_1
000023d1   USBIEPBBAX_2
000023d9   USBIEPBBAX_3
000023e1   USBIEPBBAX_4
000023e9   USBIEPBBAX_5
000023f1   USBIEPBBAX_6
000023f9   USBIEPBBAX_7
000023cd   USBIEPBBAY_1
000023d5   USBIEPBBAY_2
000023dd   USBIEPBBAY_3
000023e5   USBIEPBBAY_4
000023ed   USBIEPBBAY_5
000023f5   USBIEPBBAY_6
000023fd   USBIEPBBAY_7
000023ca   USBIEPBCTX_1
000023d2   USBIEPBCTX_2
000023da   USBIEPBCTX_3
000023e2   USBIEPBCTX_4
000023ea   USBIEPBCTX_5
000023f2   USBIEPBCTX_6
000023fa   USBIEPBCTX_7
000023ce   USBIEPBCTY_1
000023d6   USBIEPBCTY_2
000023de   USBIEPBCTY_3
000023e6   USBIEPBCTY_4
000023ee   USBIEPBCTY_5
000023f6   USBIEPBCTY_6
000023fe   USBIEPBCTY_7
00000920   USBIEPCNF_0
000023c8   USBIEPCNF_1
000023d0   USBIEPCNF_2
000023d8   USBIEPCNF_3
000023e0   USBIEPCNF_4
000023e8   USBIEPCNF_5
000023f0   USBIEPCNF_6
000023f8   USBIEPCNF_7
00000921   USBIEPCNT_0
0000092e   USBIEPIE
00000930   USBIEPIFG
000023cf   USBIEPSIZXY_1
000023d7   USBIEPSIZXY_2
000023df   USBIEPSIZXY_3
000023e7   USBIEPSIZXY_4
000023ef   USBIEPSIZXY_5
000023f7   USBIEPSIZXY_6
000023ff   USBIEPSIZXY_7
0000093e   USBIFG
00000900   USBKEYID
00000901   USBKEYID_H
00000900   USBKEYID_L
00000936   USBMAINT
00000937   USBMAINT_H
00000936   USBMAINT_L
00002370   USBOEP0BUF
00002389   USBOEPBBAX_1
00002391   USBOEPBBAX_2
00002399   USBOEPBBAX_3
000023a1   USBOEPBBAX_4
000023a9   USBOEPBBAX_5
000023b1   USBOEPBBAX_6
000023b9   USBOEPBBAX_7
0000238d   USBOEPBBAY_1
00002395   USBOEPBBAY_2
0000239d   USBOEPBBAY_3
000023a5   USBOEPBBAY_4
000023ad   USBOEPBBAY_5
000023b5   USBOEPBBAY_6
000023bd   USBOEPBBAY_7
0000238a   USBOEPBCTX_1
00002392   USBOEPBCTX_2
0000239a   USBOEPBCTX_3
000023a2   USBOEPBCTX_4
000023aa   USBOEPBCTX_5
000023b2   USBOEPBCTX_6
000023ba   USBOEPBCTX_7
0000238e   USBOEPBCTY_1
00002396   USBOEPBCTY_2
0000239e   USBOEPBCTY_3
000023a6   USBOEPBCTY_4
000023ae   USBOEPBCTY_5
000023b6   USBOEPBCTY_6
000023be   USBOEPBCTY_7
00000922   USBOEPCNF_0
00002388   USBOEPCNF_1
00002390   USBOEPCNF_2
00002398   USBOEPCNF_3
000023a0   USBOEPCNF_4
000023a8   USBOEPCNF_5
000023b0   USBOEPCNF_6
000023b8   USBOEPCNF_7
00000923   USBOEPCNT_0
0000092f   USBOEPIE
00000931   USBOEPIFG
0000238f   USBOEPSIZXY_1
00002397   USBOEPSIZXY_2
0000239f   USBOEPSIZXY_3
000023a7   USBOEPSIZXY_4
000023af   USBOEPSIZXY_5
000023b7   USBOEPSIZXY_6
000023bf   USBOEPSIZXY_7
00000904   USBPHYCTL
00000905   USBPHYCTL_H
00000904   USBPHYCTL_L
00000910   USBPLLCTL
00000911   USBPLLCTL_H
00000910   USBPLLCTL_L
00000912   USBPLLDIVB
00000913   USBPLLDIVB_H
00000912   USBPLLDIVB_L
00000914   USBPLLIR
00000915   USBPLLIR_H
00000914   USBPLLIR_L
00000908   USBPWRCTL
00000909   USBPWRCTL_H
00000908   USBPWRCTL_L
00001c00   USBSTABUFF
00002380   USBSUBLK
0000236f   USBTOPBUFF
00000938   USBTSREG
00000939   USBTSREG_H
00000938   USBTSREG_L
00000932   USBVECINT
00000933   USBVECINT_H
00000932   USBVECINT_L
00005652   USCI_B1_ISR
0000015c   WDTCTL
0000015d   WDTCTL_H
0000015c   WDTCTL_L
00004400   __STACK_END
000000a0   __STACK_SIZE
0000a7f2   __TI_CINIT_Base
0000a802   __TI_CINIT_Limit
0000a7e0   __TI_Handler_Table_Base
0000a7ec   __TI_Handler_Table_Limit
UNDEFED    __TI_INITARRAY_Base
UNDEFED    __TI_INITARRAY_Limit
0000a78a   __TI_ISR_TRAP
00000001   __TI_args_main
00009c80   __TI_decompress_none
0000a6e2   __TI_decompress_rle24
00000001   __TI_exit
0000ffd2   __TI_int41
0000ffd4   __TI_int42
0000ffd6   __TI_int43
0000ffd8   __TI_int44
0000ffda   __TI_int45
0000ffdc   __TI_int46
0000ffde   __TI_int47
0000ffe0   __TI_int48
0000ffe2   __TI_int49
0000ffe4   __TI_int50
0000ffe6   __TI_int51
0000ffe8   __TI_int52
0000ffea   __TI_int53
0000ffec   __TI_int54
0000ffee   __TI_int55
0000fff0   __TI_int56
0000fff2   __TI_int57
0000fff4   __TI_int58
0000fff6   __TI_int59
0000fff8   __TI_int60
0000fffa   __TI_int61
0000fffc   __TI_int62
0000607a   __TI_printfi_nofloat
00009c04   __TI_zero_init
ffffffff   __binit__
ffffffff   __c_args__
00009ac8   __memcpy_far
0000a098   __mspabi_divi
0000a5ba   __mspabi_divu
0000919e   __mspabi_divul
000056f2   __mspabi_divull
000098f2   __mspabi_fixfu
0000a5d0   __mspabi_mpyi_f5hw
0000a378   __mspabi_mpyl_f5hw
00009090   __mspabi_mpyll_f5hw
0000a098   __mspabi_remi
0000a5ba   __mspabi_remu
0000919e   __mspabi_remul
00009b88   __mspabi_sllll
0000a678   __mspabi_sral
0000a688   __mspabi_srll
00009bc6   __mspabi_srlll
00008c66   _auto_init
000056a8   _c_int00
000056a8   _c_int00_noexit
000053bc   _ctypes_
0000fffe   _reset_vector
00004360   _stack
0000a668   _system_pre_init
0000a7a8   abort
000092f6   atoi
ffffffff   binit
000024da   byte_cnt
000024f4   controller_status
0000a632   device_startup
000024db   display_on
0000244b   done
00009790   drystone_gains_init
000082b0   drystone_scheduler
0000a76c   drystone_update_gains
000024bc   enter_analog
0000250a   enter_cfg
00002510   exit_cfg
0000245c   fb_attitude
0000a730   hal_board_init
00004df4   image_default
0000247a   k_gains
00004400   large_font
000024de   last_top_pos
0000a562   leds_init
000024cf   local_button_stat
00008b08   main
0000a452   memccpy
0000a356   memcmp
0000a644   memcpy
0000a3da   memmove
0000a5e6   memset
000024f6   missed_acks
0000248e   misses
00005646   mrfiBroadcastAddr
000024e2   mrfiRadioState
00008e60   mrfiSpiCmdStrobe
00009d6e   mrfiSpiInit
0000a232   mrfiSpiReadReg
0000a4f0   mrfiSpiReadRxFifo
0000a192   mrfiSpiWriteReg
0000a4a6   mrfiSpiWriteTxFifo
0000248f   noAck
0000a698   nwk_NVObj
0000a418   nwk_QInit
00009034   nwk_QadjustOrder
000065b4   nwk_QfindOldest
0000810c   nwk_QfindSlot
00006e84   nwk_allocateLocalRxPort
000096fc   nwk_buildAckReqFrame
00007cae   nwk_buildFrame
00009b08   nwk_checkConnInfo
00009b48   nwk_connectionControl
00009746   nwk_deviceAddress
00008ebe   nwk_findPeer
0000a014   nwk_frameInit
0000a6f0   nwk_freeConnection
00008d3e   nwk_freqControl
0000a578   nwk_freqInit
0000a1ba   nwk_getAPAddress
0000a790   nwk_getBCastAddress
0000a6a8   nwk_getChannel
00009a46   nwk_getConnInfo
0000a796   nwk_getFWVersion
0000a46e   nwk_getJoinToken
0000a48a   nwk_getLinkToken
0000a656   nwk_getMyAddress
0000a79c   nwk_getMyRxType
0000934a   nwk_getNextConnection
00009532   nwk_getNumObjectFromMsg
0000a7a2   nwk_getProtocolVersion
0000a258   nwk_globalsInit
000081e4   nwk_isConnectionValid
00008f1c   nwk_isLinkDuplicate
00009144   nwk_isValidReply
0000725a   nwk_join
00009f54   nwk_joinInit
00006750   nwk_link
00009f86   nwk_linkInit
0000a73a   nwk_mgmtInit
00008870   nwk_nwkInit
00007116   nwk_ping
0000a744   nwk_pingInit
00009866   nwk_processFreq
00009eb8   nwk_processJoin
00009cbc   nwk_processLink
000091f6   nwk_processMgmt
00009cf8   nwk_processPing
0000a718   nwk_processSecurity
00008cd6   nwk_putNumObjectIntoMsg
00007d96   nwk_radioControl
00009da6   nwk_rawReceive
00008b82   nwk_rawSend
000077e8   nwk_retrieveFrame
00006fce   nwk_scanForChannels
0000a7ac   nwk_securityInit
00008410   nwk_sendAckReply
000097d8   nwk_sendFrame
0000a58e   nwk_setAPAddress
0000a1e2   nwk_setChannel
0000a2c8   nwk_setJoinToken
0000a2ec   nwk_setLinkToken
0000a040   nwk_setMyAddress
00002488   oled_buffer
000098ac   oled_build_center_screen
00008a04   oled_build_left_screen
000068e8   oled_build_right_screen
00009494   oled_clean_screen
00007e7a   oled_display_init
00008da0   oled_fill_image
00008568   oled_fill_large_font
0000939e   oled_fill_small_font
00009c42   oled_i2c_init
00006a62   oled_printf
00009eec   oled_printf_set_column_row
0000a5a4   oled_reset
00009f20   oled_set_start_column
0000a5fa   oled_set_start_page
000024e0   oled_timer_overflow
0000a74e   oled_turn_off
0000a758   oled_turn_on
0000244c   oled_tx_buffer
00008750   oled_update_center_screen
00007bc4   oled_update_display
000075dc   oled_update_left_screen
00005a80   oled_update_right_screen
0000a0ee   oled_write_command
0000a118   oled_write_data
000024f8   os_timer_overflow
0000a774   os_timer_start
0000a77c   os_timer_stop
00009666   os_usdelay_timer_init
000024d0   poll_buffer
00009dde   ps2_controller_init
0000a310   ps2_process_global_cmd
000076e4   ps2_process_local_cmd
000086b0   ps2_read_controller
00002468   ps2_rx_buffer
00008a86   ps2_send_buffer
00009580   putc_custom
00008f7a   puts_custom
0000a20a   radio_init
000024f2   radio_status
000087e2   radio_tx
00002472   radio_tx_buffer
000024f3   radio_update
0000248a   rc
00002515   scheduler_mem0
00002516   scheduler_mem1
00002517   scheduler_mem2
00002518   scheduler_mem3
000051f4   small_font
00009e16   sprintf
0000a6fe   strlen
0000a27e   sws_init
000024c5   sws_stat
00002504   tmp_gain
000024dc   top_pos
000024fc   update_screen
000056d2   us_TIMER_ISR
000024fd   us_delay_lock
000024dd   vert_pos


GLOBAL SYMBOLS: SORTED BY Symbol Address 

address    name
--------   ----
00000001   __TI_args_main
00000001   __TI_exit
000000a0   __STACK_SIZE
00000100   SFRIE1
00000100   SFRIE1_L
00000101   SFRIE1_H
00000102   SFRIFG1
00000102   SFRIFG1_L
00000103   SFRIFG1_H
00000104   SFRRPCR
00000104   SFRRPCR_L
00000105   SFRRPCR_H
00000120   PMMCTL0
00000120   PMMCTL0_L
00000121   PMMCTL0_H
00000122   PMMCTL1
00000122   PMMCTL1_L
00000123   PMMCTL1_H
00000124   SVSMHCTL
00000124   SVSMHCTL_L
00000125   SVSMHCTL_H
00000126   SVSMLCTL
00000126   SVSMLCTL_L
00000127   SVSMLCTL_H
00000128   SVSMIO
00000128   SVSMIO_L
00000129   SVSMIO_H
0000012c   PMMIFG
0000012c   PMMIFG_L
0000012d   PMMIFG_H
0000012e   PMMRIE
0000012e   PMMRIE_L
0000012f   PMMRIE_H
00000130   PM5CTL0
00000130   PM5CTL0_L
00000131   PM5CTL0_H
00000140   FCTL1
00000140   FCTL1_L
00000141   FCTL1_H
00000144   FCTL3
00000144   FCTL3_L
00000145   FCTL3_H
00000146   FCTL4
00000146   FCTL4_L
00000147   FCTL4_H
00000150   CRCDI
00000150   CRCDI_L
00000151   CRCDI_H
00000152   CRCDIRB
00000152   CRCDIRB_L
00000153   CRCDIRB_H
00000154   CRCINIRES
00000154   CRCINIRES_L
00000155   CRCINIRES_H
00000156   CRCRESR
00000156   CRCRESR_L
00000157   CRCRESR_H
00000158   RCCTL0
00000158   RCCTL0_L
00000159   RCCTL0_H
0000015c   WDTCTL
0000015c   WDTCTL_L
0000015d   WDTCTL_H
00000160   UCSCTL0
00000160   UCSCTL0_L
00000161   UCSCTL0_H
00000162   UCSCTL1
00000162   UCSCTL1_L
00000163   UCSCTL1_H
00000164   UCSCTL2
00000164   UCSCTL2_L
00000165   UCSCTL2_H
00000166   UCSCTL3
00000166   UCSCTL3_L
00000167   UCSCTL3_H
00000168   UCSCTL4
00000168   UCSCTL4_L
00000169   UCSCTL4_H
0000016a   UCSCTL5
0000016a   UCSCTL5_L
0000016b   UCSCTL5_H
0000016c   UCSCTL6
0000016c   UCSCTL6_L
0000016d   UCSCTL6_H
0000016e   UCSCTL7
0000016e   UCSCTL7_L
0000016f   UCSCTL7_H
00000170   UCSCTL8
00000170   UCSCTL8_L
00000171   UCSCTL8_H
00000180   SYSCTL
00000180   SYSCTL_L
00000181   SYSCTL_H
00000182   SYSBSLC
00000182   SYSBSLC_L
00000183   SYSBSLC_H
00000186   SYSJMBC
00000186   SYSJMBC_L
00000187   SYSJMBC_H
00000188   SYSJMBI0
00000188   SYSJMBI0_L
00000189   SYSJMBI0_H
0000018a   SYSJMBI1
0000018a   SYSJMBI1_L
0000018b   SYSJMBI1_H
0000018c   SYSJMBO0
0000018c   SYSJMBO0_L
0000018d   SYSJMBO0_H
0000018e   SYSJMBO1
0000018e   SYSJMBO1_L
0000018f   SYSJMBO1_H
00000198   SYSBERRIV
00000198   SYSBERRIV_L
00000199   SYSBERRIV_H
0000019a   SYSUNIV
0000019a   SYSUNIV_L
0000019b   SYSUNIV_H
0000019c   SYSSNIV
0000019c   SYSSNIV_L
0000019d   SYSSNIV_H
0000019e   SYSRSTIV
0000019e   SYSRSTIV_L
0000019f   SYSRSTIV_H
000001b0   REFCTL0
000001b0   REFCTL0_L
000001b1   REFCTL0_H
000001c0   PMAPKEYID
000001c0   PMAPKEYID_L
000001c1   PMAPKEYID_H
000001c2   PMAPCTL
000001c2   PMAPCTL_L
000001c3   PMAPCTL_H
000001e0   P4MAP01
000001e0   P4MAP01_L
000001e1   P4MAP01_H
000001e2   P4MAP23
000001e2   P4MAP23_L
000001e3   P4MAP23_H
000001e4   P4MAP45
000001e4   P4MAP45_L
000001e5   P4MAP45_H
000001e6   P4MAP67
000001e6   P4MAP67_L
000001e7   P4MAP67_H
00000200   PAIN
00000200   PAIN_L
00000201   PAIN_H
00000202   PAOUT
00000202   PAOUT_L
00000203   PAOUT_H
00000204   PADIR
00000204   PADIR_L
00000205   PADIR_H
00000206   PAREN
00000206   PAREN_L
00000207   PAREN_H
00000208   PADS
00000208   PADS_L
00000209   PADS_H
0000020a   PASEL
0000020a   PASEL_L
0000020b   PASEL_H
0000020e   P1IV
00000218   PAIES
00000218   PAIES_L
00000219   PAIES_H
0000021a   PAIE
0000021a   PAIE_L
0000021b   PAIE_H
0000021c   PAIFG
0000021c   PAIFG_L
0000021d   PAIFG_H
0000021e   P2IV
00000220   PBIN
00000220   PBIN_L
00000221   PBIN_H
00000222   PBOUT
00000222   PBOUT_L
00000223   PBOUT_H
00000224   PBDIR
00000224   PBDIR_L
00000225   PBDIR_H
00000226   PBREN
00000226   PBREN_L
00000227   PBREN_H
00000228   PBDS
00000228   PBDS_L
00000229   PBDS_H
0000022a   PBSEL
0000022a   PBSEL_L
0000022b   PBSEL_H
00000240   PCIN
00000240   PCIN_L
00000241   PCIN_H
00000242   PCOUT
00000242   PCOUT_L
00000243   PCOUT_H
00000244   PCDIR
00000244   PCDIR_L
00000245   PCDIR_H
00000246   PCREN
00000246   PCREN_L
00000247   PCREN_H
00000248   PCDS
00000248   PCDS_L
00000249   PCDS_H
0000024a   PCSEL
0000024a   PCSEL_L
0000024b   PCSEL_H
00000260   PDIN
00000260   PDIN_L
00000261   PDIN_H
00000262   PDOUT
00000262   PDOUT_L
00000263   PDOUT_H
00000264   PDDIR
00000264   PDDIR_L
00000265   PDDIR_H
00000266   PDREN
00000266   PDREN_L
00000267   PDREN_H
00000268   PDDS
00000268   PDDS_L
00000269   PDDS_H
0000026a   PDSEL
0000026a   PDSEL_L
0000026b   PDSEL_H
00000320   PJIN
00000320   PJIN_L
00000321   PJIN_H
00000322   PJOUT
00000322   PJOUT_L
00000323   PJOUT_H
00000324   PJDIR
00000324   PJDIR_L
00000325   PJDIR_H
00000326   PJREN
00000326   PJREN_L
00000327   PJREN_H
00000328   PJDS
00000328   PJDS_L
00000329   PJDS_H
00000340   TA0CTL
00000342   TA0CCTL0
00000344   TA0CCTL1
00000346   TA0CCTL2
00000348   TA0CCTL3
0000034a   TA0CCTL4
00000350   TA0R
00000352   TA0CCR0
00000354   TA0CCR1
00000356   TA0CCR2
00000358   TA0CCR3
0000035a   TA0CCR4
00000360   TA0EX0
0000036e   TA0IV
00000380   TA1CTL
00000382   TA1CCTL0
00000384   TA1CCTL1
00000386   TA1CCTL2
00000390   TA1R
00000392   TA1CCR0
00000394   TA1CCR1
00000396   TA1CCR2
000003a0   TA1EX0
000003ae   TA1IV
000003c0   TB0CTL
000003c2   TB0CCTL0
000003c4   TB0CCTL1
000003c6   TB0CCTL2
000003c8   TB0CCTL3
000003ca   TB0CCTL4
000003cc   TB0CCTL5
000003ce   TB0CCTL6
000003d0   TB0R
000003d2   TB0CCR0
000003d4   TB0CCR1
000003d6   TB0CCR2
000003d8   TB0CCR3
000003da   TB0CCR4
000003dc   TB0CCR5
000003de   TB0CCR6
000003e0   TB0EX0
000003ee   TB0IV
00000400   TA2CTL
00000402   TA2CCTL0
00000404   TA2CCTL1
00000406   TA2CCTL2
00000410   TA2R
00000412   TA2CCR0
00000414   TA2CCR1
00000416   TA2CCR2
00000420   TA2EX0
0000042e   TA2IV
000004a0   RTCCTL01
000004a0   RTCCTL01_L
000004a1   RTCCTL01_H
000004a2   RTCCTL23
000004a2   RTCCTL23_L
000004a3   RTCCTL23_H
000004a8   RTCPS0CTL
000004a8   RTCPS0CTL_L
000004a9   RTCPS0CTL_H
000004aa   RTCPS1CTL
000004aa   RTCPS1CTL_L
000004ab   RTCPS1CTL_H
000004ac   RTCPS
000004ac   RTCPS_L
000004ad   RTCPS_H
000004ae   RTCIV
000004b0   RTCTIM0
000004b0   RTCTIM0_L
000004b1   RTCTIM0_H
000004b2   RTCTIM1
000004b2   RTCTIM1_L
000004b3   RTCTIM1_H
000004b4   RTCDATE
000004b4   RTCDATE_L
000004b5   RTCDATE_H
000004b6   RTCYEAR
000004b6   RTCYEAR_L
000004b7   RTCYEAR_H
000004b8   RTCAMINHR
000004b8   RTCAMINHR_L
000004b9   RTCAMINHR_H
000004ba   RTCADOWDAY
000004ba   RTCADOWDAY_L
000004bb   RTCADOWDAY_H
000004c0   MPY
000004c0   MPY_L
000004c1   MPY_H
000004c2   MPYS
000004c2   MPYS_L
000004c3   MPYS_H
000004c4   MAC
000004c4   MAC_L
000004c5   MAC_H
000004c6   MACS
000004c6   MACS_L
000004c7   MACS_H
000004c8   OP2
000004c8   OP2_L
000004c9   OP2_H
000004ca   RESLO
000004ca   RESLO_L
000004cb   RESLO_H
000004cc   RESHI
000004cc   RESHI_L
000004cd   RESHI_H
000004ce   SUMEXT
000004ce   SUMEXT_L
000004cf   SUMEXT_H
000004d0   MPY32L
000004d0   MPY32L_L
000004d1   MPY32L_H
000004d2   MPY32H
000004d2   MPY32H_L
000004d3   MPY32H_H
000004d4   MPYS32L
000004d4   MPYS32L_L
000004d5   MPYS32L_H
000004d6   MPYS32H
000004d6   MPYS32H_L
000004d7   MPYS32H_H
000004d8   MAC32L
000004d8   MAC32L_L
000004d9   MAC32L_H
000004da   MAC32H
000004da   MAC32H_L
000004db   MAC32H_H
000004dc   MACS32L
000004dc   MACS32L_L
000004dd   MACS32L_H
000004de   MACS32H
000004de   MACS32H_L
000004df   MACS32H_H
000004e0   OP2L
000004e0   OP2L_L
000004e1   OP2L_H
000004e2   OP2H
000004e2   OP2H_L
000004e3   OP2H_H
000004e4   RES0
000004e4   RES0_L
000004e5   RES0_H
000004e6   RES1
000004e6   RES1_L
000004e7   RES1_H
000004e8   RES2
000004e8   RES2_L
000004e9   RES2_H
000004ea   RES3
000004ea   RES3_L
000004eb   RES3_H
000004ec   MPY32CTL0
000004ec   MPY32CTL0_L
000004ed   MPY32CTL0_H
00000500   DMACTL0
00000500   DMACTL0_L
00000501   DMACTL0_H
00000502   DMACTL1
00000502   DMACTL1_L
00000503   DMACTL1_H
00000504   DMACTL2
00000504   DMACTL2_L
00000505   DMACTL2_H
00000506   DMACTL3
00000506   DMACTL3_L
00000507   DMACTL3_H
00000508   DMACTL4
00000508   DMACTL4_L
00000509   DMACTL4_H
0000050e   DMAIV
0000050e   DMAIV_L
0000050f   DMAIV_H
00000510   DMA0CTL
00000510   DMA0CTL_L
00000511   DMA0CTL_H
00000512   DMA0SA
00000512   DMA0SAL
00000516   DMA0DA
00000516   DMA0DAL
0000051a   DMA0SZ
00000520   DMA1CTL
00000520   DMA1CTL_L
00000521   DMA1CTL_H
00000522   DMA1SA
00000522   DMA1SAL
00000526   DMA1DA
00000526   DMA1DAL
0000052a   DMA1SZ
00000530   DMA2CTL
00000530   DMA2CTL_L
00000531   DMA2CTL_H
00000532   DMA2SA
00000532   DMA2SAL
00000536   DMA2DA
00000536   DMA2DAL
0000053a   DMA2SZ
000005c0   UCA0CTLW0
000005c0   UCA0CTLW0_L
000005c1   UCA0CTLW0_H
000005c6   UCA0BRW
000005c6   UCA0BRW_L
000005c7   UCA0BRW_H
000005c8   UCA0MCTL
000005ca   UCA0STAT
000005cc   UCA0RXBUF
000005ce   UCA0TXBUF
000005d0   UCA0ABCTL
000005d2   UCA0IRCTL
000005d2   UCA0IRCTL_L
000005d3   UCA0IRCTL_H
000005dc   UCA0ICTL
000005dc   UCA0ICTL_L
000005dd   UCA0ICTL_H
000005de   UCA0IV
000005e0   UCB0CTLW0
000005e0   UCB0CTLW0_L
000005e1   UCB0CTLW0_H
000005e6   UCB0BRW
000005e6   UCB0BRW_L
000005e7   UCB0BRW_H
000005ea   UCB0STAT
000005ec   UCB0RXBUF
000005ee   UCB0TXBUF
000005f0   UCB0I2COA
000005f0   UCB0I2COA_L
000005f1   UCB0I2COA_H
000005f2   UCB0I2CSA
000005f2   UCB0I2CSA_L
000005f3   UCB0I2CSA_H
000005fc   UCB0ICTL
000005fc   UCB0ICTL_L
000005fd   UCB0ICTL_H
000005fe   UCB0IV
00000600   UCA1CTLW0
00000600   UCA1CTLW0_L
00000601   UCA1CTLW0_H
00000606   UCA1BRW
00000606   UCA1BRW_L
00000607   UCA1BRW_H
00000608   UCA1MCTL
0000060a   UCA1STAT
0000060c   UCA1RXBUF
0000060e   UCA1TXBUF
00000610   UCA1ABCTL
00000612   UCA1IRCTL
00000612   UCA1IRCTL_L
00000613   UCA1IRCTL_H
0000061c   UCA1ICTL
0000061c   UCA1ICTL_L
0000061d   UCA1ICTL_H
0000061e   UCA1IV
00000620   UCB1CTLW0
00000620   UCB1CTLW0_L
00000621   UCB1CTLW0_H
00000626   UCB1BRW
00000626   UCB1BRW_L
00000627   UCB1BRW_H
0000062a   UCB1STAT
0000062c   UCB1RXBUF
0000062e   UCB1TXBUF
00000630   UCB1I2COA
00000630   UCB1I2COA_L
00000631   UCB1I2COA_H
00000632   UCB1I2CSA
00000632   UCB1I2CSA_L
00000633   UCB1I2CSA_H
0000063c   UCB1ICTL
0000063c   UCB1ICTL_L
0000063d   UCB1ICTL_H
0000063e   UCB1IV
00000700   ADC12CTL0
00000700   ADC12CTL0_L
00000701   ADC12CTL0_H
00000702   ADC12CTL1
00000702   ADC12CTL1_L
00000703   ADC12CTL1_H
00000704   ADC12CTL2
00000704   ADC12CTL2_L
00000705   ADC12CTL2_H
0000070a   ADC12IFG
0000070a   ADC12IFG_L
0000070b   ADC12IFG_H
0000070c   ADC12IE
0000070c   ADC12IE_L
0000070d   ADC12IE_H
0000070e   ADC12IV
0000070e   ADC12IV_L
0000070f   ADC12IV_H
00000710   ADC12MCTL0
00000711   ADC12MCTL1
00000712   ADC12MCTL2
00000713   ADC12MCTL3
00000714   ADC12MCTL4
00000715   ADC12MCTL5
00000716   ADC12MCTL6
00000717   ADC12MCTL7
00000718   ADC12MCTL8
00000719   ADC12MCTL9
0000071a   ADC12MCTL10
0000071b   ADC12MCTL11
0000071c   ADC12MCTL12
0000071d   ADC12MCTL13
0000071e   ADC12MCTL14
0000071f   ADC12MCTL15
00000720   ADC12MEM0
00000720   ADC12MEM0_L
00000721   ADC12MEM0_H
00000722   ADC12MEM1
00000722   ADC12MEM1_L
00000723   ADC12MEM1_H
00000724   ADC12MEM2
00000724   ADC12MEM2_L
00000725   ADC12MEM2_H
00000726   ADC12MEM3
00000726   ADC12MEM3_L
00000727   ADC12MEM3_H
00000728   ADC12MEM4
00000728   ADC12MEM4_L
00000729   ADC12MEM4_H
0000072a   ADC12MEM5
0000072a   ADC12MEM5_L
0000072b   ADC12MEM5_H
0000072c   ADC12MEM6
0000072c   ADC12MEM6_L
0000072d   ADC12MEM6_H
0000072e   ADC12MEM7
0000072e   ADC12MEM7_L
0000072f   ADC12MEM7_H
00000730   ADC12MEM8
00000730   ADC12MEM8_L
00000731   ADC12MEM8_H
00000732   ADC12MEM9
00000732   ADC12MEM9_L
00000733   ADC12MEM9_H
00000734   ADC12MEM10
00000734   ADC12MEM10_L
00000735   ADC12MEM10_H
00000736   ADC12MEM11
00000736   ADC12MEM11_L
00000737   ADC12MEM11_H
00000738   ADC12MEM12
00000738   ADC12MEM12_L
00000739   ADC12MEM12_H
0000073a   ADC12MEM13
0000073a   ADC12MEM13_L
0000073b   ADC12MEM13_H
0000073c   ADC12MEM14
0000073c   ADC12MEM14_L
0000073d   ADC12MEM14_H
0000073e   ADC12MEM15
0000073e   ADC12MEM15_L
0000073f   ADC12MEM15_H
000008c0   CBCTL0
000008c0   CBCTL0_L
000008c1   CBCTL0_H
000008c2   CBCTL1
000008c2   CBCTL1_L
000008c3   CBCTL1_H
000008c4   CBCTL2
000008c4   CBCTL2_L
000008c5   CBCTL2_H
000008c6   CBCTL3
000008c6   CBCTL3_L
000008c7   CBCTL3_H
000008cc   CBINT
000008cc   CBINT_L
000008cd   CBINT_H
000008ce   CBIV
00000900   USBKEYID
00000900   USBKEYID_L
00000901   USBKEYID_H
00000902   USBCNF
00000902   USBCNF_L
00000903   USBCNF_H
00000904   USBPHYCTL
00000904   USBPHYCTL_L
00000905   USBPHYCTL_H
00000908   USBPWRCTL
00000908   USBPWRCTL_L
00000909   USBPWRCTL_H
00000910   USBPLLCTL
00000910   USBPLLCTL_L
00000911   USBPLLCTL_H
00000912   USBPLLDIVB
00000912   USBPLLDIVB_L
00000913   USBPLLDIVB_H
00000914   USBPLLIR
00000914   USBPLLIR_L
00000915   USBPLLIR_H
00000920   USBIEPCNF_0
00000921   USBIEPCNT_0
00000922   USBOEPCNF_0
00000923   USBOEPCNT_0
0000092e   USBIEPIE
0000092f   USBOEPIE
00000930   USBIEPIFG
00000931   USBOEPIFG
00000932   USBVECINT
00000932   USBVECINT_L
00000933   USBVECINT_H
00000936   USBMAINT
00000936   USBMAINT_L
00000937   USBMAINT_H
00000938   USBTSREG
00000938   USBTSREG_L
00000939   USBTSREG_H
0000093a   USBFN
0000093a   USBFN_L
0000093b   USBFN_H
0000093c   USBCTL
0000093d   USBIE
0000093e   USBIFG
0000093f   USBFUNADR
00001c00   USBSTABUFF
0000236f   USBTOPBUFF
00002370   USBOEP0BUF
00002378   USBIEP0BUF
00002380   USBSUBLK
00002388   USBOEPCNF_1
00002389   USBOEPBBAX_1
0000238a   USBOEPBCTX_1
0000238d   USBOEPBBAY_1
0000238e   USBOEPBCTY_1
0000238f   USBOEPSIZXY_1
00002390   USBOEPCNF_2
00002391   USBOEPBBAX_2
00002392   USBOEPBCTX_2
00002395   USBOEPBBAY_2
00002396   USBOEPBCTY_2
00002397   USBOEPSIZXY_2
00002398   USBOEPCNF_3
00002399   USBOEPBBAX_3
0000239a   USBOEPBCTX_3
0000239d   USBOEPBBAY_3
0000239e   USBOEPBCTY_3
0000239f   USBOEPSIZXY_3
000023a0   USBOEPCNF_4
000023a1   USBOEPBBAX_4
000023a2   USBOEPBCTX_4
000023a5   USBOEPBBAY_4
000023a6   USBOEPBCTY_4
000023a7   USBOEPSIZXY_4
000023a8   USBOEPCNF_5
000023a9   USBOEPBBAX_5
000023aa   USBOEPBCTX_5
000023ad   USBOEPBBAY_5
000023ae   USBOEPBCTY_5
000023af   USBOEPSIZXY_5
000023b0   USBOEPCNF_6
000023b1   USBOEPBBAX_6
000023b2   USBOEPBCTX_6
000023b5   USBOEPBBAY_6
000023b6   USBOEPBCTY_6
000023b7   USBOEPSIZXY_6
000023b8   USBOEPCNF_7
000023b9   USBOEPBBAX_7
000023ba   USBOEPBCTX_7
000023bd   USBOEPBBAY_7
000023be   USBOEPBCTY_7
000023bf   USBOEPSIZXY_7
000023c8   USBIEPCNF_1
000023c9   USBIEPBBAX_1
000023ca   USBIEPBCTX_1
000023cd   USBIEPBBAY_1
000023ce   USBIEPBCTY_1
000023cf   USBIEPSIZXY_1
000023d0   USBIEPCNF_2
000023d1   USBIEPBBAX_2
000023d2   USBIEPBCTX_2
000023d5   USBIEPBBAY_2
000023d6   USBIEPBCTY_2
000023d7   USBIEPSIZXY_2
000023d8   USBIEPCNF_3
000023d9   USBIEPBBAX_3
000023da   USBIEPBCTX_3
000023dd   USBIEPBBAY_3
000023de   USBIEPBCTY_3
000023df   USBIEPSIZXY_3
000023e0   USBIEPCNF_4
000023e1   USBIEPBBAX_4
000023e2   USBIEPBCTX_4
000023e5   USBIEPBBAY_4
000023e6   USBIEPBCTY_4
000023e7   USBIEPSIZXY_4
000023e8   USBIEPCNF_5
000023e9   USBIEPBBAX_5
000023ea   USBIEPBCTX_5
000023ed   USBIEPBBAY_5
000023ee   USBIEPBCTY_5
000023ef   USBIEPSIZXY_5
000023f0   USBIEPCNF_6
000023f1   USBIEPBBAX_6
000023f2   USBIEPBCTX_6
000023f5   USBIEPBBAY_6
000023f6   USBIEPBCTY_6
000023f7   USBIEPSIZXY_6
000023f8   USBIEPCNF_7
000023f9   USBIEPBBAX_7
000023fa   USBIEPBCTX_7
000023fd   USBIEPBBAY_7
000023fe   USBIEPBCTY_7
000023ff   USBIEPSIZXY_7
0000244b   done
0000244c   oled_tx_buffer
0000245c   fb_attitude
00002468   ps2_rx_buffer
00002472   radio_tx_buffer
0000247a   k_gains
00002488   oled_buffer
0000248a   rc
0000248e   misses
0000248f   noAck
00002492   SysRstIv
000024bc   enter_analog
000024c5   sws_stat
000024cf   local_button_stat
000024d0   poll_buffer
000024da   byte_cnt
000024db   display_on
000024dc   top_pos
000024dd   vert_pos
000024de   last_top_pos
000024e0   oled_timer_overflow
000024e2   mrfiRadioState
000024f2   radio_status
000024f3   radio_update
000024f4   controller_status
000024f6   missed_acks
000024f8   os_timer_overflow
000024fc   update_screen
000024fd   us_delay_lock
00002504   tmp_gain
0000250a   enter_cfg
00002510   exit_cfg
00002515   scheduler_mem0
00002516   scheduler_mem1
00002517   scheduler_mem2
00002518   scheduler_mem3
00004360   _stack
00004400   __STACK_END
00004400   large_font
00004df4   image_default
000051f4   small_font
000053bc   _ctypes_
00005646   mrfiBroadcastAddr
00005652   USCI_B1_ISR
000056a8   _c_int00
000056a8   _c_int00_noexit
000056c2   OS_TIMER_ISR
000056d2   us_TIMER_ISR
000056de   GDO0_ISR
000056e8   SW2_ISR
000056f2   __mspabi_divull
00005a80   oled_update_right_screen
00005c98   MRFI_Init
0000607a   __TI_printfi_nofloat
0000623e   SMPL_Ioctl
000065b4   nwk_QfindOldest
00006750   nwk_link
000068e8   oled_build_right_screen
00006a62   oled_printf
00006d2c   SMPL_SendOpt
00006e84   nwk_allocateLocalRxPort
00006fce   nwk_scanForChannels
00007116   nwk_ping
0000725a   nwk_join
000074cc   MRFI_Transmit
000075dc   oled_update_left_screen
000076e4   ps2_process_local_cmd
000077e8   nwk_retrieveFrame
00007bc4   oled_update_display
00007cae   nwk_buildFrame
00007d96   nwk_radioControl
00007e7a   oled_display_init
0000810c   nwk_QfindSlot
000081e4   nwk_isConnectionValid
000082b0   drystone_scheduler
00008410   nwk_sendAckReply
00008568   oled_fill_large_font
000086b0   ps2_read_controller
00008750   oled_update_center_screen
000087e2   radio_tx
00008870   nwk_nwkInit
00008a04   oled_build_left_screen
00008a86   ps2_send_buffer
00008b08   main
00008b82   nwk_rawSend
00008bf6   MRFI_RxAddrIsFiltered
00008c66   _auto_init
00008cd6   nwk_putNumObjectIntoMsg
00008d3e   nwk_freqControl
00008da0   oled_fill_image
00008e60   mrfiSpiCmdStrobe
00008ebe   nwk_findPeer
00008f1c   nwk_isLinkDuplicate
00008f7a   puts_custom
00009034   nwk_QadjustOrder
00009090   __mspabi_mpyll_f5hw
00009144   nwk_isValidReply
0000919e   __mspabi_divul
0000919e   __mspabi_remul
000091f6   nwk_processMgmt
000092a2   MRFI_WakeUp
000092f6   atoi
0000934a   nwk_getNextConnection
0000939e   oled_fill_small_font
00009444   SMPL_Init
00009494   oled_clean_screen
000094e4   MRFI_ReplyDelay
00009532   nwk_getNumObjectFromMsg
00009580   putc_custom
000095ce   MRFI_Rssi
00009666   os_usdelay_timer_init
000096fc   nwk_buildAckReqFrame
00009746   nwk_deviceAddress
00009790   drystone_gains_init
000097d8   nwk_sendFrame
00009866   nwk_processFreq
000098ac   oled_build_center_screen
000098f2   __mspabi_fixfu
00009a04   MRFI_SetRxAddrFilter
00009a46   nwk_getConnInfo
00009ac8   __memcpy_far
00009b08   nwk_checkConnInfo
00009b48   nwk_connectionControl
00009b88   __mspabi_sllll
00009bc6   __mspabi_srlll
00009c04   __TI_zero_init
00009c42   oled_i2c_init
00009c80   __TI_decompress_none
00009cbc   nwk_processLink
00009cf8   nwk_processPing
00009d6e   mrfiSpiInit
00009da6   nwk_rawReceive
00009dde   ps2_controller_init
00009e16   sprintf
00009e4e   MRFI_SetRFPwr
00009e84   MRFI_SetLogicalChannel
00009eb8   nwk_processJoin
00009eec   oled_printf_set_column_row
00009f20   oled_set_start_column
00009f54   nwk_joinInit
00009f86   nwk_linkInit
0000a014   nwk_frameInit
0000a040   nwk_setMyAddress
0000a098   __mspabi_divi
0000a098   __mspabi_remi
0000a0ee   oled_write_command
0000a118   oled_write_data
0000a142   MRFI_Sleep
0000a16a   Mrfi_RxModeOff
0000a192   mrfiSpiWriteReg
0000a1ba   nwk_getAPAddress
0000a1e2   nwk_setChannel
0000a20a   radio_init
0000a232   mrfiSpiReadReg
0000a258   nwk_globalsInit
0000a27e   sws_init
0000a2a4   MRFI_RxCompleteISR
0000a2c8   nwk_setJoinToken
0000a2ec   nwk_setLinkToken
0000a310   ps2_process_global_cmd
0000a334   MRFI_DelayMs
0000a356   memcmp
0000a378   __mspabi_mpyl_f5hw
0000a39a   MRFI_EnableRxAddrFilter
0000a3ba   MRFI_RxOn
0000a3da   memmove
0000a3fa   MRFI_RxIdle
0000a418   nwk_QInit
0000a452   memccpy
0000a46e   nwk_getJoinToken
0000a48a   nwk_getLinkToken
0000a4a6   mrfiSpiWriteTxFifo
0000a4f0   mrfiSpiReadRxFifo
0000a520   MRFI_GpioIsr
0000a536   MRFI_RandomByte
0000a54c   MRFI_Receive
0000a562   leds_init
0000a578   nwk_freqInit
0000a58e   nwk_setAPAddress
0000a5a4   oled_reset
0000a5ba   __mspabi_divu
0000a5ba   __mspabi_remu
0000a5d0   __mspabi_mpyi_f5hw
0000a5e6   memset
0000a5fa   oled_set_start_page
0000a60e   Mrfi_RxModeOn
0000a632   device_startup
0000a644   memcpy
0000a656   nwk_getMyAddress
0000a668   _system_pre_init
0000a678   __mspabi_sral
0000a688   __mspabi_srll
0000a698   nwk_NVObj
0000a6a8   nwk_getChannel
0000a6b8   BSP_DELAY_USECS
0000a6c6   SMPL_Link
0000a6d4   SMPL_Ping
0000a6e2   __TI_decompress_rle24
0000a6f0   nwk_freeConnection
0000a6fe   strlen
0000a70c   MRFI_PostKillSem
0000a718   nwk_processSecurity
0000a730   hal_board_init
0000a73a   nwk_mgmtInit
0000a744   nwk_pingInit
0000a74e   oled_turn_off
0000a758   oled_turn_on
0000a76c   drystone_update_gains
0000a774   os_timer_start
0000a77c   os_timer_stop
0000a784   MRFI_GetRadioState
0000a78a   __TI_ISR_TRAP
0000a790   nwk_getBCastAddress
0000a796   nwk_getFWVersion
0000a79c   nwk_getMyRxType
0000a7a2   nwk_getProtocolVersion
0000a7a8   C$$EXIT
0000a7a8   abort
0000a7ac   nwk_securityInit
0000a7e0   __TI_Handler_Table_Base
0000a7ec   __TI_Handler_Table_Limit
0000a7f2   __TI_CINIT_Base
0000a802   __TI_CINIT_Limit
0000ffd2   __TI_int41
0000ffd4   __TI_int42
0000ffd6   __TI_int43
0000ffd8   __TI_int44
0000ffda   __TI_int45
0000ffdc   __TI_int46
0000ffde   __TI_int47
0000ffe0   __TI_int48
0000ffe2   __TI_int49
0000ffe4   __TI_int50
0000ffe6   __TI_int51
0000ffe8   __TI_int52
0000ffea   __TI_int53
0000ffec   __TI_int54
0000ffee   __TI_int55
0000fff0   __TI_int56
0000fff2   __TI_int57
0000fff4   __TI_int58
0000fff6   __TI_int59
0000fff8   __TI_int60
0000fffa   __TI_int61
0000fffc   __TI_int62
0000fffe   _reset_vector
ffffffff   __binit__
ffffffff   __c_args__
ffffffff   binit
UNDEFED    __TI_INITARRAY_Base
UNDEFED    __TI_INITARRAY_Limit

[996 symbols]
