<?xml version="1.0"?>
<link_info>
   <banner>MSP430 Linker PC v4.2.1</banner>
   <copyright>Copyright (c) 2003-2013 Texas Instruments Incorporated</copyright>
   <link_time>0x5342b951</link_time>
   <link_errors>0x0</link_errors>
   <output_file>SH_Receiver.out</output_file>
   <entry_point>
      <name>_c_int00</name>
      <address>0x45b4</address>
   </entry_point>
   <input_file_list>
      <input_file id="fl-2">
         <path>.\HAL\</path>
         <kind>object</kind>
         <file>mrfi_board.obj</file>
         <name>mrfi_board.obj</name>
      </input_file>
      <input_file id="fl-3">
         <path>.\HAL\</path>
         <kind>object</kind>
         <file>HAL_serial.obj</file>
         <name>HAL_serial.obj</name>
      </input_file>
      <input_file id="fl-4">
         <path>.\HAL\</path>
         <kind>object</kind>
         <file>HAL_device.obj</file>
         <name>HAL_device.obj</name>
      </input_file>
      <input_file id="fl-5">
         <path>.\HAL\</path>
         <kind>object</kind>
         <file>HAL_F5_board.obj</file>
         <name>HAL_F5_board.obj</name>
      </input_file>
      <input_file id="fl-6">
         <path>.\SimpliciTI\Components\mrfi\</path>
         <kind>object</kind>
         <file>mrfi.obj</file>
         <name>mrfi.obj</name>
      </input_file>
      <input_file id="fl-7">
         <path>.\SimpliciTI\Components\mrfi\radios\</path>
         <kind>object</kind>
         <file>mrfi_spi.obj</file>
         <name>mrfi_spi.obj</name>
      </input_file>
      <input_file id="fl-8">
         <path>.\SimpliciTI\Components\mrfi\radios\</path>
         <kind>object</kind>
         <file>mrfi_radio.obj</file>
         <name>mrfi_radio.obj</name>
      </input_file>
      <input_file id="fl-9">
         <path>.\SimpliciTI\Components\mrfi\radios\</path>
         <kind>object</kind>
         <file>mrfi_f1f2.obj</file>
         <name>mrfi_f1f2.obj</name>
      </input_file>
      <input_file id="fl-a">
         <path>.\SimpliciTI\Components\simpliciti\nwk\</path>
         <kind>object</kind>
         <file>nwk_globals.obj</file>
         <name>nwk_globals.obj</name>
      </input_file>
      <input_file id="fl-b">
         <path>.\SimpliciTI\Components\simpliciti\nwk\</path>
         <kind>object</kind>
         <file>nwk_frame.obj</file>
         <name>nwk_frame.obj</name>
      </input_file>
      <input_file id="fl-c">
         <path>.\SimpliciTI\Components\simpliciti\nwk\</path>
         <kind>object</kind>
         <file>nwk_api.obj</file>
         <name>nwk_api.obj</name>
      </input_file>
      <input_file id="fl-d">
         <path>.\SimpliciTI\Components\simpliciti\nwk\</path>
         <kind>object</kind>
         <file>nwk_QMgmt.obj</file>
         <name>nwk_QMgmt.obj</name>
      </input_file>
      <input_file id="fl-e">
         <path>.\SimpliciTI\Components\simpliciti\nwk\</path>
         <kind>object</kind>
         <file>nwk.obj</file>
         <name>nwk.obj</name>
      </input_file>
      <input_file id="fl-f">
         <path>.\SimpliciTI\Components\simpliciti\nwk_applications\</path>
         <kind>object</kind>
         <file>nwk_security.obj</file>
         <name>nwk_security.obj</name>
      </input_file>
      <input_file id="fl-10">
         <path>.\SimpliciTI\Components\simpliciti\nwk_applications\</path>
         <kind>object</kind>
         <file>nwk_ping.obj</file>
         <name>nwk_ping.obj</name>
      </input_file>
      <input_file id="fl-11">
         <path>.\SimpliciTI\Components\simpliciti\nwk_applications\</path>
         <kind>object</kind>
         <file>nwk_mgmt.obj</file>
         <name>nwk_mgmt.obj</name>
      </input_file>
      <input_file id="fl-12">
         <path>.\SimpliciTI\Components\simpliciti\nwk_applications\</path>
         <kind>object</kind>
         <file>nwk_link.obj</file>
         <name>nwk_link.obj</name>
      </input_file>
      <input_file id="fl-13">
         <path>.\SimpliciTI\Components\simpliciti\nwk_applications\</path>
         <kind>object</kind>
         <file>nwk_join.obj</file>
         <name>nwk_join.obj</name>
      </input_file>
      <input_file id="fl-14">
         <path>.\SimpliciTI\Components\simpliciti\nwk_applications\</path>
         <kind>object</kind>
         <file>nwk_ioctl.obj</file>
         <name>nwk_ioctl.obj</name>
      </input_file>
      <input_file id="fl-15">
         <path>.\SimpliciTI\Components\simpliciti\nwk_applications\</path>
         <kind>object</kind>
         <file>nwk_freq.obj</file>
         <name>nwk_freq.obj</name>
      </input_file>
      <input_file id="fl-16">
         <path>.\SimpliciTI\</path>
         <kind>object</kind>
         <file>bsp_glue.obj</file>
         <name>bsp_glue.obj</name>
      </input_file>
      <input_file id="fl-17">
         <path>.\SimpliciTI\</path>
         <kind>object</kind>
         <file>Gateway_Radio_interface.obj</file>
         <name>Gateway_Radio_interface.obj</name>
      </input_file>
      <input_file id="fl-18">
         <path>.\User\</path>
         <kind>object</kind>
         <file>SH_Gateway_main.obj</file>
         <name>SH_Gateway_main.obj</name>
      </input_file>
      <input_file id="fl-19">
         <path>.\User\</path>
         <kind>object</kind>
         <file>SH_Gateway.obj</file>
         <name>SH_Gateway.obj</name>
      </input_file>
      <input_file id="fl-39">
         <path>C:\ti\ccsv5\tools\compiler\msp430_4.2.1\lib\</path>
         <kind>archive</kind>
         <file>rts430x_lc_sd_eabi.lib</file>
         <name>asr32.obj</name>
      </input_file>
      <input_file id="fl-3a">
         <path>C:\ti\ccsv5\tools\compiler\msp430_4.2.1\lib\</path>
         <kind>archive</kind>
         <file>rts430x_lc_sd_eabi.lib</file>
         <name>boot.obj</name>
      </input_file>
      <input_file id="fl-3b">
         <path>C:\ti\ccsv5\tools\compiler\msp430_4.2.1\lib\</path>
         <kind>archive</kind>
         <file>rts430x_lc_sd_eabi.lib</file>
         <name>copy_decompress_none.obj</name>
      </input_file>
      <input_file id="fl-3c">
         <path>C:\ti\ccsv5\tools\compiler\msp430_4.2.1\lib\</path>
         <kind>archive</kind>
         <file>rts430x_lc_sd_eabi.lib</file>
         <name>copy_decompress_rle.obj</name>
      </input_file>
      <input_file id="fl-3d">
         <path>C:\ti\ccsv5\tools\compiler\msp430_4.2.1\lib\</path>
         <kind>archive</kind>
         <file>rts430x_lc_sd_eabi.lib</file>
         <name>copy_zero_init.obj</name>
      </input_file>
      <input_file id="fl-3e">
         <path>C:\ti\ccsv5\tools\compiler\msp430_4.2.1\lib\</path>
         <kind>archive</kind>
         <file>rts430x_lc_sd_eabi.lib</file>
         <name>cpy_util.obj</name>
      </input_file>
      <input_file id="fl-3f">
         <path>C:\ti\ccsv5\tools\compiler\msp430_4.2.1\lib\</path>
         <kind>archive</kind>
         <file>rts430x_lc_sd_eabi.lib</file>
         <name>cvtfd.obj</name>
      </input_file>
      <input_file id="fl-40">
         <path>C:\ti\ccsv5\tools\compiler\msp430_4.2.1\lib\</path>
         <kind>archive</kind>
         <file>rts430x_lc_sd_eabi.lib</file>
         <name>div16s.obj</name>
      </input_file>
      <input_file id="fl-41">
         <path>C:\ti\ccsv5\tools\compiler\msp430_4.2.1\lib\</path>
         <kind>archive</kind>
         <file>rts430x_lc_sd_eabi.lib</file>
         <name>div16u.obj</name>
      </input_file>
      <input_file id="fl-42">
         <path>C:\ti\ccsv5\tools\compiler\msp430_4.2.1\lib\</path>
         <kind>archive</kind>
         <file>rts430x_lc_sd_eabi.lib</file>
         <name>div32u.obj</name>
      </input_file>
      <input_file id="fl-43">
         <path>C:\ti\ccsv5\tools\compiler\msp430_4.2.1\lib\</path>
         <kind>archive</kind>
         <file>rts430x_lc_sd_eabi.lib</file>
         <name>exit.obj</name>
      </input_file>
      <input_file id="fl-44">
         <path>C:\ti\ccsv5\tools\compiler\msp430_4.2.1\lib\</path>
         <kind>archive</kind>
         <file>rts430x_lc_sd_eabi.lib</file>
         <name>fs_itof.obj</name>
      </input_file>
      <input_file id="fl-45">
         <path>C:\ti\ccsv5\tools\compiler\msp430_4.2.1\lib\</path>
         <kind>archive</kind>
         <file>rts430x_lc_sd_eabi.lib</file>
         <name>fs_mpy.obj</name>
      </input_file>
      <input_file id="fl-46">
         <path>C:\ti\ccsv5\tools\compiler\msp430_4.2.1\lib\</path>
         <kind>archive</kind>
         <file>rts430x_lc_sd_eabi.lib</file>
         <name>fs_tou.obj</name>
      </input_file>
      <input_file id="fl-47">
         <path>C:\ti\ccsv5\tools\compiler\msp430_4.2.1\lib\</path>
         <kind>archive</kind>
         <file>rts430x_lc_sd_eabi.lib</file>
         <name>int41.obj</name>
      </input_file>
      <input_file id="fl-48">
         <path>C:\ti\ccsv5\tools\compiler\msp430_4.2.1\lib\</path>
         <kind>archive</kind>
         <file>rts430x_lc_sd_eabi.lib</file>
         <name>int43.obj</name>
      </input_file>
      <input_file id="fl-49">
         <path>C:\ti\ccsv5\tools\compiler\msp430_4.2.1\lib\</path>
         <kind>archive</kind>
         <file>rts430x_lc_sd_eabi.lib</file>
         <name>int44.obj</name>
      </input_file>
      <input_file id="fl-4a">
         <path>C:\ti\ccsv5\tools\compiler\msp430_4.2.1\lib\</path>
         <kind>archive</kind>
         <file>rts430x_lc_sd_eabi.lib</file>
         <name>int45.obj</name>
      </input_file>
      <input_file id="fl-4b">
         <path>C:\ti\ccsv5\tools\compiler\msp430_4.2.1\lib\</path>
         <kind>archive</kind>
         <file>rts430x_lc_sd_eabi.lib</file>
         <name>int46.obj</name>
      </input_file>
      <input_file id="fl-4c">
         <path>C:\ti\ccsv5\tools\compiler\msp430_4.2.1\lib\</path>
         <kind>archive</kind>
         <file>rts430x_lc_sd_eabi.lib</file>
         <name>int47.obj</name>
      </input_file>
      <input_file id="fl-4d">
         <path>C:\ti\ccsv5\tools\compiler\msp430_4.2.1\lib\</path>
         <kind>archive</kind>
         <file>rts430x_lc_sd_eabi.lib</file>
         <name>int48.obj</name>
      </input_file>
      <input_file id="fl-4e">
         <path>C:\ti\ccsv5\tools\compiler\msp430_4.2.1\lib\</path>
         <kind>archive</kind>
         <file>rts430x_lc_sd_eabi.lib</file>
         <name>int49.obj</name>
      </input_file>
      <input_file id="fl-4f">
         <path>C:\ti\ccsv5\tools\compiler\msp430_4.2.1\lib\</path>
         <kind>archive</kind>
         <file>rts430x_lc_sd_eabi.lib</file>
         <name>int50.obj</name>
      </input_file>
      <input_file id="fl-50">
         <path>C:\ti\ccsv5\tools\compiler\msp430_4.2.1\lib\</path>
         <kind>archive</kind>
         <file>rts430x_lc_sd_eabi.lib</file>
         <name>int51.obj</name>
      </input_file>
      <input_file id="fl-51">
         <path>C:\ti\ccsv5\tools\compiler\msp430_4.2.1\lib\</path>
         <kind>archive</kind>
         <file>rts430x_lc_sd_eabi.lib</file>
         <name>int52.obj</name>
      </input_file>
      <input_file id="fl-52">
         <path>C:\ti\ccsv5\tools\compiler\msp430_4.2.1\lib\</path>
         <kind>archive</kind>
         <file>rts430x_lc_sd_eabi.lib</file>
         <name>int54.obj</name>
      </input_file>
      <input_file id="fl-53">
         <path>C:\ti\ccsv5\tools\compiler\msp430_4.2.1\lib\</path>
         <kind>archive</kind>
         <file>rts430x_lc_sd_eabi.lib</file>
         <name>int55.obj</name>
      </input_file>
      <input_file id="fl-54">
         <path>C:\ti\ccsv5\tools\compiler\msp430_4.2.1\lib\</path>
         <kind>archive</kind>
         <file>rts430x_lc_sd_eabi.lib</file>
         <name>int56.obj</name>
      </input_file>
      <input_file id="fl-55">
         <path>C:\ti\ccsv5\tools\compiler\msp430_4.2.1\lib\</path>
         <kind>archive</kind>
         <file>rts430x_lc_sd_eabi.lib</file>
         <name>int57.obj</name>
      </input_file>
      <input_file id="fl-56">
         <path>C:\ti\ccsv5\tools\compiler\msp430_4.2.1\lib\</path>
         <kind>archive</kind>
         <file>rts430x_lc_sd_eabi.lib</file>
         <name>int58.obj</name>
      </input_file>
      <input_file id="fl-57">
         <path>C:\ti\ccsv5\tools\compiler\msp430_4.2.1\lib\</path>
         <kind>archive</kind>
         <file>rts430x_lc_sd_eabi.lib</file>
         <name>int60.obj</name>
      </input_file>
      <input_file id="fl-58">
         <path>C:\ti\ccsv5\tools\compiler\msp430_4.2.1\lib\</path>
         <kind>archive</kind>
         <file>rts430x_lc_sd_eabi.lib</file>
         <name>int61.obj</name>
      </input_file>
      <input_file id="fl-59">
         <path>C:\ti\ccsv5\tools\compiler\msp430_4.2.1\lib\</path>
         <kind>archive</kind>
         <file>rts430x_lc_sd_eabi.lib</file>
         <name>int62.obj</name>
      </input_file>
      <input_file id="fl-5a">
         <path>C:\ti\ccsv5\tools\compiler\msp430_4.2.1\lib\</path>
         <kind>archive</kind>
         <file>rts430x_lc_sd_eabi.lib</file>
         <name>isr_trap.obj</name>
      </input_file>
      <input_file id="fl-5b">
         <path>C:\ti\ccsv5\tools\compiler\msp430_4.2.1\lib\</path>
         <kind>archive</kind>
         <file>rts430x_lc_sd_eabi.lib</file>
         <name>lsl32.obj</name>
      </input_file>
      <input_file id="fl-5c">
         <path>C:\ti\ccsv5\tools\compiler\msp430_4.2.1\lib\</path>
         <kind>archive</kind>
         <file>rts430x_lc_sd_eabi.lib</file>
         <name>memcmp.obj</name>
      </input_file>
      <input_file id="fl-5d">
         <path>C:\ti\ccsv5\tools\compiler\msp430_4.2.1\lib\</path>
         <kind>archive</kind>
         <file>rts430x_lc_sd_eabi.lib</file>
         <name>memcpy.obj</name>
      </input_file>
      <input_file id="fl-5e">
         <path>C:\ti\ccsv5\tools\compiler\msp430_4.2.1\lib\</path>
         <kind>archive</kind>
         <file>rts430x_lc_sd_eabi.lib</file>
         <name>memmov.obj</name>
      </input_file>
      <input_file id="fl-5f">
         <path>C:\ti\ccsv5\tools\compiler\msp430_4.2.1\lib\</path>
         <kind>archive</kind>
         <file>rts430x_lc_sd_eabi.lib</file>
         <name>memset.obj</name>
      </input_file>
      <input_file id="fl-60">
         <path>C:\ti\ccsv5\tools\compiler\msp430_4.2.1\lib\</path>
         <kind>archive</kind>
         <file>rts430x_lc_sd_eabi.lib</file>
         <name>mult16_f5hw.obj</name>
      </input_file>
      <input_file id="fl-61">
         <path>C:\ti\ccsv5\tools\compiler\msp430_4.2.1\lib\</path>
         <kind>archive</kind>
         <file>rts430x_lc_sd_eabi.lib</file>
         <name>mult32_f5hw.obj</name>
      </input_file>
      <input_file id="fl-62">
         <path>C:\ti\ccsv5\tools\compiler\msp430_4.2.1\lib\</path>
         <kind>archive</kind>
         <file>rts430x_lc_sd_eabi.lib</file>
         <name>sprintf.obj</name>
      </input_file>
      <input_file id="fl-63">
         <path>C:\ti\ccsv5\tools\compiler\msp430_4.2.1\lib\</path>
         <kind>archive</kind>
         <file>rts430x_lc_sd_eabi.lib</file>
         <name>strlen.obj</name>
      </input_file>
      <input_file id="fl-64">
         <path>C:\ti\ccsv5\tools\compiler\msp430_4.2.1\lib\</path>
         <kind>archive</kind>
         <file>rts430x_lc_sd_eabi.lib</file>
         <name>_lock.obj</name>
      </input_file>
      <input_file id="fl-65">
         <path>C:\ti\ccsv5\tools\compiler\msp430_4.2.1\lib\</path>
         <kind>archive</kind>
         <file>rts430x_lc_sd_eabi.lib</file>
         <name>_printfi.obj</name>
      </input_file>
      <input_file id="fl-66">
         <path>C:\ti\ccsv5\tools\compiler\msp430_4.2.1\lib\</path>
         <kind>archive</kind>
         <file>rts430x_lc_sd_eabi.lib</file>
         <name>args_main.obj</name>
      </input_file>
      <input_file id="fl-67">
         <path>C:\ti\ccsv5\tools\compiler\msp430_4.2.1\lib\</path>
         <kind>archive</kind>
         <file>rts430x_lc_sd_eabi.lib</file>
         <name>atoi.obj</name>
      </input_file>
      <input_file id="fl-68">
         <path>C:\ti\ccsv5\tools\compiler\msp430_4.2.1\lib\</path>
         <kind>archive</kind>
         <file>rts430x_lc_sd_eabi.lib</file>
         <name>autoinit.obj</name>
      </input_file>
      <input_file id="fl-69">
         <path>C:\ti\ccsv5\tools\compiler\msp430_4.2.1\lib\</path>
         <kind>archive</kind>
         <file>rts430x_lc_sd_eabi.lib</file>
         <name>cmpd.obj</name>
      </input_file>
      <input_file id="fl-6a">
         <path>C:\ti\ccsv5\tools\compiler\msp430_4.2.1\lib\</path>
         <kind>archive</kind>
         <file>rts430x_lc_sd_eabi.lib</file>
         <name>ctype.obj</name>
      </input_file>
      <input_file id="fl-6b">
         <path>C:\ti\ccsv5\tools\compiler\msp430_4.2.1\lib\</path>
         <kind>archive</kind>
         <file>rts430x_lc_sd_eabi.lib</file>
         <name>divd.obj</name>
      </input_file>
      <input_file id="fl-6c">
         <path>C:\ti\ccsv5\tools\compiler\msp430_4.2.1\lib\</path>
         <kind>archive</kind>
         <file>rts430x_lc_sd_eabi.lib</file>
         <name>fixdli.obj</name>
      </input_file>
      <input_file id="fl-6d">
         <path>C:\ti\ccsv5\tools\compiler\msp430_4.2.1\lib\</path>
         <kind>archive</kind>
         <file>rts430x_lc_sd_eabi.lib</file>
         <name>fixdu.obj</name>
      </input_file>
      <input_file id="fl-6e">
         <path>C:\ti\ccsv5\tools\compiler\msp430_4.2.1\lib\</path>
         <kind>archive</kind>
         <file>rts430x_lc_sd_eabi.lib</file>
         <name>fixdul.obj</name>
      </input_file>
      <input_file id="fl-6f">
         <path>C:\ti\ccsv5\tools\compiler\msp430_4.2.1\lib\</path>
         <kind>archive</kind>
         <file>rts430x_lc_sd_eabi.lib</file>
         <name>fltlid.obj</name>
      </input_file>
      <input_file id="fl-70">
         <path>C:\ti\ccsv5\tools\compiler\msp430_4.2.1\lib\</path>
         <kind>archive</kind>
         <file>rts430x_lc_sd_eabi.lib</file>
         <name>frcdivd.obj</name>
      </input_file>
      <input_file id="fl-71">
         <path>C:\ti\ccsv5\tools\compiler\msp430_4.2.1\lib\</path>
         <kind>archive</kind>
         <file>rts430x_lc_sd_eabi.lib</file>
         <name>llmath.obj</name>
      </input_file>
      <input_file id="fl-72">
         <path>C:\ti\ccsv5\tools\compiler\msp430_4.2.1\lib\</path>
         <kind>archive</kind>
         <file>rts430x_lc_sd_eabi.lib</file>
         <name>lsr32.obj</name>
      </input_file>
      <input_file id="fl-73">
         <path>C:\ti\ccsv5\tools\compiler\msp430_4.2.1\lib\</path>
         <kind>archive</kind>
         <file>rts430x_lc_sd_eabi.lib</file>
         <name>ltoa.obj</name>
      </input_file>
      <input_file id="fl-74">
         <path>C:\ti\ccsv5\tools\compiler\msp430_4.2.1\lib\</path>
         <kind>archive</kind>
         <file>rts430x_lc_sd_eabi.lib</file>
         <name>memccpy.obj</name>
      </input_file>
      <input_file id="fl-75">
         <path>C:\ti\ccsv5\tools\compiler\msp430_4.2.1\lib\</path>
         <kind>archive</kind>
         <file>rts430x_lc_sd_eabi.lib</file>
         <name>mpyd.obj</name>
      </input_file>
      <input_file id="fl-76">
         <path>C:\ti\ccsv5\tools\compiler\msp430_4.2.1\lib\</path>
         <kind>archive</kind>
         <file>rts430x_lc_sd_eabi.lib</file>
         <name>mult64_f5hw.obj</name>
      </input_file>
      <input_file id="fl-77">
         <path>C:\ti\ccsv5\tools\compiler\msp430_4.2.1\lib\</path>
         <kind>archive</kind>
         <file>rts430x_lc_sd_eabi.lib</file>
         <name>negd.obj</name>
      </input_file>
      <input_file id="fl-78">
         <path>C:\ti\ccsv5\tools\compiler\msp430_4.2.1\lib\</path>
         <kind>archive</kind>
         <file>rts430x_lc_sd_eabi.lib</file>
         <name>subd.obj</name>
      </input_file>
      <input_file id="fl-79">
         <path>C:\ti\ccsv5\tools\compiler\msp430_4.2.1\lib\</path>
         <kind>archive</kind>
         <file>rts430x_lc_sd_eabi.lib</file>
         <name>toupper.obj</name>
      </input_file>
      <input_file id="fl-7a">
         <path>C:\ti\ccsv5\tools\compiler\msp430_4.2.1\lib\</path>
         <kind>archive</kind>
         <file>rts430x_lc_sd_eabi.lib</file>
         <name>xdclass.obj</name>
      </input_file>
      <input_file id="fl-7b">
         <path>C:\ti\ccsv5\tools\compiler\msp430_4.2.1\lib\</path>
         <kind>archive</kind>
         <file>rts430x_lc_sd_eabi.lib</file>
         <name>xdtest.obj</name>
      </input_file>
      <input_file id="fl-7c">
         <path>C:\ti\ccsv5\tools\compiler\msp430_4.2.1\lib\</path>
         <kind>archive</kind>
         <file>rts430x_lc_sd_eabi.lib</file>
         <name>abs.obj</name>
      </input_file>
      <input_file id="fl-7d">
         <path>C:\ti\ccsv5\tools\compiler\msp430_4.2.1\lib\</path>
         <kind>archive</kind>
         <file>rts430x_lc_sd_eabi.lib</file>
         <name>addd.obj</name>
      </input_file>
      <input_file id="fl-7e">
         <path>C:\ti\ccsv5\tools\compiler\msp430_4.2.1\lib\</path>
         <kind>archive</kind>
         <file>rts430x_lc_sd_eabi.lib</file>
         <name>div32s.obj</name>
      </input_file>
      <input_file id="fl-7f">
         <path>C:\ti\ccsv5\tools\compiler\msp430_4.2.1\lib\</path>
         <kind>archive</kind>
         <file>rts430x_lc_sd_eabi.lib</file>
         <name>frcaddd.obj</name>
      </input_file>
      <input_file id="fl-80">
         <path>C:\ti\ccsv5\tools\compiler\msp430_4.2.1\lib\</path>
         <kind>archive</kind>
         <file>rts430x_lc_sd_eabi.lib</file>
         <name>frcmpyd.obj</name>
      </input_file>
      <input_file id="fl-81">
         <path>C:\ti\ccsv5\tools\compiler\msp430_4.2.1\lib\</path>
         <kind>archive</kind>
         <file>rts430x_lc_sd_eabi.lib</file>
         <name>renormd.obj</name>
      </input_file>
   </input_file_list>
   <object_component_list>
      <object_component id="oc-93">
         <name>.stack</name>
         <uninitialized>true</uninitialized>
         <run_address>0x4360</run_address>
         <size>0x2</size>
         <input_file_ref idref="fl-3a"/>
      </object_component>
      <object_component id="oc-74f">
         <name>.stack</name>
         <uninitialized>true</uninitialized>
         <run_address>0x4360</run_address>
         <size>0x0</size>
      </object_component>
      <object_component id="oc-5f4">
         <name>.text:__TI_frcdivd</name>
         <load_address>0x45fa</load_address>
         <run_address>0x45fa</run_address>
         <size>0x444</size>
         <input_file_ref idref="fl-70"/>
      </object_component>
      <object_component id="oc-5c4">
         <name>.text:__mspabi_divull</name>
         <load_address>0x4a3e</load_address>
         <run_address>0x4a3e</run_address>
         <size>0x38e</size>
         <input_file_ref idref="fl-71"/>
      </object_component>
      <object_component id="oc-10f">
         <name>.text:data_format</name>
         <load_address>0x4dcc</load_address>
         <run_address>0x4dcc</run_address>
         <size>0x306</size>
         <input_file_ref idref="fl-19"/>
      </object_component>
      <object_component id="oc-5ed">
         <name>.text:__TI_frcmpyd</name>
         <load_address>0x50d2</load_address>
         <run_address>0x50d2</run_address>
         <size>0x2da</size>
         <input_file_ref idref="fl-80"/>
      </object_component>
      <object_component id="oc-679">
         <name>.text:__mspabi_addd</name>
         <load_address>0x53ac</load_address>
         <run_address>0x53ac</run_address>
         <size>0x2d8</size>
         <input_file_ref idref="fl-7d"/>
      </object_component>
      <object_component id="oc-6b7">
         <name>.text:__TI_frcaddd</name>
         <load_address>0x5684</load_address>
         <run_address>0x5684</run_address>
         <size>0x260</size>
         <input_file_ref idref="fl-7f"/>
      </object_component>
      <object_component id="oc-57c">
         <name>.text:__mspabi_mpyd</name>
         <load_address>0x58e4</load_address>
         <run_address>0x58e4</run_address>
         <size>0x244</size>
         <input_file_ref idref="fl-75"/>
      </object_component>
      <object_component id="oc-581">
         <name>.text:__mspabi_divd</name>
         <load_address>0x5b28</load_address>
         <run_address>0x5b28</run_address>
         <size>0x218</size>
         <input_file_ref idref="fl-6b"/>
      </object_component>
      <object_component id="oc-561">
         <name>.text:ecvt</name>
         <load_address>0x5d40</load_address>
         <run_address>0x5d40</run_address>
         <size>0x214</size>
         <input_file_ref idref="fl-65"/>
      </object_component>
      <object_component id="oc-571">
         <name>.text:fcvt</name>
         <load_address>0x5f54</load_address>
         <run_address>0x5f54</run_address>
         <size>0x20e</size>
         <input_file_ref idref="fl-65"/>
      </object_component>
      <object_component id="oc-3a7">
         <name>.text:_setfield</name>
         <load_address>0x6162</load_address>
         <run_address>0x6162</run_address>
         <size>0x206</size>
         <input_file_ref idref="fl-65"/>
      </object_component>
      <object_component id="oc-597">
         <name>.text:smpl_send_link_reply</name>
         <load_address>0x6368</load_address>
         <run_address>0x6368</run_address>
         <size>0x1fa</size>
         <input_file_ref idref="fl-12"/>
      </object_component>
      <object_component id="oc-23e">
         <name>.text:MRFI_Init</name>
         <load_address>0x6562</load_address>
         <run_address>0x6562</run_address>
         <size>0x1f8</size>
         <input_file_ref idref="fl-8"/>
      </object_component>
      <object_component id="oc-46a">
         <name>.text:_pproc_fge</name>
         <load_address>0x675a</load_address>
         <run_address>0x675a</run_address>
         <size>0x1f2</size>
         <input_file_ref idref="fl-65"/>
      </object_component>
      <object_component id="oc-38d">
         <name>.text:nwk_QfindOldest</name>
         <load_address>0x694c</load_address>
         <run_address>0x694c</run_address>
         <size>0x1de</size>
         <input_file_ref idref="fl-d"/>
      </object_component>
      <object_component id="oc-2aa">
         <name>.text:__TI_printfi</name>
         <load_address>0x6b2a</load_address>
         <run_address>0x6b2a</run_address>
         <size>0x1d2</size>
         <input_file_ref idref="fl-65"/>
      </object_component>
      <object_component id="oc-2e2">
         <name>.text:dispatchFrame</name>
         <load_address>0x6cfc</load_address>
         <run_address>0x6cfc</run_address>
         <size>0x1a6</size>
         <input_file_ref idref="fl-b"/>
      </object_component>
      <object_component id="oc-502">
         <name>.text:_pconv_e</name>
         <load_address>0x6ea2</load_address>
         <run_address>0x6ea2</run_address>
         <size>0x1a0</size>
         <input_file_ref idref="fl-65"/>
      </object_component>
      <object_component id="oc-4de">
         <name>.text:_getarg_diouxp</name>
         <load_address>0x7042</load_address>
         <run_address>0x7042</run_address>
         <size>0x164</size>
         <input_file_ref idref="fl-65"/>
      </object_component>
      <object_component id="oc-621">
         <name>.text:nwk_allocateLocalRxPort</name>
         <load_address>0x71a6</load_address>
         <run_address>0x71a6</run_address>
         <size>0x14a</size>
         <input_file_ref idref="fl-e"/>
      </object_component>
      <object_component id="oc-5a2">
         <name>.text:smpl_send_join_reply</name>
         <load_address>0x72f0</load_address>
         <run_address>0x72f0</run_address>
         <size>0x136</size>
         <input_file_ref idref="fl-13"/>
      </object_component>
      <object_component id="oc-507">
         <name>.text:__mspabi_cmpd</name>
         <load_address>0x7426</load_address>
         <run_address>0x7426</run_address>
         <size>0x134</size>
         <input_file_ref idref="fl-69"/>
      </object_component>
      <object_component id="oc-465">
         <name>.text:_pproc_diouxp</name>
         <load_address>0x755a</load_address>
         <run_address>0x755a</run_address>
         <size>0x132</size>
         <input_file_ref idref="fl-65"/>
      </object_component>
      <object_component id="oc-539">
         <name>.text:MRFI_Transmit</name>
         <load_address>0x768c</load_address>
         <run_address>0x768c</run_address>
         <size>0x110</size>
         <input_file_ref idref="fl-8"/>
      </object_component>
      <object_component id="oc-4f8">
         <name>.text:_pconv_g</name>
         <load_address>0x779c</load_address>
         <run_address>0x779c</run_address>
         <size>0x104</size>
         <input_file_ref idref="fl-65"/>
      </object_component>
      <object_component id="oc-283">
         <name>.text:nwk_retrieveFrame</name>
         <load_address>0x78a0</load_address>
         <run_address>0x78a0</run_address>
         <size>0xfc</size>
         <input_file_ref idref="fl-b"/>
      </object_component>
      <object_component id="oc-4e3">
         <name>.text:_ltostr</name>
         <load_address>0x799c</load_address>
         <run_address>0x799c</run_address>
         <size>0xfa</size>
         <input_file_ref idref="fl-65"/>
      </object_component>
      <object_component id="oc-3a2">
         <name>.text:_pproc_fwp</name>
         <load_address>0x7a96</load_address>
         <run_address>0x7a96</run_address>
         <size>0xfa</size>
         <input_file_ref idref="fl-65"/>
      </object_component>
      <object_component id="oc-128">
         <name>.text:Mrfi_SyncPinRxIsr</name>
         <load_address>0x7b90</load_address>
         <run_address>0x7b90</run_address>
         <size>0xec</size>
         <input_file_ref idref="fl-8"/>
      </object_component>
      <object_component id="oc-5fd">
         <name>.text:nwk_buildFrame</name>
         <load_address>0x7c7c</load_address>
         <run_address>0x7c7c</run_address>
         <size>0xe8</size>
         <input_file_ref idref="fl-b"/>
      </object_component>
      <object_component id="oc-2d8">
         <name>.text:nwk_QfindSlot</name>
         <load_address>0x7d64</load_address>
         <run_address>0x7d64</run_address>
         <size>0xdc</size>
         <input_file_ref idref="fl-d"/>
      </object_component>
      <object_component id="oc-d0">
         <name>.text:__TI_decompress_rle_core</name>
         <load_address>0x7e40</load_address>
         <run_address>0x7e40</run_address>
         <size>0xd8</size>
         <input_file_ref idref="fl-3c"/>
      </object_component>
      <object_component id="oc-3eb">
         <name>.text:nwk_isConnectionValid</name>
         <load_address>0x7f18</load_address>
         <run_address>0x7f18</run_address>
         <size>0xcc</size>
         <input_file_ref idref="fl-e"/>
      </object_component>
      <object_component id="oc-3f5">
         <name>.text:isDupSandFFrame</name>
         <load_address>0x7fe4</load_address>
         <run_address>0x7fe4</run_address>
         <size>0xc0</size>
         <input_file_ref idref="fl-b"/>
      </object_component>
      <object_component id="oc-19d">
         <name>.text</name>
         <load_address>0x80a4</load_address>
         <run_address>0x80a4</run_address>
         <size>0xb6</size>
         <input_file_ref idref="fl-45"/>
      </object_component>
      <object_component id="oc-5ac">
         <name>.text:send_poll_reply</name>
         <load_address>0x815a</load_address>
         <run_address>0x815a</run_address>
         <size>0xb6</size>
         <input_file_ref idref="fl-11"/>
      </object_component>
      <object_component id="oc-6d1">
         <name>.text:__TI_renormd</name>
         <load_address>0x8210</load_address>
         <run_address>0x8210</run_address>
         <size>0xb4</size>
         <input_file_ref idref="fl-81"/>
      </object_component>
      <object_component id="oc-652">
         <name>.text:nwk_SendEmptyPollRspFrame</name>
         <load_address>0x82c4</load_address>
         <run_address>0x82c4</run_address>
         <size>0xb0</size>
         <input_file_ref idref="fl-b"/>
      </object_component>
      <object_component id="oc-4ab">
         <name>.text:nwk_sendAckReply</name>
         <load_address>0x8374</load_address>
         <run_address>0x8374</run_address>
         <size>0xac</size>
         <input_file_ref idref="fl-b"/>
      </object_component>
      <object_component id="oc-2bc">
         <name>.text:spiBurstFifoAccess</name>
         <load_address>0x8420</load_address>
         <run_address>0x8420</run_address>
         <size>0xac</size>
         <input_file_ref idref="fl-7"/>
      </object_component>
      <object_component id="oc-5d4">
         <name>.text:__mspabi_fltlid</name>
         <load_address>0x84cc</load_address>
         <run_address>0x84cc</run_address>
         <size>0xa0</size>
         <input_file_ref idref="fl-6f"/>
      </object_component>
      <object_component id="oc-3ac">
         <name>.text:_pproc_str</name>
         <load_address>0x856c</load_address>
         <run_address>0x856c</run_address>
         <size>0xa0</size>
         <input_file_ref idref="fl-65"/>
      </object_component>
      <object_component id="oc-64d">
         <name>.text:nwk_getSandFFrame</name>
         <load_address>0x860c</load_address>
         <run_address>0x860c</run_address>
         <size>0x9e</size>
         <input_file_ref idref="fl-b"/>
      </object_component>
      <object_component id="oc-161">
         <name>.text:SMPL_LinkListen</name>
         <load_address>0x86aa</load_address>
         <run_address>0x86aa</run_address>
         <size>0x8e</size>
         <input_file_ref idref="fl-c"/>
      </object_component>
      <object_component id="oc-243">
         <name>.text:nwk_nwkInit</name>
         <load_address>0x8738</load_address>
         <run_address>0x8738</run_address>
         <size>0x8a</size>
         <input_file_ref idref="fl-e"/>
      </object_component>
      <object_component id="oc-56b">
         <name>.text:_mcpy</name>
         <load_address>0x87c2</load_address>
         <run_address>0x87c2</run_address>
         <size>0x88</size>
         <input_file_ref idref="fl-65"/>
      </object_component>
      <object_component id="oc-63d">
         <name>.text:nwk_saveJoinedDevice</name>
         <load_address>0x884a</load_address>
         <run_address>0x884a</run_address>
         <size>0x88</size>
         <input_file_ref idref="fl-e"/>
      </object_component>
      <object_component id="oc-54e">
         <name>.text:_div</name>
         <load_address>0x88d2</load_address>
         <run_address>0x88d2</run_address>
         <size>0x86</size>
         <input_file_ref idref="fl-65"/>
      </object_component>
      <object_component id="oc-59c">
         <name>.text:smpl_send_unlink_reply</name>
         <load_address>0x8958</load_address>
         <run_address>0x8958</run_address>
         <size>0x84</size>
         <input_file_ref idref="fl-12"/>
      </object_component>
      <object_component id="oc-680">
         <name>.text:__mspabi_fixdul</name>
         <load_address>0x89dc</load_address>
         <run_address>0x89dc</run_address>
         <size>0x82</size>
         <input_file_ref idref="fl-6e"/>
      </object_component>
      <object_component id="oc-566">
         <name>.text:_ecpy</name>
         <load_address>0x8a5e</load_address>
         <run_address>0x8a5e</run_address>
         <size>0x82</size>
         <input_file_ref idref="fl-65"/>
      </object_component>
      <object_component id="oc-5e3">
         <name>.text:__mspabi_fixdli</name>
         <load_address>0x8ae0</load_address>
         <run_address>0x8ae0</run_address>
         <size>0x80</size>
         <input_file_ref idref="fl-6c"/>
      </object_component>
      <object_component id="oc-5cf">
         <name>.text:ltoa</name>
         <load_address>0x8b60</load_address>
         <run_address>0x8b60</run_address>
         <size>0x7c</size>
         <input_file_ref idref="fl-73"/>
      </object_component>
      <object_component id="oc-4fd">
         <name>.text:_pconv_f</name>
         <load_address>0x8bdc</load_address>
         <run_address>0x8bdc</run_address>
         <size>0x7a</size>
         <input_file_ref idref="fl-65"/>
      </object_component>
      <object_component id="oc-1c8">
         <name>.text:__mspabi_cvtfd</name>
         <load_address>0x8c56</load_address>
         <run_address>0x8c56</run_address>
         <size>0x74</size>
         <input_file_ref idref="fl-3f"/>
      </object_component>
      <object_component id="oc-209">
         <name>.text:MRFI_RxAddrIsFiltered</name>
         <load_address>0x8cca</load_address>
         <run_address>0x8cca</run_address>
         <size>0x70</size>
         <input_file_ref idref="fl-9"/>
      </object_component>
      <object_component id="oc-a4">
         <name>.text:_auto_init</name>
         <load_address>0x8d3a</load_address>
         <run_address>0x8d3a</run_address>
         <size>0x70</size>
         <input_file_ref idref="fl-68"/>
      </object_component>
      <object_component id="oc-638">
         <name>.text:nwk_putNumObjectIntoMsg</name>
         <load_address>0x8daa</load_address>
         <run_address>0x8daa</run_address>
         <size>0x68</size>
         <input_file_ref idref="fl-e"/>
      </object_component>
      <object_component id="oc-49e">
         <name>.text:nwk_processMgmt</name>
         <load_address>0x8e12</load_address>
         <run_address>0x8e12</run_address>
         <size>0x62</size>
         <input_file_ref idref="fl-11"/>
      </object_component>
      <object_component id="oc-177">
         <name>.text:SMPL_Receive</name>
         <load_address>0x8e74</load_address>
         <run_address>0x8e74</run_address>
         <size>0x60</size>
         <input_file_ref idref="fl-c"/>
      </object_component>
      <object_component id="oc-617">
         <name>.text:nwk_findAlreadyJoined</name>
         <load_address>0x8ed4</load_address>
         <run_address>0x8ed4</run_address>
         <size>0x60</size>
         <input_file_ref idref="fl-e"/>
      </object_component>
      <object_component id="oc-2b6">
         <name>.text:spiRegAccess</name>
         <load_address>0x8f34</load_address>
         <run_address>0x8f34</run_address>
         <size>0x60</size>
         <input_file_ref idref="fl-7"/>
      </object_component>
      <object_component id="oc-1fd">
         <name>.text:mrfiSpiCmdStrobe</name>
         <load_address>0x8f94</load_address>
         <run_address>0x8f94</run_address>
         <size>0x5e</size>
         <input_file_ref idref="fl-7"/>
      </object_component>
      <object_component id="oc-392">
         <name>.text:nwk_QadjustOrder</name>
         <load_address>0x8ff2</load_address>
         <run_address>0x8ff2</run_address>
         <size>0x5e</size>
         <input_file_ref idref="fl-d"/>
      </object_component>
      <object_component id="oc-62d">
         <name>.text:nwk_findPeer</name>
         <load_address>0x9050</load_address>
         <run_address>0x9050</run_address>
         <size>0x5e</size>
         <input_file_ref idref="fl-e"/>
      </object_component>
      <object_component id="oc-60d">
         <name>.text:nwk_isLinkDuplicate</name>
         <load_address>0x90ae</load_address>
         <run_address>0x90ae</run_address>
         <size>0x5e</size>
         <input_file_ref idref="fl-e"/>
      </object_component>
      <object_component id="oc-137">
         <name>.text:device_clk_init</name>
         <load_address>0x910c</load_address>
         <run_address>0x910c</run_address>
         <size>0x5c</size>
         <input_file_ref idref="fl-4"/>
      </object_component>
      <object_component id="oc-553">
         <name>.text:__mpyll</name>
         <load_address>0x9168</load_address>
         <run_address>0x9168</run_address>
         <size>0x5a</size>
         <input_file_ref idref="fl-76"/>
      </object_component>
      <object_component id="oc-69b">
         <name>.text:initializeConnection</name>
         <load_address>0x91c2</load_address>
         <run_address>0x91c2</run_address>
         <size>0x5a</size>
         <input_file_ref idref="fl-e"/>
      </object_component>
      <object_component id="oc-a9">
         <name>.text:main</name>
         <load_address>0x921c</load_address>
         <run_address>0x921c</run_address>
         <size>0x5a</size>
         <input_file_ref idref="fl-18"/>
      </object_component>
      <object_component id="oc-263">
         <name>.text:nwk_getLocalLinkID</name>
         <load_address>0x9276</load_address>
         <run_address>0x9276</run_address>
         <size>0x5a</size>
         <input_file_ref idref="fl-12"/>
      </object_component>
      <object_component id="oc-518">
         <name>.text:nwk_isValidReply</name>
         <load_address>0x92d0</load_address>
         <run_address>0x92d0</run_address>
         <size>0x5a</size>
         <input_file_ref idref="fl-e"/>
      </object_component>
      <object_component id="oc-319">
         <name>.text</name>
         <load_address>0x932a</load_address>
         <run_address>0x932a</run_address>
         <size>0x58</size>
         <input_file_ref idref="fl-42"/>
      </object_component>
      <object_component id="oc-55a">
         <name>.text:_Dtest</name>
         <load_address>0x9382</load_address>
         <run_address>0x9382</run_address>
         <size>0x56</size>
         <input_file_ref idref="fl-7b"/>
      </object_component>
      <object_component id="oc-591">
         <name>.text:smpl_send_ping_reply</name>
         <load_address>0x93d8</load_address>
         <run_address>0x93d8</run_address>
         <size>0x56</size>
         <input_file_ref idref="fl-10"/>
      </object_component>
      <object_component id="oc-248">
         <name>.text:MRFI_WakeUp</name>
         <load_address>0x942e</load_address>
         <run_address>0x942e</run_address>
         <size>0x54</size>
         <input_file_ref idref="fl-8"/>
      </object_component>
      <object_component id="oc-45e">
         <name>.text:atoi</name>
         <load_address>0x9482</load_address>
         <run_address>0x9482</run_address>
         <size>0x54</size>
         <input_file_ref idref="fl-67"/>
      </object_component>
      <object_component id="oc-523">
         <name>.text:handleLinkRequest</name>
         <load_address>0x94d6</load_address>
         <run_address>0x94d6</run_address>
         <size>0x54</size>
         <input_file_ref idref="fl-12"/>
      </object_component>
      <object_component id="oc-61c">
         <name>.text:nwk_getNextConnection</name>
         <load_address>0x952a</load_address>
         <run_address>0x952a</run_address>
         <size>0x54</size>
         <input_file_ref idref="fl-e"/>
      </object_component>
      <object_component id="oc-3f0">
         <name>.text:nwk_isSandFClient</name>
         <load_address>0x957e</load_address>
         <run_address>0x957e</run_address>
         <size>0x54</size>
         <input_file_ref idref="fl-13"/>
      </object_component>
      <object_component id="oc-48f">
         <name>.text:nwk_processJoin</name>
         <load_address>0x95d2</load_address>
         <run_address>0x95d2</run_address>
         <size>0x54</size>
         <input_file_ref idref="fl-13"/>
      </object_component>
      <object_component id="oc-648">
         <name>.text:nwk_checkAppMsgTID</name>
         <load_address>0x9626</load_address>
         <run_address>0x9626</run_address>
         <size>0x50</size>
         <input_file_ref idref="fl-e"/>
      </object_component>
      <object_component id="oc-608">
         <name>.text:nwk_getNumObjectFromMsg</name>
         <load_address>0x9676</load_address>
         <run_address>0x9676</run_address>
         <size>0x4e</size>
         <input_file_ref idref="fl-e"/>
      </object_component>
      <object_component id="oc-20f">
         <name>.text:Mrfi_CalculateRssi</name>
         <load_address>0x96c4</load_address>
         <run_address>0x96c4</run_address>
         <size>0x4c</size>
         <input_file_ref idref="fl-8"/>
      </object_component>
      <object_component id="oc-37c">
         <name>.text:os_usdelay_timer_init</name>
         <load_address>0x9710</load_address>
         <run_address>0x9710</run_address>
         <size>0x4c</size>
         <input_file_ref idref="fl-4"/>
      </object_component>
      <object_component id="oc-386">
         <name>.text:map_lid2idx</name>
         <load_address>0x975c</load_address>
         <run_address>0x975c</run_address>
         <size>0x4a</size>
         <input_file_ref idref="fl-e"/>
      </object_component>
      <object_component id="oc-576">
         <name>.text:_fcpy</name>
         <load_address>0x97a6</load_address>
         <run_address>0x97a6</run_address>
         <size>0x48</size>
         <input_file_ref idref="fl-65"/>
      </object_component>
      <object_component id="oc-48a">
         <name>.text:nwk_processLink</name>
         <load_address>0x97ee</load_address>
         <run_address>0x97ee</run_address>
         <size>0x48</size>
         <input_file_ref idref="fl-12"/>
      </object_component>
      <object_component id="oc-485">
         <name>.text:nwk_processPing</name>
         <load_address>0x9836</load_address>
         <run_address>0x9836</run_address>
         <size>0x48</size>
         <input_file_ref idref="fl-10"/>
      </object_component>
      <object_component id="oc-4a5">
         <name>.text:nwk_sendFrame</name>
         <load_address>0x987e</load_address>
         <run_address>0x987e</run_address>
         <size>0x48</size>
         <input_file_ref idref="fl-b"/>
      </object_component>
      <object_component id="oc-33f">
         <name>.text:nwk_joinInit</name>
         <load_address>0x98c6</load_address>
         <run_address>0x98c6</run_address>
         <size>0x46</size>
         <input_file_ref idref="fl-13"/>
      </object_component>
      <object_component id="oc-3e6">
         <name>.text:nwk_replayFrame</name>
         <load_address>0x990c</load_address>
         <run_address>0x990c</run_address>
         <size>0x46</size>
         <input_file_ref idref="fl-b"/>
      </object_component>
      <object_component id="oc-222">
         <name>.text</name>
         <load_address>0x9952</load_address>
         <run_address>0x9952</run_address>
         <size>0x46</size>
         <input_file_ref idref="fl-46"/>
      </object_component>
      <object_component id="oc-39d">
         <name>.text:_pproc_fflags</name>
         <load_address>0x9998</load_address>
         <run_address>0x9998</run_address>
         <size>0x44</size>
         <input_file_ref idref="fl-65"/>
      </object_component>
      <object_component id="oc-279">
         <name>.text:nwk_getConnInfo</name>
         <load_address>0x99dc</load_address>
         <run_address>0x99dc</run_address>
         <size>0x42</size>
         <input_file_ref idref="fl-e"/>
      </object_component>
      <object_component id="oc-2f6">
         <name>.text:Mrfi_DelayUsec</name>
         <load_address>0x9a1e</load_address>
         <run_address>0x9a1e</run_address>
         <size>0x40</size>
         <input_file_ref idref="fl-8"/>
      </object_component>
      <object_component id="oc-be">
         <name>.text:__memcpy_far</name>
         <load_address>0x9a5e</load_address>
         <run_address>0x9a5e</run_address>
         <size>0x40</size>
         <input_file_ref idref="fl-3e"/>
      </object_component>
      <object_component id="oc-27e">
         <name>.text:nwk_checkConnInfo</name>
         <load_address>0x9a9e</load_address>
         <run_address>0x9a9e</run_address>
         <size>0x40</size>
         <input_file_ref idref="fl-e"/>
      </object_component>
      <object_component id="oc-668">
         <name>.text</name>
         <load_address>0x9ade</load_address>
         <run_address>0x9ade</run_address>
         <size>0x40</size>
         <input_file_ref idref="fl-7e"/>
      </object_component>
      <object_component id="oc-154">
         <name>.text:SMPL_Init</name>
         <load_address>0x9b1e</load_address>
         <run_address>0x9b1e</run_address>
         <size>0x3e</size>
         <input_file_ref idref="fl-c"/>
      </object_component>
      <object_component id="oc-65b">
         <name>.text:__mspabi_sllll</name>
         <load_address>0x9b5c</load_address>
         <run_address>0x9b5c</run_address>
         <size>0x3e</size>
         <input_file_ref idref="fl-71"/>
      </object_component>
      <object_component id="oc-5bf">
         <name>.text:__mspabi_srlll</name>
         <load_address>0x9b9a</load_address>
         <run_address>0x9b9a</run_address>
         <size>0x3e</size>
         <input_file_ref idref="fl-71"/>
      </object_component>
      <object_component id="oc-89">
         <name>.text:decompress:ZI:__TI_zero_init</name>
         <load_address>0x9bd8</load_address>
         <run_address>0x9bd8</run_address>
         <size>0x3e</size>
         <input_file_ref idref="fl-3d"/>
      </object_component>
      <object_component id="oc-295">
         <name>.text:l_asr_const</name>
         <load_address>0x9c16</load_address>
         <run_address>0x9c16</run_address>
         <size>0x3e</size>
         <input_file_ref idref="fl-39"/>
      </object_component>
      <object_component id="oc-181">
         <name>.text:l_lsl_const</name>
         <load_address>0x9c54</load_address>
         <run_address>0x9c54</run_address>
         <size>0x3e</size>
         <input_file_ref idref="fl-5b"/>
      </object_component>
      <object_component id="oc-673">
         <name>.text:l_lsr_const</name>
         <load_address>0x9c92</load_address>
         <run_address>0x9c92</run_address>
         <size>0x3e</size>
         <input_file_ref idref="fl-72"/>
      </object_component>
      <object_component id="oc-84">
         <name>.text:decompress:none:__TI_decompress_none</name>
         <load_address>0x9cd0</load_address>
         <run_address>0x9cd0</run_address>
         <size>0x3c</size>
         <input_file_ref idref="fl-3b"/>
      </object_component>
      <object_component id="oc-2f1">
         <name>.text:mrfiSpiInit</name>
         <load_address>0x9d0c</load_address>
         <run_address>0x9d0c</run_address>
         <size>0x38</size>
         <input_file_ref idref="fl-7"/>
      </object_component>
      <object_component id="oc-1db">
         <name>.text:sprintf</name>
         <load_address>0x9d44</load_address>
         <run_address>0x9d44</run_address>
         <size>0x38</size>
         <input_file_ref idref="fl-62"/>
      </object_component>
      <object_component id="oc-307">
         <name>.text:MRFI_SetRFPwr</name>
         <load_address>0x9d7c</load_address>
         <run_address>0x9d7c</run_address>
         <size>0x36</size>
         <input_file_ref idref="fl-9"/>
      </object_component>
      <object_component id="oc-199">
         <name>.text</name>
         <load_address>0x9db2</load_address>
         <run_address>0x9db2</run_address>
         <size>0x36</size>
         <input_file_ref idref="fl-44"/>
      </object_component>
      <object_component id="oc-302">
         <name>.text:MRFI_SetLogicalChannel</name>
         <load_address>0x9de8</load_address>
         <run_address>0x9de8</run_address>
         <size>0x34</size>
         <input_file_ref idref="fl-9"/>
      </object_component>
      <object_component id="oc-115">
         <name>.text:uca1_sendMessage</name>
         <load_address>0x9e1c</load_address>
         <run_address>0x9e1c</run_address>
         <size>0x34</size>
         <input_file_ref idref="fl-3"/>
      </object_component>
      <object_component id="oc-5d9">
         <name>.text:__mspabi_subd</name>
         <load_address>0x9e50</load_address>
         <run_address>0x9e50</run_address>
         <size>0x32</size>
         <input_file_ref idref="fl-78"/>
      </object_component>
      <object_component id="oc-32b">
         <name>.text:nwk_frameInit</name>
         <load_address>0x9e82</load_address>
         <run_address>0x9e82</run_address>
         <size>0x32</size>
         <input_file_ref idref="fl-b"/>
      </object_component>
      <object_component id="oc-349">
         <name>.text:nwk_linkInit</name>
         <load_address>0x9eb4</load_address>
         <run_address>0x9eb4</run_address>
         <size>0x32</size>
         <input_file_ref idref="fl-12"/>
      </object_component>
      <object_component id="oc-529">
         <name>.text:handleJoinRequest</name>
         <load_address>0x9ee6</load_address>
         <run_address>0x9ee6</run_address>
         <size>0x2e</size>
         <input_file_ref idref="fl-13"/>
      </object_component>
      <object_component id="oc-5b7">
         <name>.text:Mrfi_RandomBackoffDelay</name>
         <load_address>0x9f14</load_address>
         <run_address>0x9f14</run_address>
         <size>0x2c</size>
         <input_file_ref idref="fl-8"/>
      </object_component>
      <object_component id="oc-13c">
         <name>.text:os_timer_init</name>
         <load_address>0x9f40</load_address>
         <run_address>0x9f40</run_address>
         <size>0x2c</size>
         <input_file_ref idref="fl-4"/>
      </object_component>
      <object_component id="oc-2d3">
         <name>.text</name>
         <load_address>0x9f6c</load_address>
         <run_address>0x9f6c</run_address>
         <size>0x2c</size>
         <input_file_ref idref="fl-40"/>
      </object_component>
      <object_component id="oc-4f3">
         <name>.text:__mspabi_negd</name>
         <load_address>0x9f98</load_address>
         <run_address>0x9f98</run_address>
         <size>0x2a</size>
         <input_file_ref idref="fl-77"/>
      </object_component>
      <object_component id="oc-26d">
         <name>.text:MRFI_Sleep</name>
         <load_address>0x9fc2</load_address>
         <run_address>0x9fc2</run_address>
         <size>0x28</size>
         <input_file_ref idref="fl-8"/>
      </object_component>
      <object_component id="oc-30c">
         <name>.text:Mrfi_RxModeOff</name>
         <load_address>0x9fea</load_address>
         <run_address>0x9fea</run_address>
         <size>0x28</size>
         <input_file_ref idref="fl-8"/>
      </object_component>
      <object_component id="oc-2fb">
         <name>.text:mrfiSpiWriteReg</name>
         <load_address>0xa012</load_address>
         <run_address>0xa012</run_address>
         <size>0x28</size>
         <input_file_ref idref="fl-7"/>
      </object_component>
      <object_component id="oc-109">
         <name>.text:radio_rx</name>
         <load_address>0xa03a</load_address>
         <run_address>0xa03a</run_address>
         <size>0x28</size>
         <input_file_ref idref="fl-19"/>
      </object_component>
      <object_component id="oc-1f3">
         <name>.text:mrfiSpiReadReg</name>
         <load_address>0xa062</load_address>
         <run_address>0xa062</run_address>
         <size>0x26</size>
         <input_file_ref idref="fl-7"/>
      </object_component>
      <object_component id="oc-326">
         <name>.text:nwk_globalsInit</name>
         <load_address>0xa088</load_address>
         <run_address>0xa088</run_address>
         <size>0x26</size>
         <input_file_ref idref="fl-a"/>
      </object_component>
      <object_component id="oc-14f">
         <name>.text:sCB</name>
         <load_address>0xa0ae</load_address>
         <run_address>0xa0ae</run_address>
         <size>0x26</size>
         <input_file_ref idref="fl-17"/>
      </object_component>
      <object_component id="oc-216">
         <name>.text:MRFI_RxCompleteISR</name>
         <load_address>0xa0d4</load_address>
         <run_address>0xa0d4</run_address>
         <size>0x24</size>
         <input_file_ref idref="fl-b"/>
      </object_component>
      <object_component id="oc-1c1">
         <name>.text:clear_uart_tx_buffer</name>
         <load_address>0xa0f8</load_address>
         <run_address>0xa0f8</run_address>
         <size>0x24</size>
         <input_file_ref idref="fl-19"/>
      </object_component>
      <object_component id="oc-439">
         <name>.text:nwk_setLinkToken</name>
         <load_address>0xa11c</load_address>
         <run_address>0xa11c</run_address>
         <size>0x24</size>
         <input_file_ref idref="fl-12"/>
      </object_component>
      <object_component id="oc-f4">
         <name>.text:uca1_cfg</name>
         <load_address>0xa140</load_address>
         <run_address>0xa140</run_address>
         <size>0x24</size>
         <input_file_ref idref="fl-3"/>
      </object_component>
      <object_component id="oc-268">
         <name>.text:MRFI_DelayMs</name>
         <load_address>0xa164</load_address>
         <run_address>0xa164</run_address>
         <size>0x22</size>
         <input_file_ref idref="fl-8"/>
      </object_component>
      <object_component id="oc-3df">
         <name>.text:memcmp</name>
         <load_address>0xa186</load_address>
         <run_address>0xa186</run_address>
         <size>0x22</size>
         <input_file_ref idref="fl-5c"/>
      </object_component>
      <object_component id="oc-315">
         <name>.text</name>
         <load_address>0xa1a8</load_address>
         <run_address>0xa1a8</run_address>
         <size>0x22</size>
         <input_file_ref idref="fl-61"/>
      </object_component>
      <object_component id="oc-24d">
         <name>.text:MRFI_RxOn</name>
         <load_address>0xa1ca</load_address>
         <run_address>0xa1ca</run_address>
         <size>0x20</size>
         <input_file_ref idref="fl-8"/>
      </object_component>
      <object_component id="oc-693">
         <name>.text:memmove</name>
         <load_address>0xa1ea</load_address>
         <run_address>0xa1ea</run_address>
         <size>0x20</size>
         <input_file_ref idref="fl-5e"/>
      </object_component>
      <object_component id="oc-f9">
         <name>.text:radio_init</name>
         <load_address>0xa20a</load_address>
         <run_address>0xa20a</run_address>
         <size>0x20</size>
         <input_file_ref idref="fl-17"/>
      </object_component>
      <object_component id="oc-100">
         <name>.text:radio_wait_join_link</name>
         <load_address>0xa22a</load_address>
         <run_address>0xa22a</run_address>
         <size>0x20</size>
         <input_file_ref idref="fl-17"/>
      </object_component>
      <object_component id="oc-272">
         <name>.text:MRFI_RxIdle</name>
         <load_address>0xa24a</load_address>
         <run_address>0xa24a</run_address>
         <size>0x1e</size>
         <input_file_ref idref="fl-8"/>
      </object_component>
      <object_component id="oc-330">
         <name>.text:nwk_QInit</name>
         <load_address>0xa268</load_address>
         <run_address>0xa268</run_address>
         <size>0x1e</size>
         <input_file_ref idref="fl-d"/>
      </object_component>
      <object_component id="oc-4ee">
         <name>.text:_Dclass</name>
         <load_address>0xa286</load_address>
         <run_address>0xa286</run_address>
         <size>0x1c</size>
         <input_file_ref idref="fl-7a"/>
      </object_component>
      <object_component id="oc-51d">
         <name>.text:handlePingRequest</name>
         <load_address>0xa2a2</load_address>
         <run_address>0xa2a2</run_address>
         <size>0x1c</size>
         <input_file_ref idref="fl-10"/>
      </object_component>
      <object_component id="oc-46f">
         <name>.text:memccpy</name>
         <load_address>0xa2be</load_address>
         <run_address>0xa2be</run_address>
         <size>0x1c</size>
         <input_file_ref idref="fl-74"/>
      </object_component>
      <object_component id="oc-633">
         <name>.text:nwk_getLinkToken</name>
         <load_address>0xa2da</load_address>
         <run_address>0xa2da</run_address>
         <size>0x1c</size>
         <input_file_ref idref="fl-12"/>
      </object_component>
      <object_component id="oc-533">
         <name>.text:smpl_send_mgmt_reply</name>
         <load_address>0xa2f6</load_address>
         <run_address>0xa2f6</run_address>
         <size>0x1c</size>
         <input_file_ref idref="fl-11"/>
      </object_component>
      <object_component id="oc-5b2">
         <name>.text:mrfiSpiWriteTxFifo</name>
         <load_address>0xa312</load_address>
         <run_address>0xa312</run_address>
         <size>0x1a</size>
         <input_file_ref idref="fl-7"/>
      </object_component>
      <object_component id="oc-4b7">
         <name>.text:nwk_getQ</name>
         <load_address>0xa32c</load_address>
         <run_address>0xa32c</run_address>
         <size>0x1a</size>
         <input_file_ref idref="fl-d"/>
      </object_component>
      <object_component id="oc-25e">
         <name>.text:nwk_setListenContext</name>
         <load_address>0xa346</load_address>
         <run_address>0xa346</run_address>
         <size>0x1a</size>
         <input_file_ref idref="fl-12"/>
      </object_component>
      <object_component id="oc-22c">
         <name>.text:sws_init</name>
         <load_address>0xa360</load_address>
         <run_address>0xa360</run_address>
         <size>0x1a</size>
         <input_file_ref idref="fl-5"/>
      </object_component>
      <object_component id="oc-2a0">
         <name>.text:_outs</name>
         <load_address>0xa37a</load_address>
         <run_address>0xa37a</run_address>
         <size>0x18</size>
         <input_file_ref idref="fl-62"/>
      </object_component>
      <object_component id="oc-1f8">
         <name>.text:mrfiSpiReadRxFifo</name>
         <load_address>0xa392</load_address>
         <run_address>0xa392</run_address>
         <size>0x18</size>
         <input_file_ref idref="fl-7"/>
      </object_component>
      <object_component id="oc-e4">
         <name>.text:MRFI_GpioIsr</name>
         <load_address>0xa3aa</load_address>
         <run_address>0xa3aa</run_address>
         <size>0x16</size>
         <input_file_ref idref="fl-8"/>
      </object_component>
      <object_component id="oc-425">
         <name>.text:MRFI_RandomByte</name>
         <load_address>0xa3c0</load_address>
         <run_address>0xa3c0</run_address>
         <size>0x16</size>
         <input_file_ref idref="fl-8"/>
      </object_component>
      <object_component id="oc-2dd">
         <name>.text:MRFI_Receive</name>
         <load_address>0xa3d6</load_address>
         <run_address>0xa3d6</run_address>
         <size>0x16</size>
         <input_file_ref idref="fl-8"/>
      </object_component>
      <object_component id="oc-227">
         <name>.text:leds_init</name>
         <load_address>0xa3ec</load_address>
         <run_address>0xa3ec</run_address>
         <size>0x16</size>
         <input_file_ref idref="fl-5"/>
      </object_component>
      <object_component id="oc-344">
         <name>.text:nwk_mgmtInit</name>
         <load_address>0xa402</load_address>
         <run_address>0xa402</run_address>
         <size>0x16</size>
         <input_file_ref idref="fl-11"/>
      </object_component>
      <object_component id="oc-3d2">
         <name>.text</name>
         <load_address>0xa418</load_address>
         <run_address>0xa418</run_address>
         <size>0x16</size>
         <input_file_ref idref="fl-41"/>
      </object_component>
      <object_component id="oc-31d">
         <name>.text</name>
         <load_address>0xa42e</load_address>
         <run_address>0xa42e</run_address>
         <size>0x16</size>
         <input_file_ref idref="fl-60"/>
      </object_component>
      <object_component id="oc-1e9">
         <name>.text:uca1_cfg_wait_transmission</name>
         <load_address>0xa444</load_address>
         <run_address>0xa444</run_address>
         <size>0x16</size>
         <input_file_ref idref="fl-3"/>
      </object_component>
      <object_component id="oc-14a">
         <name>.text:memset</name>
         <load_address>0xa45a</load_address>
         <run_address>0xa45a</run_address>
         <size>0x14</size>
         <input_file_ref idref="fl-5f"/>
      </object_component>
      <object_component id="oc-360">
         <name>.text:Mrfi_RxModeOn</name>
         <load_address>0xa46e</load_address>
         <run_address>0xa46e</run_address>
         <size>0x12</size>
         <input_file_ref idref="fl-8"/>
      </object_component>
      <object_component id="oc-5de">
         <name>.text:__mspabi_fixdu</name>
         <load_address>0xa480</load_address>
         <run_address>0xa480</run_address>
         <size>0x12</size>
         <input_file_ref idref="fl-6d"/>
      </object_component>
      <object_component id="oc-2a5">
         <name>.text:_outc</name>
         <load_address>0xa492</load_address>
         <run_address>0xa492</run_address>
         <size>0x12</size>
         <input_file_ref idref="fl-62"/>
      </object_component>
      <object_component id="oc-ef">
         <name>.text:device_startup</name>
         <load_address>0xa4a4</load_address>
         <run_address>0xa4a4</run_address>
         <size>0x12</size>
         <input_file_ref idref="fl-4"/>
      </object_component>
      <object_component id="oc-358">
         <name>.text:memcpy</name>
         <load_address>0xa4b6</load_address>
         <run_address>0xa4b6</run_address>
         <size>0x12</size>
         <input_file_ref idref="fl-5d"/>
      </object_component>
      <object_component id="oc-420">
         <name>.text:nwk_getMyAddress</name>
         <load_address>0xa4c8</load_address>
         <run_address>0xa4c8</run_address>
         <size>0x12</size>
         <input_file_ref idref="fl-a"/>
      </object_component>
      <object_component id="oc-9f">
         <name>.text:_system_pre_init</name>
         <load_address>0xa4da</load_address>
         <run_address>0xa4da</run_address>
         <size>0x10</size>
         <input_file_ref idref="fl-4"/>
      </object_component>
      <object_component id="oc-311">
         <name>.text:l_asr</name>
         <load_address>0xa4ea</load_address>
         <run_address>0xa4ea</run_address>
         <size>0x10</size>
         <input_file_ref idref="fl-39"/>
      </object_component>
      <object_component id="oc-6cd">
         <name>.text:l_lsl</name>
         <load_address>0xa4fa</load_address>
         <run_address>0xa4fa</run_address>
         <size>0x10</size>
         <input_file_ref idref="fl-5b"/>
      </object_component>
      <object_component id="oc-660">
         <name>.text:l_lsr</name>
         <load_address>0xa50a</load_address>
         <run_address>0xa50a</run_address>
         <size>0x10</size>
         <input_file_ref idref="fl-72"/>
      </object_component>
      <object_component id="oc-642">
         <name>.text:nwk_resetSFMarker</name>
         <load_address>0xa51a</load_address>
         <run_address>0xa51a</run_address>
         <size>0x10</size>
         <input_file_ref idref="fl-11"/>
      </object_component>
      <object_component id="oc-3fe">
         <name>.text:BSP_DELAY_USECS</name>
         <load_address>0xa52a</load_address>
         <run_address>0xa52a</run_address>
         <size>0xe</size>
         <input_file_ref idref="fl-16"/>
      </object_component>
      <object_component id="oc-8e">
         <name>.text:decompress:rle24:__TI_decompress_rle24</name>
         <load_address>0xa538</load_address>
         <run_address>0xa538</run_address>
         <size>0xe</size>
         <input_file_ref idref="fl-3c"/>
      </object_component>
      <object_component id="oc-626">
         <name>.text:nwk_freeConnection</name>
         <load_address>0xa546</load_address>
         <run_address>0xa546</run_address>
         <size>0xe</size>
         <input_file_ref idref="fl-e"/>
      </object_component>
      <object_component id="oc-1e1">
         <name>.text:strlen</name>
         <load_address>0xa554</load_address>
         <run_address>0xa554</run_address>
         <size>0xe</size>
         <input_file_ref idref="fl-63"/>
      </object_component>
      <object_component id="oc-4b0">
         <name>.text:MRFI_PostKillSem</name>
         <load_address>0xa562</load_address>
         <run_address>0xa562</run_address>
         <size>0xc</size>
         <input_file_ref idref="fl-8"/>
      </object_component>
      <object_component id="oc-499">
         <name>.text:nwk_processFreq</name>
         <load_address>0xa56e</load_address>
         <run_address>0xa56e</run_address>
         <size>0xc</size>
         <input_file_ref idref="fl-15"/>
      </object_component>
      <object_component id="oc-494">
         <name>.text:nwk_processSecurity</name>
         <load_address>0xa57a</load_address>
         <run_address>0xa57a</run_address>
         <size>0xc</size>
         <input_file_ref idref="fl-f"/>
      </object_component>
      <object_component id="oc-4e9">
         <name>.text:toupper</name>
         <load_address>0xa586</load_address>
         <run_address>0xa586</run_address>
         <size>0xc</size>
         <input_file_ref idref="fl-79"/>
      </object_component>
      <object_component id="oc-66c">
         <name>.text:abs</name>
         <load_address>0xa592</load_address>
         <run_address>0xa592</run_address>
         <size>0xa</size>
         <input_file_ref idref="fl-7c"/>
      </object_component>
      <object_component id="oc-434">
         <name>.text:generateLinkToken</name>
         <load_address>0xa59c</load_address>
         <run_address>0xa59c</run_address>
         <size>0xa</size>
         <input_file_ref idref="fl-13"/>
      </object_component>
      <object_component id="oc-141">
         <name>.text:hal_board_init</name>
         <load_address>0xa5a6</load_address>
         <run_address>0xa5a6</run_address>
         <size>0xa</size>
         <input_file_ref idref="fl-5"/>
      </object_component>
      <object_component id="oc-33a">
         <name>.text:nwk_pingInit</name>
         <load_address>0xa5b0</load_address>
         <run_address>0xa5b0</run_address>
         <size>0xa</size>
         <input_file_ref idref="fl-10"/>
      </object_component>
      <object_component id="oc-259">
         <name>.text:MRFI_GetRadioState</name>
         <load_address>0xa5ba</load_address>
         <run_address>0xa5ba</run_address>
         <size>0x6</size>
         <input_file_ref idref="fl-8"/>
      </object_component>
      <object_component id="oc-96">
         <name>.text:__TI_ISR_TRAP</name>
         <load_address>0xa5c0</load_address>
         <run_address>0xa5c0</run_address>
         <size>0x6</size>
         <input_file_ref idref="fl-5a"/>
      </object_component>
      <object_component id="oc-353">
         <name>.text:nwk_getBCastAddress</name>
         <load_address>0xa5c6</load_address>
         <run_address>0xa5c6</run_address>
         <size>0x6</size>
         <input_file_ref idref="fl-a"/>
      </object_component>
      <object_component id="oc-612">
         <name>.text:nwk_getMyRxType</name>
         <load_address>0xa5cc</load_address>
         <run_address>0xa5cc</run_address>
         <size>0x6</size>
         <input_file_ref idref="fl-b"/>
      </object_component>
      <object_component id="oc-603">
         <name>.text:nwk_getProtocolVersion</name>
         <load_address>0xa5d2</load_address>
         <run_address>0xa5d2</run_address>
         <size>0x6</size>
         <input_file_ref idref="fl-a"/>
      </object_component>
      <object_component id="oc-43e">
         <name>.text:nwk_getSFInfoPtr</name>
         <load_address>0xa5d8</load_address>
         <run_address>0xa5d8</run_address>
         <size>0x6</size>
         <input_file_ref idref="fl-e"/>
      </object_component>
      <object_component id="oc-ae">
         <name>.text:abort</name>
         <load_address>0xa5de</load_address>
         <run_address>0xa5de</run_address>
         <size>0x4</size>
         <input_file_ref idref="fl-43"/>
      </object_component>
      <object_component id="oc-252">
         <name>.text:nwk_join</name>
         <load_address>0xa5e2</load_address>
         <run_address>0xa5e2</run_address>
         <size>0x4</size>
         <input_file_ref idref="fl-13"/>
      </object_component>
      <object_component id="oc-335">
         <name>.text:nwk_freqInit</name>
         <load_address>0xa5e6</load_address>
         <run_address>0xa5e6</run_address>
         <size>0x2</size>
         <input_file_ref idref="fl-15"/>
      </object_component>
      <object_component id="oc-34e">
         <name>.text:nwk_securityInit</name>
         <load_address>0xa5e8</load_address>
         <run_address>0xa5e8</run_address>
         <size>0x2</size>
         <input_file_ref idref="fl-f"/>
      </object_component>
      <object_component id="oc-72">
         <name>.text:_isr:_c_int00_noexit</name>
         <load_address>0x45b4</load_address>
         <run_address>0x45b4</run_address>
         <size>0x1a</size>
         <input_file_ref idref="fl-3a"/>
      </object_component>
      <object_component id="oc-9a">
         <name>.text:_isr:GDO0_ISR</name>
         <load_address>0x45ce</load_address>
         <run_address>0x45ce</run_address>
         <size>0x10</size>
         <input_file_ref idref="fl-2"/>
      </object_component>
      <object_component id="oc-b4">
         <name>.text:_isr:OS_TIMER_ISR</name>
         <load_address>0x45de</load_address>
         <run_address>0x45de</run_address>
         <size>0x10</size>
         <input_file_ref idref="fl-4"/>
      </object_component>
      <object_component id="oc-b9">
         <name>.text:_isr:us_TIMER_ISR</name>
         <load_address>0x45ee</load_address>
         <run_address>0x45ee</run_address>
         <size>0xc</size>
         <input_file_ref idref="fl-4"/>
      </object_component>
      <object_component id="oc-74e">
         <name>.cinit..data.load</name>
         <load_address>0xa5ea</load_address>
         <run_address>0xa5ea</run_address>
         <size>0x12</size>
      </object_component>
      <object_component id="oc-74b">
         <name>__TI_handler_table</name>
         <load_address>0xa5fc</load_address>
         <run_address>0xa5fc</run_address>
         <size>0xc</size>
      </object_component>
      <object_component id="oc-74d">
         <name>.cinit..bss.load</name>
         <load_address>0xa608</load_address>
         <run_address>0xa608</run_address>
         <size>0x6</size>
      </object_component>
      <object_component id="oc-74c">
         <name>__TI_cinit_table</name>
         <load_address>0xa60e</load_address>
         <run_address>0xa60e</run_address>
         <size>0x10</size>
      </object_component>
      <object_component id="oc-4da">
         <name>.const:.string:_ctypes_</name>
         <load_address>0x4400</load_address>
         <run_address>0x4400</run_address>
         <size>0x102</size>
         <input_file_ref idref="fl-6a"/>
      </object_component>
      <object_component id="oc-300">
         <name>.const:mrfiRadioCfg</name>
         <load_address>0x4502</load_address>
         <run_address>0x4502</run_address>
         <size>0x3c</size>
         <input_file_ref idref="fl-8"/>
      </object_component>
      <object_component id="oc-1d7">
         <name>.const:.string</name>
         <load_address>0x453e</load_address>
         <run_address>0x453e</run_address>
         <size>0x24</size>
         <input_file_ref idref="fl-19"/>
      </object_component>
      <object_component id="oc-464">
         <name>.const:.string</name>
         <load_address>0x4562</load_address>
         <run_address>0x4562</run_address>
         <size>0x24</size>
         <input_file_ref idref="fl-65"/>
      </object_component>
      <object_component id="oc-3e4">
         <name>.const:func</name>
         <load_address>0x4586</load_address>
         <run_address>0x4586</run_address>
         <size>0x18</size>
         <input_file_ref idref="fl-b"/>
      </object_component>
      <object_component id="oc-41d">
         <name>.const</name>
         <load_address>0x459e</load_address>
         <run_address>0x459e</run_address>
         <size>0x9</size>
         <input_file_ref idref="fl-a"/>
      </object_component>
      <object_component id="oc-2cf">
         <name>.const:.string:mrfiBroadcastAddr</name>
         <load_address>0x45a8</load_address>
         <run_address>0x45a8</run_address>
         <size>0x4</size>
         <input_file_ref idref="fl-9"/>
      </object_component>
      <object_component id="oc-407">
         <name>.const:.string:mrfiLogicalChanTable</name>
         <load_address>0x45ac</load_address>
         <run_address>0x45ac</run_address>
         <size>0x4</size>
         <input_file_ref idref="fl-9"/>
      </object_component>
      <object_component id="oc-40a">
         <name>.const:.string:mrfiRFPowerTable</name>
         <load_address>0x45b0</load_address>
         <run_address>0x45b0</run_address>
         <size>0x3</size>
         <input_file_ref idref="fl-9"/>
      </object_component>
      <object_component id="oc-69">
         <name>.int41</name>
         <load_address>0xffd2</load_address>
         <run_address>0xffd2</run_address>
         <size>0x2</size>
         <input_file_ref idref="fl-47"/>
      </object_component>
      <object_component id="oc-6a">
         <name>.int42</name>
         <load_address>0xffd4</load_address>
         <run_address>0xffd4</run_address>
         <size>0x2</size>
         <input_file_ref idref="fl-2"/>
      </object_component>
      <object_component id="oc-6b">
         <name>.int43</name>
         <load_address>0xffd6</load_address>
         <run_address>0xffd6</run_address>
         <size>0x2</size>
         <input_file_ref idref="fl-48"/>
      </object_component>
      <object_component id="oc-6c">
         <name>.int44</name>
         <load_address>0xffd8</load_address>
         <run_address>0xffd8</run_address>
         <size>0x2</size>
         <input_file_ref idref="fl-49"/>
      </object_component>
      <object_component id="oc-6d">
         <name>.int45</name>
         <load_address>0xffda</load_address>
         <run_address>0xffda</run_address>
         <size>0x2</size>
         <input_file_ref idref="fl-4a"/>
      </object_component>
      <object_component id="oc-6e">
         <name>.int46</name>
         <load_address>0xffdc</load_address>
         <run_address>0xffdc</run_address>
         <size>0x2</size>
         <input_file_ref idref="fl-4b"/>
      </object_component>
      <object_component id="oc-6f">
         <name>.int47</name>
         <load_address>0xffde</load_address>
         <run_address>0xffde</run_address>
         <size>0x2</size>
         <input_file_ref idref="fl-4c"/>
      </object_component>
      <object_component id="oc-70">
         <name>.int48</name>
         <load_address>0xffe0</load_address>
         <run_address>0xffe0</run_address>
         <size>0x2</size>
         <input_file_ref idref="fl-4d"/>
      </object_component>
      <object_component id="oc-71">
         <name>.int49</name>
         <load_address>0xffe2</load_address>
         <run_address>0xffe2</run_address>
         <size>0x2</size>
         <input_file_ref idref="fl-4e"/>
      </object_component>
      <object_component id="oc-77">
         <name>.int50</name>
         <load_address>0xffe4</load_address>
         <run_address>0xffe4</run_address>
         <size>0x2</size>
         <input_file_ref idref="fl-4f"/>
      </object_component>
      <object_component id="oc-78">
         <name>.int51</name>
         <load_address>0xffe6</load_address>
         <run_address>0xffe6</run_address>
         <size>0x2</size>
         <input_file_ref idref="fl-50"/>
      </object_component>
      <object_component id="oc-79">
         <name>.int52</name>
         <load_address>0xffe8</load_address>
         <run_address>0xffe8</run_address>
         <size>0x2</size>
[...]
         <value>0x9c1a</value>
         <object_component_ref idref="oc-295"/>
      </symbol>
      <symbol id="sm-93a">
         <name>__mspabi_sral_13</name>
         <value>0x9c1e</value>
         <object_component_ref idref="oc-295"/>
      </symbol>
      <symbol id="sm-93b">
         <name>__mspabi_sral_12</name>
         <value>0x9c22</value>
         <object_component_ref idref="oc-295"/>
      </symbol>
      <symbol id="sm-93c">
         <name>__mspabi_sral_11</name>
         <value>0x9c26</value>
         <object_component_ref idref="oc-295"/>
      </symbol>
      <symbol id="sm-93d">
         <name>__mspabi_sral_10</name>
         <value>0x9c2a</value>
         <object_component_ref idref="oc-295"/>
      </symbol>
      <symbol id="sm-93e">
         <name>__mspabi_sral_8</name>
         <value>0x9c32</value>
         <object_component_ref idref="oc-295"/>
      </symbol>
      <symbol id="sm-93f">
         <name>__mspabi_sral_9</name>
         <value>0x9c2e</value>
         <object_component_ref idref="oc-295"/>
      </symbol>
      <symbol id="sm-940">
         <name>__mspabi_sral_6</name>
         <value>0x9c3a</value>
         <object_component_ref idref="oc-295"/>
      </symbol>
      <symbol id="sm-941">
         <name>__mspabi_sral_7</name>
         <value>0x9c36</value>
         <object_component_ref idref="oc-295"/>
      </symbol>
      <symbol id="sm-942">
         <name>__mspabi_sral_4</name>
         <value>0x9c42</value>
         <object_component_ref idref="oc-295"/>
      </symbol>
      <symbol id="sm-943">
         <name>__mspabi_sral_5</name>
         <value>0x9c3e</value>
         <object_component_ref idref="oc-295"/>
      </symbol>
      <symbol id="sm-944">
         <name>__mspabi_sral_2</name>
         <value>0x9c4a</value>
         <object_component_ref idref="oc-295"/>
      </symbol>
      <symbol id="sm-945">
         <name>__mspabi_sral_3</name>
         <value>0x9c46</value>
         <object_component_ref idref="oc-295"/>
      </symbol>
      <symbol id="sm-946">
         <name>__mspabi_sral_1</name>
         <value>0x9c4e</value>
         <object_component_ref idref="oc-295"/>
      </symbol>
      <symbol id="sm-954">
         <name>_c_int00_noexit</name>
         <value>0x45b4</value>
         <object_component_ref idref="oc-72"/>
      </symbol>
      <symbol id="sm-955">
         <name>_c_int00</name>
         <value>0x45b4</value>
         <object_component_ref idref="oc-72"/>
      </symbol>
      <symbol id="sm-956">
         <name>_stack</name>
         <value>0x4360</value>
         <object_component_ref idref="oc-93"/>
      </symbol>
      <symbol id="sm-957">
         <name>_reset_vector</name>
         <value>0xfffe</value>
         <object_component_ref idref="oc-95"/>
      </symbol>
      <symbol id="sm-967">
         <name>__TI_decompress_none</name>
         <value>0x9cd0</value>
         <object_component_ref idref="oc-84"/>
      </symbol>
      <symbol id="sm-989">
         <name>__TI_decompress_rle24</name>
         <value>0xa538</value>
         <object_component_ref idref="oc-8e"/>
      </symbol>
      <symbol id="sm-99b">
         <name>__TI_zero_init</name>
         <value>0x9bd8</value>
         <object_component_ref idref="oc-89"/>
      </symbol>
      <symbol id="sm-9a5">
         <name>__memcpy_far</name>
         <value>0x9a5e</value>
         <object_component_ref idref="oc-be"/>
      </symbol>
      <symbol id="sm-9ba">
         <name>__mspabi_cvtfd</name>
         <value>0x8c56</value>
         <object_component_ref idref="oc-1c8"/>
      </symbol>
      <symbol id="sm-9c5">
         <name>__mspabi_remi</name>
         <value>0x9f6c</value>
         <object_component_ref idref="oc-2d3"/>
      </symbol>
      <symbol id="sm-9c6">
         <name>__mspabi_divi</name>
         <value>0x9f6c</value>
         <object_component_ref idref="oc-2d3"/>
      </symbol>
      <symbol id="sm-9cf">
         <name>__mspabi_remu</name>
         <value>0xa418</value>
         <object_component_ref idref="oc-3d2"/>
      </symbol>
      <symbol id="sm-9d0">
         <name>__mspabi_divu</name>
         <value>0xa418</value>
         <object_component_ref idref="oc-3d2"/>
      </symbol>
      <symbol id="sm-9dd">
         <name>__mspabi_remul</name>
         <value>0x932a</value>
         <object_component_ref idref="oc-319"/>
      </symbol>
      <symbol id="sm-9de">
         <name>__mspabi_divul</name>
         <value>0x932a</value>
         <object_component_ref idref="oc-319"/>
      </symbol>
      <symbol id="sm-9e7">
         <name>C$$EXIT</name>
         <value>0xa5de</value>
         <object_component_ref idref="oc-ae"/>
      </symbol>
      <symbol id="sm-9e8">
         <name>abort</name>
         <value>0xa5de</value>
         <object_component_ref idref="oc-ae"/>
      </symbol>
      <symbol id="sm-9f4">
         <name>__mspabi_fltif</name>
         <value>0x9db2</value>
         <object_component_ref idref="oc-199"/>
      </symbol>
      <symbol id="sm-a0a">
         <name>__mspabi_mpyf</name>
         <value>0x80a4</value>
         <object_component_ref idref="oc-19d"/>
      </symbol>
      <symbol id="sm-a18">
         <name>__mspabi_fixfu</name>
         <value>0x9952</value>
         <object_component_ref idref="oc-222"/>
      </symbol>
      <symbol id="sm-a1b">
         <name>__TI_int41</name>
         <value>0xffd2</value>
         <object_component_ref idref="oc-69"/>
      </symbol>
      <symbol id="sm-a1e">
         <name>__TI_int43</name>
         <value>0xffd6</value>
         <object_component_ref idref="oc-6b"/>
      </symbol>
      <symbol id="sm-a21">
         <name>__TI_int44</name>
         <value>0xffd8</value>
         <object_component_ref idref="oc-6c"/>
      </symbol>
      <symbol id="sm-a24">
         <name>__TI_int45</name>
         <value>0xffda</value>
         <object_component_ref idref="oc-6d"/>
      </symbol>
      <symbol id="sm-a27">
         <name>__TI_int46</name>
         <value>0xffdc</value>
         <object_component_ref idref="oc-6e"/>
      </symbol>
      <symbol id="sm-a2a">
         <name>__TI_int47</name>
         <value>0xffde</value>
         <object_component_ref idref="oc-6f"/>
      </symbol>
      <symbol id="sm-a2d">
         <name>__TI_int48</name>
         <value>0xffe0</value>
         <object_component_ref idref="oc-70"/>
      </symbol>
      <symbol id="sm-a30">
         <name>__TI_int49</name>
         <value>0xffe2</value>
         <object_component_ref idref="oc-71"/>
      </symbol>
      <symbol id="sm-a33">
         <name>__TI_int50</name>
         <value>0xffe4</value>
         <object_component_ref idref="oc-77"/>
      </symbol>
      <symbol id="sm-a36">
         <name>__TI_int51</name>
         <value>0xffe6</value>
         <object_component_ref idref="oc-78"/>
      </symbol>
      <symbol id="sm-a39">
         <name>__TI_int52</name>
         <value>0xffe8</value>
         <object_component_ref idref="oc-79"/>
      </symbol>
      <symbol id="sm-a3c">
         <name>__TI_int54</name>
         <value>0xffec</value>
         <object_component_ref idref="oc-7b"/>
      </symbol>
      <symbol id="sm-a3f">
         <name>__TI_int55</name>
         <value>0xffee</value>
         <object_component_ref idref="oc-7c"/>
      </symbol>
      <symbol id="sm-a42">
         <name>__TI_int56</name>
         <value>0xfff0</value>
         <object_component_ref idref="oc-7d"/>
      </symbol>
      <symbol id="sm-a45">
         <name>__TI_int57</name>
         <value>0xfff2</value>
         <object_component_ref idref="oc-7e"/>
      </symbol>
      <symbol id="sm-a48">
         <name>__TI_int58</name>
         <value>0xfff4</value>
         <object_component_ref idref="oc-7f"/>
      </symbol>
      <symbol id="sm-a4b">
         <name>__TI_int60</name>
         <value>0xfff8</value>
         <object_component_ref idref="oc-81"/>
      </symbol>
      <symbol id="sm-a4e">
         <name>__TI_int61</name>
         <value>0xfffa</value>
         <object_component_ref idref="oc-82"/>
      </symbol>
      <symbol id="sm-a51">
         <name>__TI_int62</name>
         <value>0xfffc</value>
         <object_component_ref idref="oc-83"/>
      </symbol>
      <symbol id="sm-a58">
         <name>__TI_ISR_TRAP</name>
         <value>0xa5c0</value>
         <object_component_ref idref="oc-96"/>
      </symbol>
      <symbol id="sm-a66">
         <name>__mspabi_slll_9</name>
         <value>0x9c6c</value>
         <object_component_ref idref="oc-181"/>
      </symbol>
      <symbol id="sm-a67">
         <name>__mspabi_slll_8</name>
         <value>0x9c70</value>
         <object_component_ref idref="oc-181"/>
      </symbol>
      <symbol id="sm-a68">
         <name>__mspabi_slll_7</name>
         <value>0x9c74</value>
         <object_component_ref idref="oc-181"/>
      </symbol>
      <symbol id="sm-a69">
         <name>__mspabi_slll_6</name>
         <value>0x9c78</value>
         <object_component_ref idref="oc-181"/>
      </symbol>
      <symbol id="sm-a6a">
         <name>__mspabi_slll_5</name>
         <value>0x9c7c</value>
         <object_component_ref idref="oc-181"/>
      </symbol>
      <symbol id="sm-a6b">
         <name>__mspabi_slll_4</name>
         <value>0x9c80</value>
         <object_component_ref idref="oc-181"/>
      </symbol>
      <symbol id="sm-a6c">
         <name>__mspabi_slll_3</name>
         <value>0x9c84</value>
         <object_component_ref idref="oc-181"/>
      </symbol>
      <symbol id="sm-a6d">
         <name>__mspabi_slll_2</name>
         <value>0x9c88</value>
         <object_component_ref idref="oc-181"/>
      </symbol>
      <symbol id="sm-a6e">
         <name>__mspabi_slll_1</name>
         <value>0x9c8c</value>
         <object_component_ref idref="oc-181"/>
      </symbol>
      <symbol id="sm-a6f">
         <name>__mspabi_slll</name>
         <value>0xa4fa</value>
         <object_component_ref idref="oc-6cd"/>
      </symbol>
      <symbol id="sm-a70">
         <name>__mspabi_slll_15</name>
         <value>0x9c54</value>
         <object_component_ref idref="oc-181"/>
      </symbol>
      <symbol id="sm-a71">
         <name>__mspabi_slll_14</name>
         <value>0x9c58</value>
         <object_component_ref idref="oc-181"/>
      </symbol>
      <symbol id="sm-a72">
         <name>__mspabi_slll_13</name>
         <value>0x9c5c</value>
         <object_component_ref idref="oc-181"/>
      </symbol>
      <symbol id="sm-a73">
         <name>__mspabi_slll_12</name>
         <value>0x9c60</value>
         <object_component_ref idref="oc-181"/>
      </symbol>
      <symbol id="sm-a74">
         <name>__mspabi_slll_11</name>
         <value>0x9c64</value>
         <object_component_ref idref="oc-181"/>
      </symbol>
      <symbol id="sm-a75">
         <name>__mspabi_slll_10</name>
         <value>0x9c68</value>
         <object_component_ref idref="oc-181"/>
      </symbol>
      <symbol id="sm-a83">
         <name>memcmp</name>
         <value>0xa186</value>
         <object_component_ref idref="oc-3df"/>
      </symbol>
      <symbol id="sm-a90">
         <name>memcpy</name>
         <value>0xa4b6</value>
         <object_component_ref idref="oc-358"/>
      </symbol>
      <symbol id="sm-a9e">
         <name>memmove</name>
         <value>0xa1ea</value>
         <object_component_ref idref="oc-693"/>
      </symbol>
      <symbol id="sm-aab">
         <name>memset</name>
         <value>0xa45a</value>
         <object_component_ref idref="oc-14a"/>
      </symbol>
      <symbol id="sm-ab2">
         <name>__mspabi_mpyi_f5hw</name>
         <value>0xa42e</value>
         <object_component_ref idref="oc-31d"/>
      </symbol>
      <symbol id="sm-ab9">
         <name>__mspabi_mpyl_f5hw</name>
         <value>0xa1a8</value>
         <object_component_ref idref="oc-315"/>
      </symbol>
      <symbol id="sm-ad7">
         <name>sprintf</name>
         <value>0x9d44</value>
         <object_component_ref idref="oc-1db"/>
      </symbol>
      <symbol id="sm-ae3">
         <name>strlen</name>
         <value>0xa554</value>
         <object_component_ref idref="oc-1e1"/>
      </symbol>
      <symbol id="sm-c5a">
         <name>__TI_printfi</name>
         <value>0x6b2a</value>
         <object_component_ref idref="oc-2aa"/>
      </symbol>
      <symbol id="sm-c6d">
         <name>atoi</name>
         <value>0x9482</value>
         <object_component_ref idref="oc-45e"/>
      </symbol>
      <symbol id="sm-c82">
         <name>_auto_init</name>
         <value>0x8d3a</value>
         <object_component_ref idref="oc-a4"/>
      </symbol>
      <symbol id="sm-ca3">
         <name>__mspabi_cmpd</name>
         <value>0x7426</value>
         <object_component_ref idref="oc-507"/>
      </symbol>
      <symbol id="sm-cac">
         <name>_ctypes_</name>
         <value>0x4400</value>
         <object_component_ref idref="oc-4da"/>
      </symbol>
      <symbol id="sm-ccc">
         <name>__mspabi_divd</name>
         <value>0x5b28</value>
         <object_component_ref idref="oc-581"/>
      </symbol>
      <symbol id="sm-cdd">
         <name>__mspabi_fixdli</name>
         <value>0x8ae0</value>
         <object_component_ref idref="oc-5e3"/>
      </symbol>
      <symbol id="sm-cea">
         <name>__mspabi_fixdu</name>
         <value>0xa480</value>
         <object_component_ref idref="oc-5de"/>
      </symbol>
      <symbol id="sm-cfc">
         <name>__mspabi_fixdul</name>
         <value>0x89dc</value>
         <object_component_ref idref="oc-680"/>
      </symbol>
      <symbol id="sm-d13">
         <name>__mspabi_fltlid</name>
         <value>0x84cc</value>
         <object_component_ref idref="oc-5d4"/>
      </symbol>
      <symbol id="sm-d2d">
         <name>__TI_frcdivd</name>
         <value>0x45fa</value>
         <object_component_ref idref="oc-5f4"/>
      </symbol>
      <symbol id="sm-d74">
         <name>__mspabi_srlll</name>
         <value>0x9b9a</value>
         <object_component_ref idref="oc-5bf"/>
      </symbol>
      <symbol id="sm-d75">
         <name>__mspabi_sllll</name>
         <value>0x9b5c</value>
         <object_component_ref idref="oc-65b"/>
      </symbol>
      <symbol id="sm-d76">
         <name>__mspabi_divull</name>
         <value>0x4a3e</value>
         <object_component_ref idref="oc-5c4"/>
      </symbol>
      <symbol id="sm-d84">
         <name>__mspabi_srll_8</name>
         <value>0x9cae</value>
         <object_component_ref idref="oc-673"/>
      </symbol>
      <symbol id="sm-d85">
         <name>__mspabi_srll_9</name>
         <value>0x9caa</value>
         <object_component_ref idref="oc-673"/>
      </symbol>
      <symbol id="sm-d86">
         <name>__mspabi_srll_6</name>
         <value>0x9cb6</value>
         <object_component_ref idref="oc-673"/>
      </symbol>
      <symbol id="sm-d87">
         <name>__mspabi_srll_7</name>
         <value>0x9cb2</value>
         <object_component_ref idref="oc-673"/>
      </symbol>
      <symbol id="sm-d88">
         <name>__mspabi_srll_4</name>
         <value>0x9cbe</value>
         <object_component_ref idref="oc-673"/>
      </symbol>
      <symbol id="sm-d89">
         <name>__mspabi_srll_5</name>
         <value>0x9cba</value>
         <object_component_ref idref="oc-673"/>
      </symbol>
      <symbol id="sm-d8a">
         <name>__mspabi_srll_2</name>
         <value>0x9cc6</value>
         <object_component_ref idref="oc-673"/>
      </symbol>
      <symbol id="sm-d8b">
         <name>__mspabi_srll_3</name>
         <value>0x9cc2</value>
         <object_component_ref idref="oc-673"/>
      </symbol>
      <symbol id="sm-d8c">
         <name>__mspabi_srll_1</name>
         <value>0x9cca</value>
         <object_component_ref idref="oc-673"/>
      </symbol>
      <symbol id="sm-d8d">
         <name>__mspabi_srll_15</name>
         <value>0x9c92</value>
         <object_component_ref idref="oc-673"/>
      </symbol>
      <symbol id="sm-d8e">
         <name>__mspabi_srll_14</name>
         <value>0x9c96</value>
         <object_component_ref idref="oc-673"/>
      </symbol>
      <symbol id="sm-d8f">
         <name>__mspabi_srll_13</name>
         <value>0x9c9a</value>
         <object_component_ref idref="oc-673"/>
      </symbol>
      <symbol id="sm-d90">
         <name>__mspabi_srll_12</name>
         <value>0x9c9e</value>
         <object_component_ref idref="oc-673"/>
      </symbol>
      <symbol id="sm-d91">
         <name>__mspabi_srll_11</name>
         <value>0x9ca2</value>
         <object_component_ref idref="oc-673"/>
      </symbol>
      <symbol id="sm-d92">
         <name>__mspabi_srll_10</name>
         <value>0x9ca6</value>
         <object_component_ref idref="oc-673"/>
      </symbol>
      <symbol id="sm-d93">
         <name>__mspabi_srll</name>
         <value>0xa50a</value>
         <object_component_ref idref="oc-660"/>
      </symbol>
      <symbol id="sm-da1">
         <name>ltoa</name>
         <value>0x8b60</value>
         <object_component_ref idref="oc-5cf"/>
      </symbol>
      <symbol id="sm-daf">
         <name>memccpy</name>
         <value>0xa2be</value>
         <object_component_ref idref="oc-46f"/>
      </symbol>
      <symbol id="sm-dcf">
         <name>__mspabi_mpyd</name>
         <value>0x58e4</value>
         <object_component_ref idref="oc-57c"/>
      </symbol>
      <symbol id="sm-dd6">
         <name>__mspabi_mpyll_f5hw</name>
         <value>0x9168</value>
         <object_component_ref idref="oc-553"/>
      </symbol>
      <symbol id="sm-dde">
         <name>__mspabi_negd</name>
         <value>0x9f98</value>
         <object_component_ref idref="oc-4f3"/>
      </symbol>
      <symbol id="sm-de9">
         <name>__mspabi_subd</name>
         <value>0x9e50</value>
         <object_component_ref idref="oc-5d9"/>
      </symbol>
      <symbol id="sm-df5">
         <name>toupper</name>
         <value>0xa586</value>
         <object_component_ref idref="oc-4e9"/>
      </symbol>
      <symbol id="sm-dfd">
         <name>_Dclass</name>
         <value>0xa286</value>
         <object_component_ref idref="oc-4ee"/>
      </symbol>
      <symbol id="sm-e0d">
         <name>_Dtest</name>
         <value>0x9382</value>
         <object_component_ref idref="oc-55a"/>
      </symbol>
      <symbol id="sm-e16">
         <name>abs</name>
         <value>0xa592</value>
         <object_component_ref idref="oc-66c"/>
      </symbol>
      <symbol id="sm-e37">
         <name>__mspabi_addd</name>
         <value>0x53ac</value>
         <object_component_ref idref="oc-679"/>
      </symbol>
      <symbol id="sm-e42">
         <name>__mspabi_remli</name>
         <value>0x9ade</value>
         <object_component_ref idref="oc-668"/>
      </symbol>
      <symbol id="sm-e43">
         <name>__mspabi_divli</name>
         <value>0x9ade</value>
         <object_component_ref idref="oc-668"/>
      </symbol>
      <symbol id="sm-e63">
         <name>__TI_frcaddd</name>
         <value>0x5684</value>
         <object_component_ref idref="oc-6b7"/>
      </symbol>
      <symbol id="sm-e73">
         <name>__TI_frcmpyd</name>
         <value>0x50d2</value>
         <object_component_ref idref="oc-5ed"/>
      </symbol>
      <symbol id="sm-e86">
         <name>__TI_renormd</name>
         <value>0x8210</value>
         <object_component_ref idref="oc-6d1"/>
      </symbol>
      <symbol id="sm-e87">
         <name>__TI_exit</name>
         <value>0x1</value>
      </symbol>
      <symbol id="sm-e88">
         <name>__TI_args_main</name>
         <value>0x1</value>
      </symbol>
      <symbol id="sm-e89">
         <name>__TI_INITARRAY_Base</name>
         <value>0x0</value>
      </symbol>
      <symbol id="sm-e8a">
         <name>__TI_INITARRAY_Limit</name>
         <value>0x0</value>
      </symbol>
   </symbol_table>
   <title>Link successful</title>
</link_info>
