<?xml version="1.0"?>
<link_info>
   <banner>MSP430 Linker PC v4.2.1</banner>
   <copyright>Copyright (c) 2003-2013 Texas Instruments Incorporated</copyright>
   <link_time>0x534207c5</link_time>
   <link_errors>0x0</link_errors>
   <output_file>SH_Test0.out</output_file>
   <entry_point>
      <name>_c_int00</name>
      <address>0xe942</address>
   </entry_point>
   <input_file_list>
      <input_file id="fl-2">
         <path>.\HAL\</path>
         <kind>object</kind>
         <file>mrfi_board.obj</file>
         <name>mrfi_board.obj</name>
      </input_file>
      <input_file id="fl-3">
         <path>.\HAL\</path>
         <kind>object</kind>
         <file>HAL_spi.obj</file>
         <name>HAL_spi.obj</name>
      </input_file>
      <input_file id="fl-4">
         <path>.\HAL\</path>
         <kind>object</kind>
         <file>HAL_mpy.obj</file>
         <name>HAL_mpy.obj</name>
      </input_file>
      <input_file id="fl-5">
         <path>.\HAL\</path>
         <kind>object</kind>
         <file>HAL_device.obj</file>
         <name>HAL_device.obj</name>
      </input_file>
      <input_file id="fl-6">
         <path>.\HAL\</path>
         <kind>object</kind>
         <file>HAL_I2C.obj</file>
         <name>HAL_I2C.obj</name>
      </input_file>
      <input_file id="fl-7">
         <path>.\Sensors_API\</path>
         <kind>object</kind>
         <file>Magnetometer.obj</file>
         <name>Magnetometer.obj</name>
      </input_file>
      <input_file id="fl-8">
         <path>.\Sensors_API\</path>
         <kind>object</kind>
         <file>Accelerometer.obj</file>
         <name>Accelerometer.obj</name>
      </input_file>
      <input_file id="fl-9">
         <path>.\SimpliciTI\Components\mrfi\</path>
         <kind>object</kind>
         <file>mrfi.obj</file>
         <name>mrfi.obj</name>
      </input_file>
      <input_file id="fl-a">
         <path>.\SimpliciTI\Components\mrfi\radios\</path>
         <kind>object</kind>
         <file>mrfi_spi.obj</file>
         <name>mrfi_spi.obj</name>
      </input_file>
      <input_file id="fl-b">
         <path>.\SimpliciTI\Components\mrfi\radios\</path>
         <kind>object</kind>
         <file>mrfi_radio.obj</file>
         <name>mrfi_radio.obj</name>
      </input_file>
      <input_file id="fl-c">
         <path>.\SimpliciTI\Components\mrfi\radios\</path>
         <kind>object</kind>
         <file>mrfi_f1f2.obj</file>
         <name>mrfi_f1f2.obj</name>
      </input_file>
      <input_file id="fl-d">
         <path>.\SimpliciTI\Components\simpliciti\nwk\</path>
         <kind>object</kind>
         <file>nwk_globals.obj</file>
         <name>nwk_globals.obj</name>
      </input_file>
      <input_file id="fl-e">
         <path>.\SimpliciTI\Components\simpliciti\nwk\</path>
         <kind>object</kind>
         <file>nwk_frame.obj</file>
         <name>nwk_frame.obj</name>
      </input_file>
      <input_file id="fl-f">
         <path>.\SimpliciTI\Components\simpliciti\nwk\</path>
         <kind>object</kind>
         <file>nwk_api.obj</file>
         <name>nwk_api.obj</name>
      </input_file>
      <input_file id="fl-10">
         <path>.\SimpliciTI\Components\simpliciti\nwk\</path>
         <kind>object</kind>
         <file>nwk_QMgmt.obj</file>
         <name>nwk_QMgmt.obj</name>
      </input_file>
      <input_file id="fl-11">
         <path>.\SimpliciTI\Components\simpliciti\nwk\</path>
         <kind>object</kind>
         <file>nwk.obj</file>
         <name>nwk.obj</name>
      </input_file>
      <input_file id="fl-12">
         <path>.\SimpliciTI\Components\simpliciti\nwk_applications\</path>
         <kind>object</kind>
         <file>nwk_security.obj</file>
         <name>nwk_security.obj</name>
      </input_file>
      <input_file id="fl-13">
         <path>.\SimpliciTI\Components\simpliciti\nwk_applications\</path>
         <kind>object</kind>
         <file>nwk_ping.obj</file>
         <name>nwk_ping.obj</name>
      </input_file>
      <input_file id="fl-14">
         <path>.\SimpliciTI\Components\simpliciti\nwk_applications\</path>
         <kind>object</kind>
         <file>nwk_mgmt.obj</file>
         <name>nwk_mgmt.obj</name>
      </input_file>
      <input_file id="fl-15">
         <path>.\SimpliciTI\Components\simpliciti\nwk_applications\</path>
         <kind>object</kind>
         <file>nwk_link.obj</file>
         <name>nwk_link.obj</name>
      </input_file>
      <input_file id="fl-16">
         <path>.\SimpliciTI\Components\simpliciti\nwk_applications\</path>
         <kind>object</kind>
         <file>nwk_join.obj</file>
         <name>nwk_join.obj</name>
      </input_file>
      <input_file id="fl-17">
         <path>.\SimpliciTI\Components\simpliciti\nwk_applications\</path>
         <kind>object</kind>
         <file>nwk_ioctl.obj</file>
         <name>nwk_ioctl.obj</name>
      </input_file>
      <input_file id="fl-18">
         <path>.\SimpliciTI\Components\simpliciti\nwk_applications\</path>
         <kind>object</kind>
         <file>nwk_freq.obj</file>
         <name>nwk_freq.obj</name>
      </input_file>
      <input_file id="fl-19">
         <path>.\SimpliciTI\</path>
         <kind>object</kind>
         <file>bsp_glue.obj</file>
         <name>bsp_glue.obj</name>
      </input_file>
      <input_file id="fl-1a">
         <path>.\SimpliciTI\</path>
         <kind>object</kind>
         <file>Node_Radio_Interface.obj</file>
         <name>Node_Radio_Interface.obj</name>
      </input_file>
      <input_file id="fl-1b">
         <path>.\User\</path>
         <kind>object</kind>
         <file>compass_main.obj</file>
         <name>compass_main.obj</name>
      </input_file>
      <input_file id="fl-1c">
         <path>.\User\</path>
         <kind>object</kind>
         <file>compass.obj</file>
         <name>compass.obj</name>
      </input_file>
      <input_file id="fl-3c">
         <path>C:\ti\ccsv5\tools\compiler\msp430_4.2.1\lib\</path>
         <kind>archive</kind>
         <file>rts430x_lc_sd_eabi.lib</file>
         <name>asr32.obj</name>
      </input_file>
      <input_file id="fl-3d">
         <path>C:\ti\ccsv5\tools\compiler\msp430_4.2.1\lib\</path>
         <kind>archive</kind>
         <file>rts430x_lc_sd_eabi.lib</file>
         <name>boot.obj</name>
      </input_file>
      <input_file id="fl-3e">
         <path>C:\ti\ccsv5\tools\compiler\msp430_4.2.1\lib\</path>
         <kind>archive</kind>
         <file>rts430x_lc_sd_eabi.lib</file>
         <name>copy_decompress_none.obj</name>
      </input_file>
      <input_file id="fl-3f">
         <path>C:\ti\ccsv5\tools\compiler\msp430_4.2.1\lib\</path>
         <kind>archive</kind>
         <file>rts430x_lc_sd_eabi.lib</file>
         <name>copy_decompress_rle.obj</name>
      </input_file>
      <input_file id="fl-40">
         <path>C:\ti\ccsv5\tools\compiler\msp430_4.2.1\lib\</path>
         <kind>archive</kind>
         <file>rts430x_lc_sd_eabi.lib</file>
         <name>copy_zero_init.obj</name>
      </input_file>
      <input_file id="fl-41">
         <path>C:\ti\ccsv5\tools\compiler\msp430_4.2.1\lib\</path>
         <kind>archive</kind>
         <file>rts430x_lc_sd_eabi.lib</file>
         <name>cpy_util.obj</name>
      </input_file>
      <input_file id="fl-42">
         <path>C:\ti\ccsv5\tools\compiler\msp430_4.2.1\lib\</path>
         <kind>archive</kind>
         <file>rts430x_lc_sd_eabi.lib</file>
         <name>div16s.obj</name>
      </input_file>
      <input_file id="fl-43">
         <path>C:\ti\ccsv5\tools\compiler\msp430_4.2.1\lib\</path>
         <kind>archive</kind>
         <file>rts430x_lc_sd_eabi.lib</file>
         <name>div16u.obj</name>
      </input_file>
      <input_file id="fl-44">
         <path>C:\ti\ccsv5\tools\compiler\msp430_4.2.1\lib\</path>
         <kind>archive</kind>
         <file>rts430x_lc_sd_eabi.lib</file>
         <name>div32u.obj</name>
      </input_file>
      <input_file id="fl-45">
         <path>C:\ti\ccsv5\tools\compiler\msp430_4.2.1\lib\</path>
         <kind>archive</kind>
         <file>rts430x_lc_sd_eabi.lib</file>
         <name>exit.obj</name>
      </input_file>
      <input_file id="fl-46">
         <path>C:\ti\ccsv5\tools\compiler\msp430_4.2.1\lib\</path>
         <kind>archive</kind>
         <file>rts430x_lc_sd_eabi.lib</file>
         <name>fs_itof.obj</name>
      </input_file>
      <input_file id="fl-47">
         <path>C:\ti\ccsv5\tools\compiler\msp430_4.2.1\lib\</path>
         <kind>archive</kind>
         <file>rts430x_lc_sd_eabi.lib</file>
         <name>fs_mpy.obj</name>
      </input_file>
      <input_file id="fl-48">
         <path>C:\ti\ccsv5\tools\compiler\msp430_4.2.1\lib\</path>
         <kind>archive</kind>
         <file>rts430x_lc_sd_eabi.lib</file>
         <name>fs_toi.obj</name>
      </input_file>
      <input_file id="fl-49">
         <path>C:\ti\ccsv5\tools\compiler\msp430_4.2.1\lib\</path>
         <kind>archive</kind>
         <file>rts430x_lc_sd_eabi.lib</file>
         <name>fs_tou.obj</name>
      </input_file>
      <input_file id="fl-4a">
         <path>C:\ti\ccsv5\tools\compiler\msp430_4.2.1\lib\</path>
         <kind>archive</kind>
         <file>rts430x_lc_sd_eabi.lib</file>
         <name>int31.obj</name>
      </input_file>
      <input_file id="fl-4b">
         <path>C:\ti\ccsv5\tools\compiler\msp430_4.2.1\lib\</path>
         <kind>archive</kind>
         <file>rts430x_lc_sd_eabi.lib</file>
         <name>int32.obj</name>
      </input_file>
      <input_file id="fl-4c">
         <path>C:\ti\ccsv5\tools\compiler\msp430_4.2.1\lib\</path>
         <kind>archive</kind>
         <file>rts430x_lc_sd_eabi.lib</file>
         <name>int34.obj</name>
      </input_file>
      <input_file id="fl-4d">
         <path>C:\ti\ccsv5\tools\compiler\msp430_4.2.1\lib\</path>
         <kind>archive</kind>
         <file>rts430x_lc_sd_eabi.lib</file>
         <name>int35.obj</name>
      </input_file>
      <input_file id="fl-4e">
         <path>C:\ti\ccsv5\tools\compiler\msp430_4.2.1\lib\</path>
         <kind>archive</kind>
         <file>rts430x_lc_sd_eabi.lib</file>
         <name>int36.obj</name>
      </input_file>
      <input_file id="fl-4f">
         <path>C:\ti\ccsv5\tools\compiler\msp430_4.2.1\lib\</path>
         <kind>archive</kind>
         <file>rts430x_lc_sd_eabi.lib</file>
         <name>int37.obj</name>
      </input_file>
      <input_file id="fl-50">
         <path>C:\ti\ccsv5\tools\compiler\msp430_4.2.1\lib\</path>
         <kind>archive</kind>
         <file>rts430x_lc_sd_eabi.lib</file>
         <name>int38.obj</name>
      </input_file>
      <input_file id="fl-51">
         <path>C:\ti\ccsv5\tools\compiler\msp430_4.2.1\lib\</path>
         <kind>archive</kind>
         <file>rts430x_lc_sd_eabi.lib</file>
         <name>int39.obj</name>
      </input_file>
      <input_file id="fl-52">
         <path>C:\ti\ccsv5\tools\compiler\msp430_4.2.1\lib\</path>
         <kind>archive</kind>
         <file>rts430x_lc_sd_eabi.lib</file>
         <name>int40.obj</name>
      </input_file>
      <input_file id="fl-53">
         <path>C:\ti\ccsv5\tools\compiler\msp430_4.2.1\lib\</path>
         <kind>archive</kind>
         <file>rts430x_lc_sd_eabi.lib</file>
         <name>int41.obj</name>
      </input_file>
      <input_file id="fl-54">
         <path>C:\ti\ccsv5\tools\compiler\msp430_4.2.1\lib\</path>
         <kind>archive</kind>
         <file>rts430x_lc_sd_eabi.lib</file>
         <name>int42.obj</name>
      </input_file>
      <input_file id="fl-55">
         <path>C:\ti\ccsv5\tools\compiler\msp430_4.2.1\lib\</path>
         <kind>archive</kind>
         <file>rts430x_lc_sd_eabi.lib</file>
         <name>int43.obj</name>
      </input_file>
      <input_file id="fl-56">
         <path>C:\ti\ccsv5\tools\compiler\msp430_4.2.1\lib\</path>
         <kind>archive</kind>
         <file>rts430x_lc_sd_eabi.lib</file>
         <name>int44.obj</name>
      </input_file>
      <input_file id="fl-57">
         <path>C:\ti\ccsv5\tools\compiler\msp430_4.2.1\lib\</path>
         <kind>archive</kind>
         <file>rts430x_lc_sd_eabi.lib</file>
         <name>int46.obj</name>
      </input_file>
      <input_file id="fl-58">
         <path>C:\ti\ccsv5\tools\compiler\msp430_4.2.1\lib\</path>
         <kind>archive</kind>
         <file>rts430x_lc_sd_eabi.lib</file>
         <name>int48.obj</name>
      </input_file>
      <input_file id="fl-59">
         <path>C:\ti\ccsv5\tools\compiler\msp430_4.2.1\lib\</path>
         <kind>archive</kind>
         <file>rts430x_lc_sd_eabi.lib</file>
         <name>int49.obj</name>
      </input_file>
      <input_file id="fl-5a">
         <path>C:\ti\ccsv5\tools\compiler\msp430_4.2.1\lib\</path>
         <kind>archive</kind>
         <file>rts430x_lc_sd_eabi.lib</file>
         <name>int50.obj</name>
      </input_file>
      <input_file id="fl-5b">
         <path>C:\ti\ccsv5\tools\compiler\msp430_4.2.1\lib\</path>
         <kind>archive</kind>
         <file>rts430x_lc_sd_eabi.lib</file>
         <name>int52.obj</name>
      </input_file>
      <input_file id="fl-5c">
         <path>C:\ti\ccsv5\tools\compiler\msp430_4.2.1\lib\</path>
         <kind>archive</kind>
         <file>rts430x_lc_sd_eabi.lib</file>
         <name>int53.obj</name>
      </input_file>
      <input_file id="fl-5d">
         <path>C:\ti\ccsv5\tools\compiler\msp430_4.2.1\lib\</path>
         <kind>archive</kind>
         <file>rts430x_lc_sd_eabi.lib</file>
         <name>int54.obj</name>
      </input_file>
      <input_file id="fl-5e">
         <path>C:\ti\ccsv5\tools\compiler\msp430_4.2.1\lib\</path>
         <kind>archive</kind>
         <file>rts430x_lc_sd_eabi.lib</file>
         <name>isr_trap.obj</name>
      </input_file>
      <input_file id="fl-5f">
         <path>C:\ti\ccsv5\tools\compiler\msp430_4.2.1\lib\</path>
         <kind>archive</kind>
         <file>rts430x_lc_sd_eabi.lib</file>
         <name>memcmp.obj</name>
      </input_file>
      <input_file id="fl-60">
         <path>C:\ti\ccsv5\tools\compiler\msp430_4.2.1\lib\</path>
         <kind>archive</kind>
         <file>rts430x_lc_sd_eabi.lib</file>
         <name>memcpy.obj</name>
      </input_file>
      <input_file id="fl-61">
         <path>C:\ti\ccsv5\tools\compiler\msp430_4.2.1\lib\</path>
         <kind>archive</kind>
         <file>rts430x_lc_sd_eabi.lib</file>
         <name>memmov.obj</name>
      </input_file>
      <input_file id="fl-62">
         <path>C:\ti\ccsv5\tools\compiler\msp430_4.2.1\lib\</path>
         <kind>archive</kind>
         <file>rts430x_lc_sd_eabi.lib</file>
         <name>memset.obj</name>
      </input_file>
      <input_file id="fl-63">
         <path>C:\ti\ccsv5\tools\compiler\msp430_4.2.1\lib\</path>
         <kind>archive</kind>
         <file>rts430x_lc_sd_eabi.lib</file>
         <name>mult16_f5hw.obj</name>
      </input_file>
      <input_file id="fl-64">
         <path>C:\ti\ccsv5\tools\compiler\msp430_4.2.1\lib\</path>
         <kind>archive</kind>
         <file>rts430x_lc_sd_eabi.lib</file>
         <name>mult32_f5hw.obj</name>
      </input_file>
      <input_file id="fl-65">
         <path>C:\ti\ccsv5\tools\compiler\msp430_4.2.1\lib\</path>
         <kind>archive</kind>
         <file>rts430x_lc_sd_eabi.lib</file>
         <name>_lock.obj</name>
      </input_file>
      <input_file id="fl-66">
         <path>C:\ti\ccsv5\tools\compiler\msp430_4.2.1\lib\</path>
         <kind>archive</kind>
         <file>rts430x_lc_sd_eabi.lib</file>
         <name>args_main.obj</name>
      </input_file>
      <input_file id="fl-67">
         <path>C:\ti\ccsv5\tools\compiler\msp430_4.2.1\lib\</path>
         <kind>archive</kind>
         <file>rts430x_lc_sd_eabi.lib</file>
         <name>autoinit.obj</name>
      </input_file>
   </input_file_list>
   <object_component_list>
      <object_component id="oc-5fc">
         <name>.cinit..data.load</name>
         <load_address>0xc200</load_address>
         <run_address>0xc200</run_address>
         <size>0xe</size>
      </object_component>
      <object_component id="oc-5f9">
         <name>__TI_handler_table</name>
         <load_address>0xc20e</load_address>
         <run_address>0xc20e</run_address>
         <size>0xc</size>
      </object_component>
      <object_component id="oc-5fb">
         <name>.cinit..bss.load</name>
         <load_address>0xc21a</load_address>
         <run_address>0xc21a</run_address>
         <size>0x6</size>
      </object_component>
      <object_component id="oc-5fa">
         <name>__TI_cinit_table</name>
         <load_address>0xc220</load_address>
         <run_address>0xc220</run_address>
         <size>0x10</size>
      </object_component>
      <object_component id="oc-311">
         <name>.const:mrfiRadioCfg</name>
         <load_address>0xc230</load_address>
         <run_address>0xc230</run_address>
         <size>0x3c</size>
         <input_file_ref idref="fl-b"/>
      </object_component>
      <object_component id="oc-447">
         <name>.const:func</name>
         <load_address>0xc26c</load_address>
         <run_address>0xc26c</run_address>
         <size>0x18</size>
         <input_file_ref idref="fl-e"/>
      </object_component>
      <object_component id="oc-36d">
         <name>.const</name>
         <load_address>0xc284</load_address>
         <run_address>0xc284</run_address>
         <size>0x9</size>
         <input_file_ref idref="fl-d"/>
      </object_component>
      <object_component id="oc-2c1">
         <name>.const:.string:mrfiBroadcastAddr</name>
         <load_address>0xc28e</load_address>
         <run_address>0xc28e</run_address>
         <size>0x4</size>
         <input_file_ref idref="fl-c"/>
      </object_component>
      <object_component id="oc-464">
         <name>.const:.string:mrfiLogicalChanTable</name>
         <load_address>0xc292</load_address>
         <run_address>0xc292</run_address>
         <size>0x4</size>
         <input_file_ref idref="fl-c"/>
      </object_component>
      <object_component id="oc-46c">
         <name>.const:.string:mrfiRFPowerTable</name>
         <load_address>0xc296</load_address>
         <run_address>0xc296</run_address>
         <size>0x3</size>
         <input_file_ref idref="fl-c"/>
      </object_component>
      <object_component id="oc-24b">
         <name>.text:MRFI_Init</name>
         <load_address>0xc400</load_address>
         <run_address>0xc400</run_address>
         <size>0x1d4</size>
         <input_file_ref idref="fl-b"/>
      </object_component>
      <object_component id="oc-57d">
         <name>.text:smpl_send_link_reply</name>
         <load_address>0xc5d4</load_address>
         <run_address>0xc5d4</run_address>
         <size>0x196</size>
         <input_file_ref idref="fl-15"/>
      </object_component>
      <object_component id="oc-277">
         <name>.text:nwk_link</name>
         <load_address>0xc76a</load_address>
         <run_address>0xc76a</run_address>
         <size>0x156</size>
         <input_file_ref idref="fl-15"/>
      </object_component>
      <object_component id="oc-a3">
         <name>.text:_isr:USCI_I2C_ISR</name>
         <load_address>0xc8c0</load_address>
         <run_address>0xc8c0</run_address>
         <size>0x140</size>
         <input_file_ref idref="fl-6"/>
      </object_component>
      <object_component id="oc-27c">
         <name>.text:SMPL_Ioctl</name>
         <load_address>0xca00</load_address>
         <run_address>0xca00</run_address>
         <size>0x13c</size>
         <input_file_ref idref="fl-f"/>
      </object_component>
      <object_component id="oc-53a">
         <name>.text:nwk_QfindOldest</name>
         <load_address>0xcb3c</load_address>
         <run_address>0xcb3c</run_address>
         <size>0x124</size>
         <input_file_ref idref="fl-10"/>
      </object_component>
      <object_component id="oc-4e6">
         <name>.text:MRFI_Transmit</name>
         <load_address>0xcc60</load_address>
         <run_address>0xcc60</run_address>
         <size>0xfe</size>
         <input_file_ref idref="fl-b"/>
      </object_component>
      <object_component id="oc-29e">
         <name>.text:SMPL_SendOpt</name>
         <load_address>0xcd5e</load_address>
         <run_address>0xcd5e</run_address>
         <size>0xfe</size>
         <input_file_ref idref="fl-f"/>
      </object_component>
      <object_component id="oc-269">
         <name>.text:nwk_join</name>
         <load_address>0xce5c</load_address>
         <run_address>0xce5c</run_address>
         <size>0xf8</size>
         <input_file_ref idref="fl-16"/>
      </object_component>
      <object_component id="oc-14e">
         <name>.text:Mrfi_SyncPinRxIsr</name>
         <load_address>0xcf54</load_address>
         <run_address>0xcf54</run_address>
         <size>0xda</size>
         <input_file_ref idref="fl-b"/>
      </object_component>
      <object_component id="oc-d4">
         <name>.text:__TI_decompress_rle_core</name>
         <load_address>0xd02e</load_address>
         <run_address>0xd02e</run_address>
         <size>0xd8</size>
         <input_file_ref idref="fl-3f"/>
      </object_component>
      <object_component id="oc-3ba">
         <name>.text:nwk_allocateLocalRxPort</name>
         <load_address>0xd106</load_address>
         <run_address>0xd106</run_address>
         <size>0xd0</size>
         <input_file_ref idref="fl-11"/>
      </object_component>
      <object_component id="oc-13e">
         <name>.text:transmit_structure</name>
         <load_address>0xd1d6</load_address>
         <run_address>0xd1d6</run_address>
         <size>0xce</size>
         <input_file_ref idref="fl-1c"/>
      </object_component>
      <object_component id="oc-2d4">
         <name>.text:dispatchFrame</name>
         <load_address>0xd2a4</load_address>
         <run_address>0xd2a4</run_address>
         <size>0xae</size>
         <input_file_ref idref="fl-e"/>
      </object_component>
      <object_component id="oc-4d5">
         <name>.text:nwk_retrieveFrame</name>
         <load_address>0xd352</load_address>
         <run_address>0xd352</run_address>
         <size>0xa6</size>
         <input_file_ref idref="fl-e"/>
      </object_component>
      <object_component id="oc-3f5">
         <name>.text:nwk_radioControl</name>
         <load_address>0xd3f8</load_address>
         <run_address>0xd3f8</run_address>
         <size>0xa0</size>
         <input_file_ref idref="fl-17"/>
      </object_component>
      <object_component id="oc-515">
         <name>.text:nwk_sendAckReply</name>
         <load_address>0xd498</load_address>
         <run_address>0xd498</run_address>
         <size>0x9a</size>
         <input_file_ref idref="fl-e"/>
      </object_component>
      <object_component id="oc-415">
         <name>.text:nwk_buildFrame</name>
         <load_address>0xd532</load_address>
         <run_address>0xd532</run_address>
         <size>0x96</size>
         <input_file_ref idref="fl-e"/>
      </object_component>
      <object_component id="oc-449">
         <name>.text:nwk_isConnectionValid</name>
         <load_address>0xd5c8</load_address>
         <run_address>0xd5c8</run_address>
         <size>0x8e</size>
         <input_file_ref idref="fl-11"/>
      </object_component>
      <object_component id="oc-2ad">
         <name>.text:spiBurstFifoAccess</name>
         <load_address>0xd656</load_address>
         <run_address>0xd656</run_address>
         <size>0x8c</size>
         <input_file_ref idref="fl-a"/>
      </object_component>
      <object_component id="oc-250">
         <name>.text:nwk_nwkInit</name>
         <load_address>0xd6e2</load_address>
         <run_address>0xd6e2</run_address>
         <size>0x84</size>
         <input_file_ref idref="fl-11"/>
      </object_component>
      <object_component id="oc-2ca">
         <name>.text:nwk_QfindSlot</name>
         <load_address>0xd766</load_address>
         <run_address>0xd766</run_address>
         <size>0x7c</size>
         <input_file_ref idref="fl-10"/>
      </object_component>
      <object_component id="oc-187">
         <name>.text:init_magnetometer</name>
         <load_address>0xd7e2</load_address>
         <run_address>0xd7e2</run_address>
         <size>0x78</size>
         <input_file_ref idref="fl-7"/>
      </object_component>
      <object_component id="oc-ad">
         <name>.text:_auto_init</name>
         <load_address>0xd85a</load_address>
         <run_address>0xd85a</run_address>
         <size>0x70</size>
         <input_file_ref idref="fl-67"/>
      </object_component>
      <object_component id="oc-578">
         <name>.text:smpl_send_unlink_reply</name>
         <load_address>0xd8ca</load_address>
         <run_address>0xd8ca</run_address>
         <size>0x66</size>
         <input_file_ref idref="fl-15"/>
      </object_component>
      <object_component id="oc-182">
         <name>.text:init_accelerometer</name>
         <load_address>0xd930</load_address>
         <run_address>0xd930</run_address>
         <size>0x60</size>
         <input_file_ref idref="fl-8"/>
      </object_component>
      <object_component id="oc-255">
         <name>.text:MRFI_WakeUp</name>
         <load_address>0xd990</load_address>
         <run_address>0xd990</run_address>
         <size>0x58</size>
         <input_file_ref idref="fl-b"/>
      </object_component>
      <object_component id="oc-225">
         <name>.text</name>
         <load_address>0xd9e8</load_address>
         <run_address>0xd9e8</run_address>
         <size>0x58</size>
         <input_file_ref idref="fl-44"/>
      </object_component>
      <object_component id="oc-17d">
         <name>.text:I2C_Master_Init</name>
         <load_address>0xda40</load_address>
         <run_address>0xda40</run_address>
         <size>0x54</size>
         <input_file_ref idref="fl-6"/>
      </object_component>
      <object_component id="oc-134">
         <name>.text:read_accelerometer</name>
         <load_address>0xda94</load_address>
         <run_address>0xda94</run_address>
         <size>0x54</size>
         <input_file_ref idref="fl-8"/>
      </object_component>
      <object_component id="oc-12f">
         <name>.text:read_magnetometer</name>
         <load_address>0xdae8</load_address>
         <run_address>0xdae8</run_address>
         <size>0x54</size>
         <input_file_ref idref="fl-7"/>
      </object_component>
      <object_component id="oc-3fa">
         <name>.text:nwk_rawSend</name>
         <load_address>0xdb3c</load_address>
         <run_address>0xdb3c</run_address>
         <size>0x52</size>
         <input_file_ref idref="fl-17"/>
      </object_component>
      <object_component id="oc-1a4">
         <name>.text:I2C_Read_Packet_From_Sensor</name>
         <load_address>0xdb8e</load_address>
         <run_address>0xdb8e</run_address>
         <size>0x4e</size>
         <input_file_ref idref="fl-6"/>
      </object_component>
      <object_component id="oc-172">
         <name>.text:board_init</name>
         <load_address>0xdbdc</load_address>
         <run_address>0xdbdc</run_address>
         <size>0x4e</size>
         <input_file_ref idref="fl-5"/>
      </object_component>
      <object_component id="oc-2db">
         <name>.text:sw_spi_tx</name>
         <load_address>0xdc2a</load_address>
         <run_address>0xdc2a</run_address>
         <size>0x4c</size>
         <input_file_ref idref="fl-3"/>
      </object_component>
      <object_component id="oc-3b5">
         <name>.text:nwk_getNextConnection</name>
         <load_address>0xdc76</load_address>
         <run_address>0xdc76</run_address>
         <size>0x4a</size>
         <input_file_ref idref="fl-11"/>
      </object_component>
      <object_component id="oc-1dd">
         <name>.text:radio_tx</name>
         <load_address>0xdcc0</load_address>
         <run_address>0xdcc0</run_address>
         <size>0x48</size>
         <input_file_ref idref="fl-1a"/>
      </object_component>
      <object_component id="oc-1fb">
         <name>.text:MRFI_RxAddrIsFiltered</name>
         <load_address>0xdd08</load_address>
         <run_address>0xdd08</run_address>
         <size>0x46</size>
         <input_file_ref idref="fl-c"/>
      </object_component>
      <object_component id="oc-219">
         <name>.text</name>
         <load_address>0xdd4e</load_address>
         <run_address>0xdd4e</run_address>
         <size>0x46</size>
         <input_file_ref idref="fl-49"/>
      </object_component>
      <object_component id="oc-178">
         <name>.text:sensors_reset</name>
         <load_address>0xdd94</load_address>
         <run_address>0xdd94</run_address>
         <size>0x46</size>
         <input_file_ref idref="fl-5"/>
      </object_component>
      <object_component id="oc-4ce">
         <name>.text:MRFI_Rssi</name>
         <load_address>0xddda</load_address>
         <run_address>0xddda</run_address>
         <size>0x44</size>
         <input_file_ref idref="fl-b"/>
      </object_component>
      <object_component id="oc-20d">
         <name>.text:mrfiSpiCmdStrobe</name>
         <load_address>0xde1e</load_address>
         <run_address>0xde1e</run_address>
         <size>0x44</size>
         <input_file_ref idref="fl-a"/>
      </object_component>
      <object_component id="oc-572">
         <name>.text:smpl_send_ping_reply</name>
         <load_address>0xde62</load_address>
         <run_address>0xde62</run_address>
         <size>0x44</size>
         <input_file_ref idref="fl-13"/>
      </object_component>
      <object_component id="oc-233">
         <name>.text:I2C_Write_Packet_To_Sensor</name>
         <load_address>0xdea6</load_address>
         <run_address>0xdea6</run_address>
         <size>0x42</size>
         <input_file_ref idref="fl-6"/>
      </object_component>
      <object_component id="oc-588">
         <name>.text:nwk_findPeer</name>
         <load_address>0xdee8</load_address>
         <run_address>0xdee8</run_address>
         <size>0x42</size>
         <input_file_ref idref="fl-11"/>
      </object_component>
      <object_component id="oc-388">
         <name>.text:MRFI_ReplyDelay</name>
         <load_address>0xdf2a</load_address>
         <run_address>0xdf2a</run_address>
         <size>0x40</size>
         <input_file_ref idref="fl-b"/>
      </object_component>
      <object_component id="oc-c2">
         <name>.text:__memcpy_far</name>
         <load_address>0xdf6a</load_address>
         <run_address>0xdf6a</run_address>
         <size>0x40</size>
         <input_file_ref idref="fl-41"/>
      </object_component>
      <object_component id="oc-88">
         <name>.text:decompress:ZI:__TI_zero_init</name>
         <load_address>0xdfaa</load_address>
         <run_address>0xdfaa</run_address>
         <size>0x3e</size>
         <input_file_ref idref="fl-40"/>
      </object_component>
      <object_component id="oc-4b3">
         <name>.text:initializeConnection</name>
         <load_address>0xdfe8</load_address>
         <run_address>0xdfe8</run_address>
         <size>0x3e</size>
         <input_file_ref idref="fl-11"/>
      </object_component>
      <object_component id="oc-b2">
         <name>.text:main</name>
         <load_address>0xe026</load_address>
         <run_address>0xe026</run_address>
         <size>0x3e</size>
         <input_file_ref idref="fl-1b"/>
      </object_component>
      <object_component id="oc-2a7">
         <name>.text:spiRegAccess</name>
         <load_address>0xe064</load_address>
         <run_address>0xe064</run_address>
         <size>0x3e</size>
         <input_file_ref idref="fl-a"/>
      </object_component>
      <object_component id="oc-83">
         <name>.text:decompress:none:__TI_decompress_none</name>
         <load_address>0xe0a2</load_address>
         <run_address>0xe0a2</run_address>
         <size>0x3c</size>
         <input_file_ref idref="fl-3e"/>
      </object_component>
      <object_component id="oc-593">
         <name>.text:nwk_isLinkDuplicate</name>
         <load_address>0xe0de</load_address>
         <run_address>0xe0de</run_address>
         <size>0x3c</size>
         <input_file_ref idref="fl-11"/>
      </object_component>
      <object_component id="oc-379">
         <name>.text:nwk_putNumObjectIntoMsg</name>
         <load_address>0xe11a</load_address>
         <run_address>0xe11a</run_address>
         <size>0x3c</size>
         <input_file_ref idref="fl-11"/>
      </object_component>
      <object_component id="oc-54e">
         <name>.text:nwk_isValidReply</name>
         <load_address>0xe156</load_address>
         <run_address>0xe156</run_address>
         <size>0x3a</size>
         <input_file_ref idref="fl-11"/>
      </object_component>
      <object_component id="oc-50e">
         <name>.text:nwk_processMgmt</name>
         <load_address>0xe190</load_address>
         <run_address>0xe190</run_address>
         <size>0x3a</size>
         <input_file_ref idref="fl-14"/>
      </object_component>
      <object_component id="oc-243">
         <name>.text:os_usdelay_timer_init</name>
         <load_address>0xe1ca</load_address>
         <run_address>0xe1ca</run_address>
         <size>0x3a</size>
         <input_file_ref idref="fl-5"/>
      </object_component>
      <object_component id="oc-318">
         <name>.text:MRFI_SetRFPwr</name>
         <load_address>0xe204</load_address>
         <run_address>0xe204</run_address>
         <size>0x34</size>
         <input_file_ref idref="fl-c"/>
      </object_component>
      <object_component id="oc-25f">
         <name>.text:MRFI_SetRxAddrFilter</name>
         <load_address>0xe238</load_address>
         <run_address>0xe238</run_address>
         <size>0x34</size>
         <input_file_ref idref="fl-c"/>
      </object_component>
      <object_component id="oc-192">
         <name>.text:SMPL_Init</name>
         <load_address>0xe26c</load_address>
         <run_address>0xe26c</run_address>
         <size>0x34</size>
         <input_file_ref idref="fl-f"/>
      </object_component>
      <object_component id="oc-438">
         <name>.text:nwk_QadjustOrder</name>
         <load_address>0xe2a0</load_address>
         <run_address>0xe2a0</run_address>
         <size>0x34</size>
         <input_file_ref idref="fl-10"/>
      </object_component>
      <object_component id="oc-313">
         <name>.text:MRFI_SetLogicalChannel</name>
         <load_address>0xe2d4</load_address>
         <run_address>0xe2d4</run_address>
         <size>0x32</size>
         <input_file_ref idref="fl-c"/>
      </object_component>
      <object_component id="oc-3f0">
         <name>.text:nwk_deviceAddress</name>
         <load_address>0xe306</load_address>
         <run_address>0xe306</run_address>
         <size>0x32</size>
         <input_file_ref idref="fl-17"/>
      </object_component>
      <object_component id="oc-406">
         <name>.text:nwk_getConnInfo</name>
         <load_address>0xe338</load_address>
         <run_address>0xe338</run_address>
         <size>0x32</size>
         <input_file_ref idref="fl-11"/>
      </object_component>
      <object_component id="oc-352">
         <name>.text:nwk_linkInit</name>
         <load_address>0xe36a</load_address>
         <run_address>0xe36a</run_address>
         <size>0x32</size>
         <input_file_ref idref="fl-15"/>
      </object_component>
      <object_component id="oc-3ff">
         <name>.text:nwk_rawReceive</name>
         <load_address>0xe39c</load_address>
         <run_address>0xe39c</run_address>
         <size>0x30</size>
         <input_file_ref idref="fl-17"/>
      </object_component>
      <object_component id="oc-41a">
         <name>.text:nwk_sendFrame</name>
         <load_address>0xe3cc</load_address>
         <run_address>0xe3cc</run_address>
         <size>0x30</size>
         <input_file_ref idref="fl-e"/>
      </object_component>
      <object_component id="oc-201">
         <name>.text:Mrfi_CalculateRssi</name>
         <load_address>0xe3fc</load_address>
         <run_address>0xe3fc</run_address>
         <size>0x2e</size>
         <input_file_ref idref="fl-b"/>
      </object_component>
      <object_component id="oc-4a6">
         <name>.text:Mrfi_DelayUsecSem</name>
         <load_address>0xe42a</load_address>
         <run_address>0xe42a</run_address>
         <size>0x2c</size>
         <input_file_ref idref="fl-b"/>
      </object_component>
      <object_component id="oc-31d">
         <name>.text:Mrfi_RxModeOff</name>
         <load_address>0xe456</load_address>
         <run_address>0xe456</run_address>
         <size>0x2c</size>
         <input_file_ref idref="fl-b"/>
      </object_component>
      <object_component id="oc-559">
         <name>.text:handleLinkRequest</name>
         <load_address>0xe482</load_address>
         <run_address>0xe482</run_address>
         <size>0x2c</size>
         <input_file_ref idref="fl-15"/>
      </object_component>
      <object_component id="oc-197">
         <name>.text:linkTo</name>
         <load_address>0xe4ae</load_address>
         <run_address>0xe4ae</run_address>
         <size>0x2c</size>
         <input_file_ref idref="fl-1a"/>
      </object_component>
      <object_component id="oc-4dd">
         <name>.text:map_lid2idx</name>
         <load_address>0xe4da</load_address>
         <run_address>0xe4da</run_address>
         <size>0x2c</size>
         <input_file_ref idref="fl-11"/>
      </object_component>
      <object_component id="oc-2c5">
         <name>.text</name>
         <load_address>0xe506</load_address>
         <run_address>0xe506</run_address>
         <size>0x2c</size>
         <input_file_ref idref="fl-42"/>
      </object_component>
      <object_component id="oc-168">
         <name>.text:device_clk_init</name>
         <load_address>0xe532</load_address>
         <run_address>0xe532</run_address>
         <size>0x2a</size>
         <input_file_ref idref="fl-5"/>
      </object_component>
      <object_component id="oc-40b">
         <name>.text:nwk_checkConnInfo</name>
         <load_address>0xe55c</load_address>
         <run_address>0xe55c</run_address>
         <size>0x2a</size>
         <input_file_ref idref="fl-11"/>
      </object_component>
      <object_component id="oc-123">
         <name>.text:sensors_init</name>
         <load_address>0xe586</load_address>
         <run_address>0xe586</run_address>
         <size>0x2a</size>
         <input_file_ref idref="fl-1c"/>
      </object_component>
      <object_component id="oc-4f5">
         <name>.text:nwk_processPing</name>
         <load_address>0xe5b0</load_address>
         <run_address>0xe5b0</run_address>
         <size>0x28</size>
         <input_file_ref idref="fl-13"/>
      </object_component>
      <object_component id="oc-392">
         <name>.text:MRFI_Sleep</name>
         <load_address>0xe5d8</load_address>
         <run_address>0xe5d8</run_address>
         <size>0x26</size>
         <input_file_ref idref="fl-b"/>
      </object_component>
      <object_component id="oc-307">
         <name>.text:Mrfi_DelayUsec</name>
         <load_address>0xe5fe</load_address>
         <run_address>0xe5fe</run_address>
         <size>0x26</size>
         <input_file_ref idref="fl-b"/>
      </object_component>
      <object_component id="oc-302">
         <name>.text:mrfiSpiInit</name>
         <load_address>0xe624</load_address>
         <run_address>0xe624</run_address>
         <size>0x26</size>
         <input_file_ref idref="fl-a"/>
      </object_component>
      <object_component id="oc-3eb">
         <name>.text:nwk_connectionControl</name>
         <load_address>0xe64a</load_address>
         <run_address>0xe64a</run_address>
         <size>0x26</size>
         <input_file_ref idref="fl-17"/>
      </object_component>
      <object_component id="oc-32f">
         <name>.text:nwk_globalsInit</name>
         <load_address>0xe670</load_address>
         <run_address>0xe670</run_address>
         <size>0x26</size>
         <input_file_ref idref="fl-d"/>
      </object_component>
      <object_component id="oc-348">
         <name>.text:nwk_joinInit</name>
         <load_address>0xe696</load_address>
         <run_address>0xe696</run_address>
         <size>0x26</size>
         <input_file_ref idref="fl-16"/>
      </object_component>
      <object_component id="oc-4fa">
         <name>.text:nwk_processLink</name>
         <load_address>0xe6bc</load_address>
         <run_address>0xe6bc</run_address>
         <size>0x26</size>
         <input_file_ref idref="fl-15"/>
      </object_component>
      <object_component id="oc-546">
         <name>.text:Mrfi_RandomBackoffDelay</name>
         <load_address>0xe6e2</load_address>
         <run_address>0xe6e2</run_address>
         <size>0x24</size>
         <input_file_ref idref="fl-b"/>
      </object_component>
      <object_component id="oc-128">
         <name>.text:radio_init</name>
         <load_address>0xe706</load_address>
         <run_address>0xe706</run_address>
         <size>0x24</size>
         <input_file_ref idref="fl-1a"/>
      </object_component>
      <object_component id="oc-264">
         <name>.text:MRFI_EnableRxAddrFilter</name>
         <load_address>0xe72a</load_address>
         <run_address>0xe72a</run_address>
         <size>0x22</size>
         <input_file_ref idref="fl-c"/>
      </object_component>
      <object_component id="oc-383">
         <name>.text:MRFI_RxOn</name>
         <load_address>0xe74c</load_address>
         <run_address>0xe74c</run_address>
         <size>0x22</size>
         <input_file_ref idref="fl-b"/>
      </object_component>
      <object_component id="oc-442">
         <name>.text:memcmp</name>
         <load_address>0xe76e</load_address>
         <run_address>0xe76e</run_address>
         <size>0x22</size>
         <input_file_ref idref="fl-5f"/>
      </object_component>
      <object_component id="oc-410">
         <name>.text:nwk_buildAckReqFrame</name>
         <load_address>0xe790</load_address>
         <run_address>0xe790</run_address>
         <size>0x22</size>
         <input_file_ref idref="fl-e"/>
      </object_component>
      <object_component id="oc-326">
         <name>.text</name>
         <load_address>0xe7b2</load_address>
         <run_address>0xe7b2</run_address>
         <size>0x22</size>
         <input_file_ref idref="fl-64"/>
      </object_component>
      <object_component id="oc-208">
         <name>.text:MRFI_RxCompleteISR</name>
         <load_address>0xe7d4</load_address>
         <run_address>0xe7d4</run_address>
         <size>0x20</size>
         <input_file_ref idref="fl-e"/>
      </object_component>
      <object_component id="oc-38d">
         <name>.text:MRFI_RxIdle</name>
         <load_address>0xe7f4</load_address>
         <run_address>0xe7f4</run_address>
         <size>0x20</size>
         <input_file_ref idref="fl-b"/>
      </object_component>
      <object_component id="oc-49e">
         <name>.text:memmove</name>
         <load_address>0xe814</load_address>
         <run_address>0xe814</run_address>
         <size>0x20</size>
         <input_file_ref idref="fl-61"/>
      </object_component>
      <object_component id="oc-334">
         <name>.text:nwk_frameInit</name>
         <load_address>0xe834</load_address>
         <run_address>0xe834</run_address>
         <size>0x20</size>
         <input_file_ref idref="fl-e"/>
      </object_component>
      <object_component id="oc-4ff">
         <name>.text:nwk_processJoin</name>
         <load_address>0xe854</load_address>
         <run_address>0xe854</run_address>
         <size>0x20</size>
         <input_file_ref idref="fl-16"/>
      </object_component>
      <object_component id="oc-139">
         <name>.text:read_magnetometer_temperature</name>
         <load_address>0xe874</load_address>
         <run_address>0xe874</run_address>
         <size>0x20</size>
         <input_file_ref idref="fl-7"/>
      </object_component>
      <object_component id="oc-1e5">
         <name>.text:mrfiSpiReadReg</name>
         <load_address>0xe894</load_address>
         <run_address>0xe894</run_address>
         <size>0x1e</size>
         <input_file_ref idref="fl-a"/>
      </object_component>
      <object_component id="oc-339">
         <name>.text:nwk_QInit</name>
         <load_address>0xe8b2</load_address>
         <run_address>0xe8b2</run_address>
         <size>0x1e</size>
         <input_file_ref idref="fl-10"/>
      </object_component>
      <object_component id="oc-16d">
         <name>.text:os_timer_init</name>
         <load_address>0xe8d0</load_address>
         <run_address>0xe8d0</run_address>
         <size>0x1e</size>
         <input_file_ref idref="fl-5"/>
      </object_component>
      <object_component id="oc-e8">
         <name>.text:MRFI_GpioIsr</name>
         <load_address>0xe8ee</load_address>
         <run_address>0xe8ee</run_address>
         <size>0x1c</size>
         <input_file_ref idref="fl-b"/>
      </object_component>
      <object_component id="oc-99">
         <name>.text:_isr:PORT3_ISR</name>
         <load_address>0xe90a</load_address>
         <run_address>0xe90a</run_address>
         <size>0x1c</size>
         <input_file_ref idref="fl-5"/>
      </object_component>
      <object_component id="oc-4c8">
         <name>.text:nwk_setMyAddress</name>
         <load_address>0xe926</load_address>
         <run_address>0xe926</run_address>
         <size>0x1c</size>
         <input_file_ref idref="fl-d"/>
      </object_component>
      <object_component id="oc-79">
         <name>.text:_isr:_c_int00_noexit</name>
         <load_address>0xe942</load_address>
         <run_address>0xe942</run_address>
         <size>0x1a</size>
         <input_file_ref idref="fl-3d"/>
      </object_component>
      <object_component id="oc-30c">
         <name>.text:mrfiSpiWriteReg</name>
         <load_address>0xe95c</load_address>
         <run_address>0xe95c</run_address>
         <size>0x1a</size>
         <input_file_ref idref="fl-a"/>
      </object_component>
      <object_component id="oc-18d">
         <name>.text:MRFI_DelayMs</name>
         <load_address>0xe976</load_address>
         <run_address>0xe976</run_address>
         <size>0x18</size>
         <input_file_ref idref="fl-b"/>
      </object_component>
      <object_component id="oc-47c">
         <name>.text:MRFI_RandomByte</name>
         <load_address>0xe98e</load_address>
         <run_address>0xe98e</run_address>
         <size>0x16</size>
         <input_file_ref idref="fl-b"/>
      </object_component>
      <object_component id="oc-466">
         <name>.text:Mrfi_RxModeOn</name>
         <load_address>0xe9a4</load_address>
         <run_address>0xe9a4</run_address>
         <size>0x16</size>
         <input_file_ref idref="fl-b"/>
      </object_component>
      <object_component id="oc-430">
         <name>.text</name>
         <load_address>0xe9ba</load_address>
         <run_address>0xe9ba</run_address>
         <size>0x16</size>
         <input_file_ref idref="fl-43"/>
      </object_component>
      <object_component id="oc-2fa">
         <name>.text</name>
         <load_address>0xe9d0</load_address>
         <run_address>0xe9d0</run_address>
         <size>0x16</size>
         <input_file_ref idref="fl-63"/>
      </object_component>
      <object_component id="oc-3cd">
         <name>.text:ioctlPreInitAccessIsOK</name>
         <load_address>0xe9e6</load_address>
         <run_address>0xe9e6</run_address>
         <size>0x14</size>
         <input_file_ref idref="fl-f"/>
      </object_component>
      <object_component id="oc-1f1">
         <name>.text:memset</name>
         <load_address>0xe9fa</load_address>
         <run_address>0xe9fa</run_address>
         <size>0x14</size>
         <input_file_ref idref="fl-62"/>
      </object_component>
      <object_component id="oc-45a">
         <name>.text:sw_spi_init</name>
         <load_address>0xea0e</load_address>
         <run_address>0xea0e</run_address>
         <size>0x14</size>
         <input_file_ref idref="fl-3"/>
      </object_component>
      <object_component id="oc-11e">
         <name>.text:device_startup</name>
         <load_address>0xea22</load_address>
         <run_address>0xea22</run_address>
         <size>0x12</size>
         <input_file_ref idref="fl-5"/>
      </object_component>
      <object_component id="oc-361">
         <name>.text:memcpy</name>
         <load_address>0xea34</load_address>
         <run_address>0xea34</run_address>
         <size>0x12</size>
         <input_file_ref idref="fl-60"/>
      </object_component>
      <object_component id="oc-3d7">
         <name>.text:nwk_getJoinToken</name>
         <load_address>0xea46</load_address>
         <run_address>0xea46</run_address>
         <size>0x12</size>
         <input_file_ref idref="fl-16"/>
      </object_component>
      <object_component id="oc-3d2">
         <name>.text:nwk_getLinkToken</name>
         <load_address>0xea58</load_address>
         <run_address>0xea58</run_address>
         <size>0x12</size>
         <input_file_ref idref="fl-15"/>
      </object_component>
      <object_component id="oc-25a">
         <name>.text:nwk_getMyAddress</name>
         <load_address>0xea6a</load_address>
         <run_address>0xea6a</run_address>
         <size>0x12</size>
         <input_file_ref idref="fl-d"/>
      </object_component>
      <object_component id="oc-3dc">
         <name>.text:nwk_setJoinToken</name>
         <load_address>0xea7c</load_address>
         <run_address>0xea7c</run_address>
         <size>0x12</size>
         <input_file_ref idref="fl-16"/>
      </object_component>
      <object_component id="oc-397">
         <name>.text:nwk_setLinkToken</name>
         <load_address>0xea8e</load_address>
         <run_address>0xea8e</run_address>
         <size>0x12</size>
         <input_file_ref idref="fl-15"/>
      </object_component>
      <object_component id="oc-9e">
         <name>.text:_isr:OS_TIMER_ISR</name>
         <load_address>0xeaa0</load_address>
         <run_address>0xeaa0</run_address>
         <size>0x10</size>
         <input_file_ref idref="fl-5"/>
      </object_component>
      <object_component id="oc-a8">
         <name>.text:_system_pre_init</name>
         <load_address>0xeab0</load_address>
         <run_address>0xeab0</run_address>
         <size>0x10</size>
         <input_file_ref idref="fl-5"/>
      </object_component>
      <object_component id="oc-322">
         <name>.text:l_asr</name>
         <load_address>0xeac0</load_address>
         <run_address>0xeac0</run_address>
         <size>0x10</size>
         <input_file_ref idref="fl-3c"/>
      </object_component>
      <object_component id="oc-2cf">
         <name>.text:MRFI_Receive</name>
         <load_address>0xead0</load_address>
         <run_address>0xead0</run_address>
         <size>0xe</size>
         <input_file_ref idref="fl-b"/>
      </object_component>
      <object_component id="oc-8d">
         <name>.text:decompress:rle24:__TI_decompress_rle24</name>
         <load_address>0xeade</load_address>
         <run_address>0xeade</run_address>
         <size>0xe</size>
         <input_file_ref idref="fl-3f"/>
      </object_component>
      <object_component id="oc-541">
         <name>.text:mrfiSpiWriteTxFifo</name>
         <load_address>0xeaec</load_address>
         <run_address>0xeaec</run_address>
         <size>0xe</size>
         <input_file_ref idref="fl-a"/>
      </object_component>
      <object_component id="oc-58e">
         <name>.text:nwk_getNumObjectFromMsg</name>
         <load_address>0xeafa</load_address>
         <run_address>0xeafa</run_address>
         <size>0xe</size>
         <input_file_ref idref="fl-11"/>
      </object_component>
      <object_component id="oc-39c">
         <name>.text:nwk_setAPAddress</name>
         <load_address>0xeb08</load_address>
         <run_address>0xeb08</run_address>
         <size>0xe</size>
         <input_file_ref idref="fl-d"/>
      </object_component>
      <object_component id="oc-51a">
         <name>.text:MRFI_PostKillSem</name>
         <load_address>0xeb16</load_address>
         <run_address>0xeb16</run_address>
         <size>0xc</size>
         <input_file_ref idref="fl-b"/>
      </object_component>
      <object_component id="oc-bd">
         <name>.text:_isr:us_TIMER_ISR</name>
         <load_address>0xeb22</load_address>
         <run_address>0xeb22</run_address>
         <size>0xc</size>
         <input_file_ref idref="fl-5"/>
      </object_component>
      <object_component id="oc-553">
         <name>.text:handlePingRequest</name>
         <load_address>0xeb2e</load_address>
         <run_address>0xeb2e</run_address>
         <size>0xc</size>
         <input_file_ref idref="fl-13"/>
      </object_component>
      <object_component id="oc-1ea">
         <name>.text:mrfiSpiReadRxFifo</name>
         <load_address>0xeb3a</load_address>
         <run_address>0xeb3a</run_address>
         <size>0xc</size>
         <input_file_ref idref="fl-a"/>
      </object_component>
      <object_component id="oc-34d">
         <name>.text:nwk_mgmtInit</name>
         <load_address>0xeb46</load_address>
         <run_address>0xeb46</run_address>
         <size>0xa</size>
         <input_file_ref idref="fl-14"/>
      </object_component>
      <object_component id="oc-343">
         <name>.text:nwk_pingInit</name>
         <load_address>0xeb50</load_address>
         <run_address>0xeb50</run_address>
         <size>0xa</size>
         <input_file_ref idref="fl-13"/>
      </object_component>
      <object_component id="oc-fd">
         <name>.text:I2C_Interrupt_Disable</name>
         <load_address>0xeb5a</load_address>
         <run_address>0xeb5a</run_address>
         <size>0x8</size>
         <input_file_ref idref="fl-6"/>
      </object_component>
      <object_component id="oc-f8">
         <name>.text:I2C_Interrupt_Enable</name>
         <load_address>0xeb62</load_address>
         <run_address>0xeb62</run_address>
         <size>0x8</size>
         <input_file_ref idref="fl-6"/>
      </object_component>
      <object_component id="oc-19f">
         <name>.text:I2C_Set_Slave_Address</name>
         <load_address>0xeb6a</load_address>
         <run_address>0xeb6a</run_address>
         <size>0x8</size>
         <input_file_ref idref="fl-6"/>
      </object_component>
      <object_component id="oc-1bc">
         <name>.text:return_msb</name>
         <load_address>0xeb72</load_address>
         <run_address>0xeb72</run_address>
         <size>0x8</size>
         <input_file_ref idref="fl-1c"/>
      </object_component>
      <object_component id="oc-220">
         <name>.text:I2C_Disable</name>
         <load_address>0xeb7a</load_address>
         <run_address>0xeb7a</run_address>
         <size>0x6</size>
         <input_file_ref idref="fl-6"/>
      </object_component>
      <object_component id="oc-229">
         <name>.text:I2C_Enable</name>
         <load_address>0xeb80</load_address>
         <run_address>0xeb80</run_address>
         <size>0x6</size>
         <input_file_ref idref="fl-6"/>
      </object_component>
      <object_component id="oc-372">
         <name>.text:MRFI_GetRadioState</name>
         <load_address>0xeb86</load_address>
         <run_address>0xeb86</run_address>
         <size>0x6</size>
         <input_file_ref idref="fl-b"/>
      </object_component>
      <object_component id="oc-95">
         <name>.text:__TI_ISR_TRAP</name>
         <load_address>0xeb8c</load_address>
         <run_address>0xeb8c</run_address>
         <size>0x6</size>
         <input_file_ref idref="fl-5e"/>
      </object_component>
      <object_component id="oc-3bf">
         <name>.text:nwk_freeConnection</name>
         <load_address>0xeb92</load_address>
         <run_address>0xeb92</run_address>
         <size>0x6</size>
         <input_file_ref idref="fl-11"/>
      </object_component>
      <object_component id="oc-35c">
         <name>.text:nwk_getBCastAddress</name>
         <load_address>0xeb98</load_address>
         <run_address>0xeb98</run_address>
         <size>0x6</size>
         <input_file_ref idref="fl-d"/>
      </object_component>
      <object_component id="oc-3e1">
         <name>.text:nwk_getFWVersion</name>
         <load_address>0xeb9e</load_address>
         <run_address>0xeb9e</run_address>
         <size>0x6</size>
         <input_file_ref idref="fl-d"/>
      </object_component>
      <object_component id="oc-3c6">
         <name>.text:nwk_getMyRxType</name>
         <load_address>0xeba4</load_address>
         <run_address>0xeba4</run_address>
         <size>0x6</size>
         <input_file_ref idref="fl-e"/>
      </object_component>
      <object_component id="oc-37e">
         <name>.text:nwk_getProtocolVersion</name>
         <load_address>0xebaa</load_address>
         <run_address>0xebaa</run_address>
         <size>0x6</size>
         <input_file_ref idref="fl-d"/>
      </object_component>
      <object_component id="oc-2e0">
         <name>.text:sw_spi_rx</name>
         <load_address>0xebb0</load_address>
         <run_address>0xebb0</run_address>
         <size>0x6</size>
         <input_file_ref idref="fl-3"/>
      </object_component>
      <object_component id="oc-b7">
         <name>.text:abort</name>
         <load_address>0xebb6</load_address>
         <run_address>0xebb6</run_address>
         <size>0x4</size>
         <input_file_ref idref="fl-45"/>
      </object_component>
      <object_component id="oc-3e6">
         <name>.text:nwk_NVObj</name>
         <load_address>0xebba</load_address>
         <run_address>0xebba</run_address>
         <size>0x4</size>
         <input_file_ref idref="fl-11"/>
      </object_component>
      <object_component id="oc-509">
         <name>.text:nwk_processFreq</name>
         <load_address>0xebbe</load_address>
         <run_address>0xebbe</run_address>
         <size>0x4</size>
         <input_file_ref idref="fl-18"/>
      </object_component>
      <object_component id="oc-504">
         <name>.text:nwk_processSecurity</name>
         <load_address>0xebc2</load_address>
         <run_address>0xebc2</run_address>
         <size>0x4</size>
         <input_file_ref idref="fl-12"/>
      </object_component>
      <object_component id="oc-1b6">
         <name>.text:return_lsb</name>
         <load_address>0xebc6</load_address>
         <run_address>0xebc6</run_address>
         <size>0x4</size>
         <input_file_ref idref="fl-1c"/>
      </object_component>
      <object_component id="oc-33e">
         <name>.text:nwk_freqInit</name>
         <load_address>0xebca</load_address>
         <run_address>0xebca</run_address>
         <size>0x2</size>
         <input_file_ref idref="fl-18"/>
      </object_component>
      <object_component id="oc-357">
         <name>.text:nwk_securityInit</name>
         <load_address>0xebcc</load_address>
         <run_address>0xebcc</run_address>
         <size>0x2</size>
         <input_file_ref idref="fl-12"/>
      </object_component>
      <object_component id="oc-92">
         <name>.stack</name>
         <uninitialized>true</uninitialized>
         <run_address>0x1f60</run_address>
         <size>0x2</size>
         <input_file_ref idref="fl-3d"/>
      </object_component>
      <object_component id="oc-5fd">
         <name>.stack</name>
         <uninitialized>true</uninitialized>
         <run_address>0x1f60</run_address>
         <size>0x0</size>
      </object_component>
      <object_component id="oc-66">
         <name>.int31</name>
         <load_address>0xffce</load_address>
         <run_address>0xffce</run_address>
         <size>0x2</size>
         <input_file_ref idref="fl-4a"/>
      </object_component>
      <object_component id="oc-67">
         <name>.int32</name>
         <load_address>0xffd0</load_address>
         <run_address>0xffd0</run_address>
         <size>0x2</size>
         <input_file_ref idref="fl-4b"/>
      </object_component>
      <object_component id="oc-68">
         <name>.int33</name>
         <load_address>0xffd2</load_address>
         <run_address>0xffd2</run_address>
         <size>0x2</size>
         <input_file_ref idref="fl-5"/>
      </object_component>
      <object_component id="oc-69">
         <name>.int34</name>
         <load_address>0xffd4</load_address>
         <run_address>0xffd4</run_address>
         <size>0x2</size>
         <input_file_ref idref="fl-4c"/>
      </object_component>
      <object_component id="oc-6a">
         <name>.int35</name>
         <load_address>0xffd6</load_address>
         <run_address>0xffd6</run_address>
         <size>0x2</size>
         <input_file_ref idref="fl-4d"/>
      </object_component>
      <object_component id="oc-6b">
         <name>.int36</name>
         <load_address>0xffd8</load_address>
         <run_address>0xffd8</run_address>
         <size>0x2</size>
         <input_file_ref idref="fl-4e"/>
      </object_component>
      <object_component id="oc-6c">
         <name>.int37</name>
         <load_address>0xffda</load_address>
         <run_address>0xffda</run_address>
         <size>0x2</size>
         <input_file_ref idref="fl-4f"/>
      </object_component>
      <object_component id="oc-6d">
         <name>.int38</name>
         <load_address>0xffdc</load_address>
         <run_address>0xffdc</run_address>
         <size>0x2</size>
         <input_file_ref idref="fl-50"/>
      </object_component>
      <object_component id="oc-6e">
         <name>.int39</name>
         <load_address>0xffde</load_address>
         <run_address>0xffde</run_address>
         <size>0x2</size>
         <input_file_ref idref="fl-51"/>
      </object_component>
      <object_component id="oc-6f">
         <name>.int40</name>
         <load_address>0xffe0</load_address>
         <run_address>0xffe0</run_address>
         <size>0x2</size>
         <input_file_ref idref="fl-52"/>
      </object_component>
      <object_component id="oc-70">
         <name>.int41</name>
         <load_address>0xffe2</load_address>
         <run_address>0xffe2</run_address>
         <size>0x2</size>
         <input_file_ref idref="fl-53"/>
      </object_component>
      <object_component id="oc-71">
         <name>.int42</name>
         <load_address>0xffe4</load_address>
         <run_address>0xffe4</run_address>
         <size>0x2</size>
         <input_file_ref idref="fl-54"/>
      </object_component>
      <object_component id="oc-72">
         <name>.int43</name>
         <load_address>0xffe6</load_address>
         <run_address>0xffe6</run_address>
         <size>0x2</size>
         <input_file_ref idref="fl-55"/>
      </object_component>
      <object_component id="oc-73">
         <name>.int44</name>
         <load_address>0xffe8</load_address>
         <run_address>0xffe8</run_address>
         <size>0x2</size>
         <input_file_ref idref="fl-56"/>
      </object_component>
      <object_component id="oc-74">
         <name>.int45</name>
         <load_address>0xffea</load_address>
         <run_address>0xffea</run_address>
         <size>0x2</size>
         <input_file_ref idref="fl-5"/>
      </object_component>
      <object_component id="oc-75">
         <name>.int46</name>
         <load_address>0xffec</load_address>
         <run_address>0xffec</run_address>
         <size>0x2</size>
         <input_file_ref idref="fl-57"/>
      </object_component>
      <object_component id="oc-76">
         <name>.int47</name>
         <load_address>0xffee</load_address>
         <run_address>0xffee</run_address>
         <size>0x2</size>
         <input_file_ref idref="fl-6"/>
      </object_component>
      <object_component id="oc-77">
         <name>.int48</name>
         <load_address>0xfff0</load_address>
         <run_address>0xfff0</run_address>
         <size>0x2</size>
         <input_file_ref idref="fl-58"/>
      </object_component>
      <object_component id="oc-78">
         <name>.int49</name>
         <load_address>0xfff2</load_address>
         <run_address>0xfff2</run_address>
         <size>0x2</size>
         <input_file_ref idref="fl-59"/>
      </object_component>
      <object_component id="oc-7e">
         <name>.int50</name>
         <load_address>0xfff4</load_address>
         <run_address>0xfff4</run_address>
         <size>0x2</size>
         <input_file_ref idref="fl-5a"/>
      </object_component>
      <object_component id="oc-7f">
         <name>.int51</name>
         <load_address>0xfff6</load_address>
         <run_address>0xfff6</run_address>
         <size>0x2</size>
         <input_file_ref idref="fl-5"/>
      </object_component>
      <object_component id="oc-80">
         <name>.int52</name>
         <load_address>0xfff8</load_address>
         <run_address>0xfff8</run_address>
         <size>0x2</size>
         <input_file_ref idref="fl-5b"/>
      </object_component>
      <object_component id="oc-81">
         <name>.int53</name>
         <load_address>0xfffa</load_address>
         <run_address>0xfffa</run_address>
         <size>0x2</size>
         <input_file_ref idref="fl-5c"/>
      </object_component>
      <object_component id="oc-82">
         <name>.int54</name>
         <load_address>0xfffc</load_address>
         <run_address>0xfffc</run_address>
         <size>0x2</size>
         <input_file_ref idref="fl-5d"/>
      </object_component>
      <object_component id="oc-94">
         <name>.reset</name>
         <load_address>0xfffe</load_address>
         <run_address>0xfffe</run_address>
         <size>0x2</size>
         <input_file_ref idref="fl-3d"/>
      </object_component>
      <object_component id="oc-119">
         <name>.TI.noinit</name>
         <uninitialized>true</uninitialized>
         <run_address>0x1cbe</run_address>
         <size>0x2</size>
         <input_file_ref idref="fl-5"/>
      </object_component>
      <object_component id="oc-457">
         <name>.common:spi_received_data</name>
         <uninitialized>true</uninitialized>
         <run_address>0x1cb9</run_address>
         <size>0x1</size>
      </object_component>
      <object_component id="oc-2f1">
         <name>.common:tx_packet_length</name>
         <uninitialized>true</uninitialized>
         <run_address>0x1cbc</run_address>
         <size>0x1</size>
      </object_component>
      <object_component id="oc-2f2">
         <name>.common:tx_packet_data</name>
         <uninitialized>true</uninitialized>
         <run_address>0x1cb4</run_address>
         <size>0x2</size>
      </object_component>
      <object_component id="oc-283">
         <name>.common:rx_packet_length</name>
         <uninitialized>true</uninitialized>
         <run_address>0x1cb8</run_address>
         <size>0x1</size>
      </object_component>
      <object_component id="oc-284">
         <name>.common:rx_packet_data</name>
         <uninitialized>true</uninitialized>
         <run_address>0x1cb0</run_address>
         <size>0x2</size>
      </object_component>
      <object_component id="oc-2f4">
         <name>.common:receive_flag</name>
         <uninitialized>true</uninitialized>
         <run_address>0x1cb6</run_address>
         <size>0x1</size>
      </object_component>
      <object_component id="oc-2f8">
         <name>.common:transmit_flag</name>
         <uninitialized>true</uninitialized>
         <run_address>0x1cba</run_address>
         <size>0x1</size>
      </object_component>
      <object_component id="oc-2f6">
         <name>.common:rx_byte_ctr</name>
         <uninitialized>true</uninitialized>
         <run_address>0x1cb7</run_address>
         <size>0x1</size>
      </object_component>
      <object_component id="oc-2f5">
         <name>.common:tx_byte_ctr</name>
         <uninitialized>true</uninitialized>
         <run_address>0x1cbb</run_address>
         <size>0x1</size>
      </object_component>
      <object_component id="oc-43e">
         <name>.common:mrfiIncomingPacket</name>
         <uninitialized>true</uninitialized>
         <run_address>0x1c48</run_address>
         <size>0x22</size>
      </object_component>
      <object_component id="oc-4af">
         <name>.common:sAPAddress</name>
         <uninitialized>true</uninitialized>
         <run_address>0x1ca8</run_address>
         <size>0x4</size>
      </object_component>
      <object_component id="oc-537">
         <name>.common:sMyRAMAddress</name>
         <uninitialized>true</uninitialized>
         <run_address>0x1cac</run_address>
         <size>0x4</size>
      </object_component>
      <object_component id="oc-56d">
         <name>.common:sInFrameQ</name>
         <uninitialized>true</uninitialized>
         <run_address>0x1c00</run_address>
         <size>0x24</size>
      </object_component>
      <object_component id="oc-483">
         <name>.common:sOutFrameQ</name>
         <uninitialized>true</uninitialized>
         <run_address>0x1c24</run_address>
         <size>0x24</size>
      </object_component>
      <object_component id="oc-598">
         <name>.common:sServiceLinkID</name>
         <uninitialized>true</uninitialized>
         <run_address>0x1cb2</run_address>
         <size>0x2</size>
      </object_component>
      <object_component id="oc-1da">
         <name>.common:data</name>
         <uninitialized>true</uninitialized>
         <run_address>0x1c6a</run_address>
         <size>0x1e</size>
      </object_component>
      <object_component id="oc-1dc">
         <name>.common:radio_tx_buffer</name>
         <uninitialized>true</uninitialized>
         <run_address>0x1c88</run_address>
         <size>0x10</size>
      </object_component>
      <object_component id="oc-241">
         <name>.common:sensors_tx_buffer</name>
         <uninitialized>true</uninitialized>
         <run_address>0x1c98</run_address>
         <size>0x10</size>
      </object_component>
      <object_component id="oc-ee">
         <name>.data</name>
         <load_address>0x1d0c</load_address>
         <run_address>0x1d0c</run_address>
         <size>0x5</size>
         <input_file_ref idref="fl-5"/>
      </object_component>
      <object_component id="oc-12d">
         <name>.data</name>
         <load_address>0x1cde</load_address>
         <run_address>0x1cde</run_address>
         <size>0xa</size>
         <input_file_ref idref="fl-1b"/>
      </object_component>
      <object_component id="oc-1e3">
         <name>.data</name>
         <load_address>0x1cfc</load_address>
         <run_address>0x1cfc</run_address>
         <size>0x8</size>
         <input_file_ref idref="fl-b"/>
      </object_component>
      <object_component id="oc-249">
         <name>.data</name>
         <load_address>0x1d0b</load_address>
         <run_address>0x1d0b</run_address>
         <size>0x1</size>
         <input_file_ref idref="fl-f"/>
      </object_component>
      <object_component id="oc-275">
         <name>.data</name>
         <load_address>0x1cdd</load_address>
         <run_address>0x1cdd</run_address>
         <size>0x1</size>
         <input_file_ref idref="fl-1a"/>
      </object_component>
      <object_component id="oc-2bd">
         <name>.data</name>
         <load_address>0x1cfb</load_address>
         <run_address>0x1cfb</run_address>
         <size>0x1</size>
         <input_file_ref idref="fl-c"/>
      </object_component>
      <object_component id="oc-2bf">
         <name>.data:mrfiRxFilterAddr</name>
         <load_address>0x1d12</load_address>
         <run_address>0x1d12</run_address>
         <size>0x4</size>
         <input_file_ref idref="fl-c"/>
      </object_component>
      <object_component id="oc-32d">
         <name>.data</name>
         <load_address>0x1cc0</load_address>
         <run_address>0x1cc0</run_address>
         <size>0x1d</size>
         <input_file_ref idref="fl-11"/>
      </object_component>
      <object_component id="oc-369">
         <name>.data</name>
         <load_address>0x1d11</load_address>
         <run_address>0x1d11</run_address>
         <size>0x1</size>
         <input_file_ref idref="fl-d"/>
      </object_component>
      <object_component id="oc-377">
         <name>.data</name>
         <load_address>0x1cf2</load_address>
         <run_address>0x1cf2</run_address>
         <size>0x9</size>
         <input_file_ref idref="fl-16"/>
      </object_component>
      <object_component id="oc-3c4">
         <name>.data</name>
         <load_address>0x1d04</load_address>
         <run_address>0x1d04</run_address>
         <size>0x7</size>
         <input_file_ref idref="fl-15"/>
      </object_component>
      <object_component id="oc-440">
         <name>.data</name>
         <load_address>0x1ce8</load_address>
         <run_address>0x1ce8</run_address>
         <size>0xa</size>
         <input_file_ref idref="fl-e"/>
      </object_component>
      <object_component id="oc-486">
         <name>.data</name>
         <load_address>0x1d19</load_address>
         <run_address>0x1d19</run_address>
         <size>0x1</size>
         <input_file_ref idref="fl-13"/>
      </object_component>
      <object_component id="oc-48a">
         <name>.data</name>
         <load_address>0x1d16</load_address>
         <run_address>0x1d16</run_address>
         <size>0x3</size>
         <input_file_ref idref="fl-14"/>
      </object_component>
      <object_component id="oc-7a">
         <name>.debug_info</name>
         <load_address>0x0</load_address>
         <run_address>0x0</run_address>
         <size>0x125</size>
         <input_file_ref idref="fl-3d"/>
      </object_component>
      <object_component id="oc-86">
         <name>.debug_info</name>
         <load_address>0x125</load_address>
         <run_address>0x125</run_address>
         <size>0x1b4</size>
         <input_file_ref idref="fl-3e"/>
      </object_component>
      <object_component id="oc-89">
         <name>.debug_info</name>
         <load_address>0x2d9</load_address>
         <run_address>0x2d9</run_address>
         <size>0x183</size>
         <input_file_ref idref="fl-40"/>
      </object_component>
      <object_component id="oc-8e">
         <name>.debug_info</name>
         <load_address>0x45c</load_address>
         <run_address>0x45c</run_address>
         <size>0x1a7</size>
         <input_file_ref idref="fl-3f"/>
      </object_component>
      <object_component id="oc-93">
         <name>.debug_info</name>
         <load_address>0x603</load_address>
         <run_address>0x603</run_address>
         <size>0xaa</size>
         <input_file_ref idref="fl-3d"/>
      </object_component>
      <object_component id="oc-98">
         <name>.debug_info</name>
         <load_address>0x6ad</load_address>
         <run_address>0x6ad</run_address>
         <size>0xc2</size>
         <input_file_ref idref="fl-5e"/>
      </object_component>
      <object_component id="oc-9a">
         <name>.debug_info</name>
         <load_address>0x76f</load_address>
         <run_address>0x76f</run_address>
         <size>0x12c</size>
         <input_file_ref idref="fl-5"/>
      </object_component>
      <object_component id="oc-9f">
         <name>.debug_info</name>
         <load_address>0x89b</load_address>
         <run_address>0x89b</run_address>
         <size>0x11f</size>
         <input_file_ref idref="fl-5"/>
      </object_component>
      <object_component id="oc-a4">
         <name>.debug_info</name>
         <load_address>0x9ba</load_address>
         <run_address>0x9ba</run_address>
         <size>0x1c0</size>
         <input_file_ref idref="fl-6"/>
      </object_component>
      <object_component id="oc-a9">
         <name>.debug_info</name>
         <load_address>0xb7a</load_address>
         <run_address>0xb7a</run_address>
         <size>0x12a</size>
         <input_file_ref idref="fl-5"/>
      </object_component>
      <object_component id="oc-b0">
         <name>.debug_info</name>
         <load_address>0xca4</load_address>
         <run_address>0xca4</run_address>
         <size>0x176</size>
         <input_file_ref idref="fl-67"/>
      </object_component>
      <object_component id="oc-b3">
         <name>.debug_info</name>
         <load_address>0xe1a</load_address>
         <run_address>0xe1a</run_address>
         <size>0x1b8</size>
         <input_file_ref idref="fl-1b"/>
      </object_component>
      <object_component id="oc-b8">
         <name>.debug_info</name>
         <load_address>0xfd2</load_address>
         <run_address>0xfd2</run_address>
         <size>0xcc</size>
         <input_file_ref idref="fl-45"/>
      </object_component>
      <object_component id="oc-be">
         <name>.debug_info</name>
         <load_address>0x109e</load_address>
         <run_address>0x109e</run_address>
         <size>0x11f</size>
         <input_file_ref idref="fl-5"/>
      </object_component>
      <object_component id="oc-c3">
         <name>.debug_info</name>
         <load_address>0x11bd</load_address>
         <run_address>0x11bd</run_address>
         <size>0xcd</size>
         <input_file_ref idref="fl-41"/>
      </object_component>
      <object_component id="oc-c7">
         <name>.debug_info</name>
         <load_address>0x128a</load_address>
         <run_address>0x128a</run_address>
         <size>0x46</size>
         <input_file_ref idref="fl-3e"/>
      </object_component>
      <object_component id="oc-cc">
         <name>.debug_info</name>
         <load_address>0x12d0</load_address>
         <run_address>0x12d0</run_address>
         <size>0x184</size>
         <input_file_ref idref="fl-3e"/>
      </object_component>
      <object_component id="oc-ce">
         <name>.debug_info</name>
         <load_address>0x1454</load_address>
         <run_address>0x1454</run_address>
         <size>0x46</size>
         <input_file_ref idref="fl-40"/>
      </object_component>
      <object_component id="oc-d3">
         <name>.debug_info</name>
         <load_address>0x149a</load_address>
         <run_address>0x149a</run_address>
         <size>0x17f</size>
         <input_file_ref idref="fl-40"/>
      </object_component>
      <object_component id="oc-d5">
         <name>.debug_info</name>
         <load_address>0x1619</load_address>
         <run_address>0x1619</run_address>
         <size>0x266</size>
         <input_file_ref idref="fl-3f"/>
      </object_component>
      <object_component id="oc-da">
         <name>.debug_info</name>
         <load_address>0x187f</load_address>
         <run_address>0x187f</run_address>
         <size>0x189</size>
         <input_file_ref idref="fl-3f"/>
      </object_component>
      <object_component id="oc-db">
         <name>.debug_info</name>
         <load_address>0x1a08</load_address>
         <run_address>0x1a08</run_address>
         <size>0x39</size>
         <input_file_ref idref="fl-3f"/>
      </object_component>
      <object_component id="oc-e2">
         <name>.debug_info</name>
         <load_address>0x1a41</load_address>
         <run_address>0x1a41</run_address>
         <size>0x84</size>
         <input_file_ref idref="fl-2"/>
      </object_component>
      <object_component id="oc-ea">
         <name>.debug_info</name>
         <load_address>0x1ac5</load_address>
         <run_address>0x1ac5</run_address>
         <size>0x193</size>
         <input_file_ref idref="fl-b"/>
      </object_component>
      <object_component id="oc-ef">
         <name>.debug_info</name>
         <load_address>0x1c58</load_address>
         <run_address>0x1c58</run_address>
         <size>0x115</size>
         <input_file_ref idref="fl-5"/>
      </object_component>
      <object_component id="oc-f2">
         <name>.debug_info</name>
         <load_address>0x1d6d</load_address>
         <run_address>0x1d6d</run_address>
         <size>0x51e</size>
         <input_file_ref idref="fl-6"/>
      </object_component>
      <object_component id="oc-f9">
[...]
      <symbol id="sm-9b7">
         <name>read_magnetometer</name>
         <value>0xdae8</value>
         <object_component_ref idref="oc-12f"/>
      </symbol>
      <symbol id="sm-9b8">
         <name>read_magnetometer_temperature</name>
         <value>0xe874</value>
         <object_component_ref idref="oc-139"/>
      </symbol>
      <symbol id="sm-9b9">
         <name>init_accelerometer</name>
         <value>0xd930</value>
         <object_component_ref idref="oc-182"/>
      </symbol>
      <symbol id="sm-9ba">
         <name>read_accelerometer</name>
         <value>0xda94</value>
         <object_component_ref idref="oc-134"/>
      </symbol>
      <symbol id="sm-9bb">
         <name>mrfiSpiCmdStrobe</name>
         <value>0xde1e</value>
         <object_component_ref idref="oc-20d"/>
      </symbol>
      <symbol id="sm-9bc">
         <name>mrfiSpiReadReg</name>
         <value>0xe894</value>
         <object_component_ref idref="oc-1e5"/>
      </symbol>
      <symbol id="sm-9bd">
         <name>mrfiSpiReadRxFifo</name>
         <value>0xeb3a</value>
         <object_component_ref idref="oc-1ea"/>
      </symbol>
      <symbol id="sm-9be">
         <name>mrfiSpiWriteReg</name>
         <value>0xe95c</value>
         <object_component_ref idref="oc-30c"/>
      </symbol>
      <symbol id="sm-9bf">
         <name>mrfiSpiWriteTxFifo</name>
         <value>0xeaec</value>
         <object_component_ref idref="oc-541"/>
      </symbol>
      <symbol id="sm-9c0">
         <name>mrfiSpiInit</name>
         <value>0xe624</value>
         <object_component_ref idref="oc-302"/>
      </symbol>
      <symbol id="sm-9c1">
         <name>MRFI_Sleep</name>
         <value>0xe5d8</value>
         <object_component_ref idref="oc-392"/>
      </symbol>
      <symbol id="sm-9c2">
         <name>MRFI_PostKillSem</name>
         <value>0xeb16</value>
         <object_component_ref idref="oc-51a"/>
      </symbol>
      <symbol id="sm-9c3">
         <name>MRFI_Rssi</name>
         <value>0xddda</value>
         <object_component_ref idref="oc-4ce"/>
      </symbol>
      <symbol id="sm-9c4">
         <name>MRFI_Init</name>
         <value>0xc400</value>
         <object_component_ref idref="oc-24b"/>
      </symbol>
      <symbol id="sm-9c5">
         <name>MRFI_RandomByte</name>
         <value>0xe98e</value>
         <object_component_ref idref="oc-47c"/>
      </symbol>
      <symbol id="sm-9c6">
         <name>MRFI_RxOn</name>
         <value>0xe74c</value>
         <object_component_ref idref="oc-383"/>
      </symbol>
      <symbol id="sm-9c7">
         <name>MRFI_GpioIsr</name>
         <value>0xe8ee</value>
         <object_component_ref idref="oc-e8"/>
      </symbol>
      <symbol id="sm-9c8">
         <name>MRFI_ReplyDelay</name>
         <value>0xdf2a</value>
         <object_component_ref idref="oc-388"/>
      </symbol>
      <symbol id="sm-9c9">
         <name>MRFI_WakeUp</name>
         <value>0xd990</value>
         <object_component_ref idref="oc-255"/>
      </symbol>
      <symbol id="sm-9ca">
         <name>MRFI_Transmit</name>
         <value>0xcc60</value>
         <object_component_ref idref="oc-4e6"/>
      </symbol>
      <symbol id="sm-9cb">
         <name>MRFI_RxIdle</name>
         <value>0xe7f4</value>
         <object_component_ref idref="oc-38d"/>
      </symbol>
      <symbol id="sm-9cc">
         <name>MRFI_GetRadioState</name>
         <value>0xeb86</value>
         <object_component_ref idref="oc-372"/>
      </symbol>
      <symbol id="sm-9cd">
         <name>MRFI_DelayMs</name>
         <value>0xe976</value>
         <object_component_ref idref="oc-18d"/>
      </symbol>
      <symbol id="sm-9ce">
         <name>Mrfi_RxModeOn</name>
         <value>0xe9a4</value>
         <object_component_ref idref="oc-466"/>
      </symbol>
      <symbol id="sm-9cf">
         <name>MRFI_Receive</name>
         <value>0xead0</value>
         <object_component_ref idref="oc-2cf"/>
      </symbol>
      <symbol id="sm-9d0">
         <name>Mrfi_RxModeOff</name>
         <value>0xe456</value>
         <object_component_ref idref="oc-31d"/>
      </symbol>
      <symbol id="sm-9d1">
         <name>MRFI_SetLogicalChannel</name>
         <value>0xe2d4</value>
         <object_component_ref idref="oc-313"/>
      </symbol>
      <symbol id="sm-9d2">
         <name>MRFI_RxAddrIsFiltered</name>
         <value>0xdd08</value>
         <object_component_ref idref="oc-1fb"/>
      </symbol>
      <symbol id="sm-9d3">
         <name>MRFI_SetRxAddrFilter</name>
         <value>0xe238</value>
         <object_component_ref idref="oc-25f"/>
      </symbol>
      <symbol id="sm-9d4">
         <name>mrfiBroadcastAddr</name>
         <value>0xc28e</value>
         <object_component_ref idref="oc-2c1"/>
      </symbol>
      <symbol id="sm-9d5">
         <name>MRFI_EnableRxAddrFilter</name>
         <value>0xe72a</value>
         <object_component_ref idref="oc-264"/>
      </symbol>
      <symbol id="sm-9d6">
         <name>MRFI_SetRFPwr</name>
         <value>0xe204</value>
         <object_component_ref idref="oc-318"/>
      </symbol>
      <symbol id="sm-9d7">
         <name>nwk_getProtocolVersion</name>
         <value>0xebaa</value>
         <object_component_ref idref="oc-37e"/>
      </symbol>
      <symbol id="sm-9d8">
         <name>nwk_getFWVersion</name>
         <value>0xeb9e</value>
         <object_component_ref idref="oc-3e1"/>
      </symbol>
      <symbol id="sm-9d9">
         <name>nwk_globalsInit</name>
         <value>0xe670</value>
         <object_component_ref idref="oc-32f"/>
      </symbol>
      <symbol id="sm-9da">
         <name>nwk_setAPAddress</name>
         <value>0xeb08</value>
         <object_component_ref idref="oc-39c"/>
      </symbol>
      <symbol id="sm-9db">
         <name>nwk_setMyAddress</name>
         <value>0xe926</value>
         <object_component_ref idref="oc-4c8"/>
      </symbol>
      <symbol id="sm-9dc">
         <name>nwk_getBCastAddress</name>
         <value>0xeb98</value>
         <object_component_ref idref="oc-35c"/>
      </symbol>
      <symbol id="sm-9dd">
         <name>nwk_getMyAddress</name>
         <value>0xea6a</value>
         <object_component_ref idref="oc-25a"/>
      </symbol>
      <symbol id="sm-9de">
         <name>nwk_buildFrame</name>
         <value>0xd532</value>
         <object_component_ref idref="oc-415"/>
      </symbol>
      <symbol id="sm-9df">
         <name>nwk_sendFrame</name>
         <value>0xe3cc</value>
         <object_component_ref idref="oc-41a"/>
      </symbol>
      <symbol id="sm-9e0">
         <name>nwk_getMyRxType</name>
         <value>0xeba4</value>
         <object_component_ref idref="oc-3c6"/>
      </symbol>
      <symbol id="sm-9e1">
         <name>nwk_buildAckReqFrame</name>
         <value>0xe790</value>
         <object_component_ref idref="oc-410"/>
      </symbol>
      <symbol id="sm-9e2">
         <name>nwk_frameInit</name>
         <value>0xe834</value>
         <object_component_ref idref="oc-334"/>
      </symbol>
      <symbol id="sm-9e3">
         <name>nwk_retrieveFrame</name>
         <value>0xd352</value>
         <object_component_ref idref="oc-4d5"/>
      </symbol>
      <symbol id="sm-9e4">
         <name>nwk_sendAckReply</name>
         <value>0xd498</value>
         <object_component_ref idref="oc-515"/>
      </symbol>
      <symbol id="sm-9e5">
         <name>MRFI_RxCompleteISR</name>
         <value>0xe7d4</value>
         <object_component_ref idref="oc-208"/>
      </symbol>
      <symbol id="sm-9e6">
         <name>SMPL_Init</name>
         <value>0xe26c</value>
         <object_component_ref idref="oc-192"/>
      </symbol>
      <symbol id="sm-9e7">
         <name>SMPL_SendOpt</name>
         <value>0xcd5e</value>
         <object_component_ref idref="oc-29e"/>
      </symbol>
      <symbol id="sm-9e8">
         <name>SMPL_Ioctl</name>
         <value>0xca00</value>
         <object_component_ref idref="oc-27c"/>
      </symbol>
      <symbol id="sm-9e9">
         <name>nwk_QadjustOrder</name>
         <value>0xe2a0</value>
         <object_component_ref idref="oc-438"/>
      </symbol>
      <symbol id="sm-9ea">
         <name>nwk_QfindSlot</name>
         <value>0xd766</value>
         <object_component_ref idref="oc-2ca"/>
      </symbol>
      <symbol id="sm-9eb">
         <name>nwk_QInit</name>
         <value>0xe8b2</value>
         <object_component_ref idref="oc-339"/>
      </symbol>
      <symbol id="sm-9ec">
         <name>nwk_QfindOldest</name>
         <value>0xcb3c</value>
         <object_component_ref idref="oc-53a"/>
      </symbol>
      <symbol id="sm-9ed">
         <name>nwk_getNextConnection</name>
         <value>0xdc76</value>
         <object_component_ref idref="oc-3b5"/>
      </symbol>
      <symbol id="sm-9ee">
         <name>nwk_findPeer</name>
         <value>0xdee8</value>
         <object_component_ref idref="oc-588"/>
      </symbol>
      <symbol id="sm-9ef">
         <name>nwk_freeConnection</name>
         <value>0xeb92</value>
         <object_component_ref idref="oc-3bf"/>
      </symbol>
      <symbol id="sm-9f0">
         <name>nwk_checkConnInfo</name>
         <value>0xe55c</value>
         <object_component_ref idref="oc-40b"/>
      </symbol>
      <symbol id="sm-9f1">
         <name>nwk_isLinkDuplicate</name>
         <value>0xe0de</value>
         <object_component_ref idref="oc-593"/>
      </symbol>
      <symbol id="sm-9f2">
         <name>nwk_isConnectionValid</name>
         <value>0xd5c8</value>
         <object_component_ref idref="oc-449"/>
      </symbol>
      <symbol id="sm-9f3">
         <name>nwk_NVObj</name>
         <value>0xebba</value>
         <object_component_ref idref="oc-3e6"/>
      </symbol>
      <symbol id="sm-9f4">
         <name>nwk_isValidReply</name>
         <value>0xe156</value>
         <object_component_ref idref="oc-54e"/>
      </symbol>
      <symbol id="sm-9f5">
         <name>nwk_putNumObjectIntoMsg</name>
         <value>0xe11a</value>
         <object_component_ref idref="oc-379"/>
      </symbol>
      <symbol id="sm-9f6">
         <name>nwk_allocateLocalRxPort</name>
         <value>0xd106</value>
         <object_component_ref idref="oc-3ba"/>
      </symbol>
      <symbol id="sm-9f7">
         <name>nwk_nwkInit</name>
         <value>0xd6e2</value>
         <object_component_ref idref="oc-250"/>
      </symbol>
      <symbol id="sm-9f8">
         <name>nwk_getConnInfo</name>
         <value>0xe338</value>
         <object_component_ref idref="oc-406"/>
      </symbol>
      <symbol id="sm-9f9">
         <name>nwk_getNumObjectFromMsg</name>
         <value>0xeafa</value>
         <object_component_ref idref="oc-58e"/>
      </symbol>
      <symbol id="sm-9fa">
         <name>nwk_securityInit</name>
         <value>0xebcc</value>
         <object_component_ref idref="oc-357"/>
      </symbol>
      <symbol id="sm-9fb">
         <name>nwk_processSecurity</name>
         <value>0xebc2</value>
         <object_component_ref idref="oc-504"/>
      </symbol>
      <symbol id="sm-9fc">
         <name>nwk_processPing</name>
         <value>0xe5b0</value>
         <object_component_ref idref="oc-4f5"/>
      </symbol>
      <symbol id="sm-9fd">
         <name>nwk_pingInit</name>
         <value>0xeb50</value>
         <object_component_ref idref="oc-343"/>
      </symbol>
      <symbol id="sm-9fe">
         <name>nwk_mgmtInit</name>
         <value>0xeb46</value>
         <object_component_ref idref="oc-34d"/>
      </symbol>
      <symbol id="sm-9ff">
         <name>nwk_processMgmt</name>
         <value>0xe190</value>
         <object_component_ref idref="oc-50e"/>
      </symbol>
      <symbol id="sm-a00">
         <name>nwk_linkInit</name>
         <value>0xe36a</value>
         <object_component_ref idref="oc-352"/>
      </symbol>
      <symbol id="sm-a01">
         <name>nwk_setLinkToken</name>
         <value>0xea8e</value>
         <object_component_ref idref="oc-397"/>
      </symbol>
      <symbol id="sm-a02">
         <name>nwk_link</name>
         <value>0xc76a</value>
         <object_component_ref idref="oc-277"/>
      </symbol>
      <symbol id="sm-a03">
         <name>nwk_getLinkToken</name>
         <value>0xea58</value>
         <object_component_ref idref="oc-3d2"/>
      </symbol>
      <symbol id="sm-a04">
         <name>nwk_processLink</name>
         <value>0xe6bc</value>
         <object_component_ref idref="oc-4fa"/>
      </symbol>
      <symbol id="sm-a05">
         <name>nwk_getJoinToken</name>
         <value>0xea46</value>
         <object_component_ref idref="oc-3d7"/>
      </symbol>
      <symbol id="sm-a06">
         <name>nwk_processJoin</name>
         <value>0xe854</value>
         <object_component_ref idref="oc-4ff"/>
      </symbol>
      <symbol id="sm-a07">
         <name>nwk_setJoinToken</name>
         <value>0xea7c</value>
         <object_component_ref idref="oc-3dc"/>
      </symbol>
      <symbol id="sm-a08">
         <name>nwk_joinInit</name>
         <value>0xe696</value>
         <object_component_ref idref="oc-348"/>
      </symbol>
      <symbol id="sm-a09">
         <name>nwk_join</name>
         <value>0xce5c</value>
         <object_component_ref idref="oc-269"/>
      </symbol>
      <symbol id="sm-a0a">
         <name>nwk_radioControl</name>
         <value>0xd3f8</value>
         <object_component_ref idref="oc-3f5"/>
      </symbol>
      <symbol id="sm-a0b">
         <name>nwk_rawSend</name>
         <value>0xdb3c</value>
         <object_component_ref idref="oc-3fa"/>
      </symbol>
      <symbol id="sm-a0c">
         <name>nwk_rawReceive</name>
         <value>0xe39c</value>
         <object_component_ref idref="oc-3ff"/>
      </symbol>
      <symbol id="sm-a0d">
         <name>nwk_connectionControl</name>
         <value>0xe64a</value>
         <object_component_ref idref="oc-3eb"/>
      </symbol>
      <symbol id="sm-a0e">
         <name>nwk_deviceAddress</name>
         <value>0xe306</value>
         <object_component_ref idref="oc-3f0"/>
      </symbol>
      <symbol id="sm-a0f">
         <name>nwk_freqInit</name>
         <value>0xebca</value>
         <object_component_ref idref="oc-33e"/>
      </symbol>
      <symbol id="sm-a10">
         <name>nwk_processFreq</name>
         <value>0xebbe</value>
         <object_component_ref idref="oc-509"/>
      </symbol>
      <symbol id="sm-a11">
         <name>radio_init</name>
         <value>0xe706</value>
         <object_component_ref idref="oc-128"/>
      </symbol>
      <symbol id="sm-a12">
         <name>radio_tx</name>
         <value>0xdcc0</value>
         <object_component_ref idref="oc-1dd"/>
      </symbol>
      <symbol id="sm-a13">
         <name>main</name>
         <value>0xe026</value>
         <object_component_ref idref="oc-b2"/>
      </symbol>
      <symbol id="sm-a14">
         <name>return_lsb</name>
         <value>0xebc6</value>
         <object_component_ref idref="oc-1b6"/>
      </symbol>
      <symbol id="sm-a15">
         <name>transmit_structure</name>
         <value>0xd1d6</value>
         <object_component_ref idref="oc-13e"/>
      </symbol>
      <symbol id="sm-a16">
         <name>return_msb</name>
         <value>0xeb72</value>
         <object_component_ref idref="oc-1bc"/>
      </symbol>
      <symbol id="sm-a17">
         <name>sensors_init</name>
         <value>0xe586</value>
         <object_component_ref idref="oc-123"/>
      </symbol>
      <symbol id="sm-a18">
         <name>__mspabi_sral</name>
         <value>0xeac0</value>
         <object_component_ref idref="oc-322"/>
      </symbol>
      <symbol id="sm-a19">
         <name>_c_int00_noexit</name>
         <value>0xe942</value>
         <object_component_ref idref="oc-79"/>
      </symbol>
      <symbol id="sm-a1a">
         <name>_c_int00</name>
         <value>0xe942</value>
         <object_component_ref idref="oc-79"/>
      </symbol>
      <symbol id="sm-a1b">
         <name>__TI_decompress_none</name>
         <value>0xe0a2</value>
         <object_component_ref idref="oc-83"/>
      </symbol>
      <symbol id="sm-a1c">
         <name>__TI_decompress_rle24</name>
         <value>0xeade</value>
         <object_component_ref idref="oc-8d"/>
      </symbol>
      <symbol id="sm-a1d">
         <name>__TI_zero_init</name>
         <value>0xdfaa</value>
         <object_component_ref idref="oc-88"/>
      </symbol>
      <symbol id="sm-a1e">
         <name>__memcpy_far</name>
         <value>0xdf6a</value>
         <object_component_ref idref="oc-c2"/>
      </symbol>
      <symbol id="sm-a1f">
         <name>__mspabi_remi</name>
         <value>0xe506</value>
         <object_component_ref idref="oc-2c5"/>
      </symbol>
      <symbol id="sm-a20">
         <name>__mspabi_divi</name>
         <value>0xe506</value>
         <object_component_ref idref="oc-2c5"/>
      </symbol>
      <symbol id="sm-a21">
         <name>__mspabi_remu</name>
         <value>0xe9ba</value>
         <object_component_ref idref="oc-430"/>
      </symbol>
      <symbol id="sm-a22">
         <name>__mspabi_divu</name>
         <value>0xe9ba</value>
         <object_component_ref idref="oc-430"/>
      </symbol>
      <symbol id="sm-a23">
         <name>__mspabi_remul</name>
         <value>0xd9e8</value>
         <object_component_ref idref="oc-225"/>
      </symbol>
      <symbol id="sm-a24">
         <name>__mspabi_divul</name>
         <value>0xd9e8</value>
         <object_component_ref idref="oc-225"/>
      </symbol>
      <symbol id="sm-a25">
         <name>C$$EXIT</name>
         <value>0xebb6</value>
         <object_component_ref idref="oc-b7"/>
      </symbol>
      <symbol id="sm-a26">
         <name>abort</name>
         <value>0xebb6</value>
         <object_component_ref idref="oc-b7"/>
      </symbol>
      <symbol id="sm-a27">
         <name>__TI_exit</name>
         <value>0x1</value>
      </symbol>
      <symbol id="sm-a28">
         <name>__mspabi_fixfu</name>
         <value>0xdd4e</value>
         <object_component_ref idref="oc-219"/>
      </symbol>
      <symbol id="sm-a29">
         <name>__TI_ISR_TRAP</name>
         <value>0xeb8c</value>
         <object_component_ref idref="oc-95"/>
      </symbol>
      <symbol id="sm-a2a">
         <name>memcmp</name>
         <value>0xe76e</value>
         <object_component_ref idref="oc-442"/>
      </symbol>
      <symbol id="sm-a2b">
         <name>memcpy</name>
         <value>0xea34</value>
         <object_component_ref idref="oc-361"/>
      </symbol>
      <symbol id="sm-a2c">
         <name>memmove</name>
         <value>0xe814</value>
         <object_component_ref idref="oc-49e"/>
      </symbol>
      <symbol id="sm-a2d">
         <name>memset</name>
         <value>0xe9fa</value>
         <object_component_ref idref="oc-1f1"/>
      </symbol>
      <symbol id="sm-a2e">
         <name>__mspabi_mpyi_f5hw</name>
         <value>0xe9d0</value>
         <object_component_ref idref="oc-2fa"/>
      </symbol>
      <symbol id="sm-a2f">
         <name>__mspabi_mpyl_f5hw</name>
         <value>0xe7b2</value>
         <object_component_ref idref="oc-326"/>
      </symbol>
      <symbol id="sm-a30">
         <name>__TI_args_main</name>
         <value>0x1</value>
      </symbol>
      <symbol id="sm-a31">
         <name>__TI_INITARRAY_Base</name>
         <value>0x0</value>
      </symbol>
      <symbol id="sm-a32">
         <name>_auto_init</name>
         <value>0xd85a</value>
         <object_component_ref idref="oc-ad"/>
      </symbol>
      <symbol id="sm-a33">
         <name>__TI_INITARRAY_Limit</name>
         <value>0x0</value>
      </symbol>
      <symbol id="sm-a36">
         <name>SMPL_Link</name>
         <value>0xc76a</value>
      </symbol>
      <symbol id="sm-a37">
         <name>BSP_DELAY_USECS</name>
         <value>0xe1ca</value>
      </symbol>
   </symbol_table>
   <title>Link successful</title>
</link_info>
